[cross-model:opt-125m] evaluating D:\工作内容\AI竞赛\logs\execution\diag_gate_wrapper.py
[execution] Linear calibration: 72 layer/role states
[L-R2] rank2 reachable=1 vtu_cross_max=2.794e-09
[L-R2] rank2 reachable=1 vtu_cross_max=6.170e-09
[L-R2] rank2 reachable=1 vtu_cross_max=5.588e-09
[L-R2] rank2 reachable=1 vtu_cross_max=3.725e-09
[L-R2] rank2 reachable=1 vtu_cross_max=3.725e-09
[L-R2] rank2 reachable=1 vtu_cross_max=1.490e-08
[L-R2] rank2 reachable=1 vtu_cross_max=7.451e-09
[L-R2] rank2 reachable=1 vtu_cross_max=7.451e-09
[L-R2] rank2 reachable=1 vtu_cross_max=6.519e-09
[L-R2] rank2 reachable=1 vtu_cross_max=3.725e-09
[L-R2] rank2 reachable=1 vtu_cross_max=9.313e-09
[L-R2] rank2 reachable=1 vtu_cross_max=7.451e-09
[L-R2] rank2 reachable=1 vtu_cross_max=8.382e-09
[L-R2] rank2 reachable=1 vtu_cross_max=2.328e-09
[L-R2] rank2 reachable=1 vtu_cross_max=9.313e-09
[L-R2] rank2 reachable=1 vtu_cross_max=4.657e-09
[L-R2] rank2 reachable=1 vtu_cross_max=5.588e-09
[L-R2] rank2 reachable=1 vtu_cross_max=1.257e-08
[L-R2] rank2 reachable=1 vtu_cross_max=6.519e-09
[L-R2] rank2 reachable=1 vtu_cross_max=2.794e-09
[L-R2] rank2 reachable=1 vtu_cross_max=7.451e-09
[L-R2] rank2 reachable=1 vtu_cross_max=4.191e-09
[L-R2] rank2 reachable=1 vtu_cross_max=6.519e-09
[L-R2] rank2 reachable=1 vtu_cross_max=1.863e-08
[L-R2] rank2 reachable=1 vtu_cross_max=1.118e-08
[L-R2] rank2 reachable=1 vtu_cross_max=1.863e-09
[L-R2] rank2 reachable=1 vtu_cross_max=5.588e-09
[L-R2] rank2 reachable=1 vtu_cross_max=5.588e-09
[L-R2] rank2 reachable=1 vtu_cross_max=4.191e-09
[L-R2] rank2 reachable=1 vtu_cross_max=3.027e-09
[L-R2] rank2 reachable=1 vtu_cross_max=3.725e-09
[L-R2] rank2 reachable=1 vtu_cross_max=1.048e-09
[L-R2] rank2 reachable=1 vtu_cross_max=7.451e-09
[L-R2] rank2 reachable=1 vtu_cross_max=1.211e-08
[L-R2] rank2 reachable=1 vtu_cross_max=3.725e-09
[L-R2] rank2 reachable=1 vtu_cross_max=5.122e-09
[L-R2] rank2 reachable=1 vtu_cross_max=4.424e-09
[L-R2] rank2 reachable=1 vtu_cross_max=7.916e-09
[L-R2] rank2 reachable=1 vtu_cross_max=3.725e-09
[L-R2] rank2 reachable=1 vtu_cross_max=7.451e-09
[L-R2] rank2 reachable=1 vtu_cross_max=6.054e-09
[L-R2] rank2 reachable=1 vtu_cross_max=3.725e-09
[L-R2] rank2 reachable=1 vtu_cross_max=3.958e-09
[L-R2] rank2 reachable=1 vtu_cross_max=7.451e-09
[L-R2] rank2 reachable=1 vtu_cross_max=1.863e-09
[L-R2] rank2 reachable=1 vtu_cross_max=3.725e-09
[L-R2] rank2 reachable=1 vtu_cross_max=8.382e-09
[L-R2] rank2 reachable=1 vtu_cross_max=9.313e-09
[L-R2] rank2 reachable=1 vtu_cross_max=1.863e-09
[L-R2] rank2 reachable=1 vtu_cross_max=5.588e-09
[L-R2] rank2 reachable=1 vtu_cross_max=4.657e-09
[L-R2] rank2 reachable=1 vtu_cross_max=2.794e-09
[L-R2] rank2 reachable=1 vtu_cross_max=6.519e-09
[L-R2] rank2 reachable=1 vtu_cross_max=1.863e-09
[L-R2] rank2 reachable=1 vtu_cross_max=6.519e-09
[L-R2] rank2 reachable=1 vtu_cross_max=7.451e-09
[L-R2] rank2 reachable=1 vtu_cross_max=1.164e-09
[L-R2] rank2 reachable=1 vtu_cross_max=1.304e-08
[L-R2] rank2 reachable=1 vtu_cross_max=1.490e-08
[L-R2] rank2 reachable=1 vtu_cross_max=2.095e-09
[L-R2] rank2 reachable=1 vtu_cross_max=5.588e-09
[L-R2] rank2 reachable=1 vtu_cross_max=3.725e-09
[L-R2] rank2 reachable=1 vtu_cross_max=2.794e-09
[L-R2] rank2 reachable=1 vtu_cross_max=4.657e-09
[L-R2] rank2 reachable=1 vtu_cross_max=2.794e-09
[L-R2] rank2 reachable=1 vtu_cross_max=1.863e-09
[L-R2] rank2 reachable=1 vtu_cross_max=1.024e-08
[L-R2] rank2 reachable=1 vtu_cross_max=6.054e-09
[L-R2] rank2 reachable=1 vtu_cross_max=7.451e-09
[L-R2] rank2 reachable=1 vtu_cross_max=3.725e-09
[L-R2] rank2 reachable=1 vtu_cross_max=9.313e-09
[L-R2] rank2 reachable=1 vtu_cross_max=6.985e-10
[execution] Attention calibration: 12 layer states
[execution] Linear scoring: 72 cases
[execution] Attention scoring: 60 cases
[DIAG] === gate firing audit ===
[DIAG] _a1_gate_passes: calls=24 accept=9 rate=0.375
[DIAG] _candidate_is_safe: calls=596 accept=523 rate=0.878
[DIAG] _candidate_is_safe[mmi=0.001]: calls=14 accept=14 rate=1.000
[DIAG] _candidate_is_safe[mmi=0.005]: calls=184 accept=129 rate=0.701
[DIAG] _candidate_is_safe[mmi=0.01]: calls=303 accept=294 rate=0.970
[DIAG] _candidate_is_safe[mmi=0.02]: calls=95 accept=86 rate=0.905
[DIAG] _fit_attention_pair_matrix_smooth: calls=12 accept=12 rate=1.000
[DIAG] dense_to_hif4 total=19452 gptq=72 deployed_mse=48
[DIAG] dense[plain]: 15660
[DIAG] dense[refine r=0.387983 b=32768]: 48
[DIAG] dense[refine r=0.489583 b=32768]: 48
[DIAG] dense[refine r=0.5 b=24576]: 360
[DIAG] dense[refine r=0.725242 b=32768]: 48
[DIAG] dense[refine r=0.743357 b=32768]: 48
[DIAG] dense[refine r=0.754378 b=32768]: 48
[DIAG] dense[refine r=0.834541 b=32768]: 12
[DIAG] dense[refine r=0.870169 b=32768]: 12
[DIAG] dense[refine r=0.903382 b=32768]: 48
[DIAG] dense[refine r=0.911987 b=32768]: 48
[DIAG] dense[refine r=0.919233 b=32768]: 48
[DIAG] dense[refine r=0.926178 b=32768]: 48
[DIAG] dense[refine r=0.927838 b=32768]: 48
[DIAG] dense[refine r=0.93433 b=32768]: 48
[DIAG] dense[refine r=0.93599 b=32768]: 12
[DIAG] dense[refine r=0.941576 b=32768]: 48
[DIAG] dense[refine r=0.944444 b=32768]: 12
[DIAG] dense[refine r=0.945652 b=32768]: 12
[DIAG] dense[refine r=0.950483 b=32768]: 12
[DIAG] dense[refine r=0.957126 b=32768]: 12
[DIAG] dense[refine r=0.961353 b=32768]: 12
[DIAG] dense[refine r=0.963164 b=32768]: 12
[DIAG] dense[refine r=0.963768 b=32768]: 12
[DIAG] dense[refine r=0.969203 b=32768]: 12
[DIAG] dense[refine r=0.982488 b=32768]: 24
[DIAG] dense[refine r=0.983092 b=32768]: 132
[DIAG] dense[refine r=0.983696 b=32768]: 96
[DIAG] dense[refine r=0.9843 b=32768]: 120
[DIAG] dense[refine r=0.984903 b=32768]: 24
[DIAG] dense[refine r=0.986111 b=32768]: 12
[DIAG] dense[refine r=0.986715 b=32768]: 24
[DIAG] dense[refine r=0.987923 b=32768]: 12
[DIAG] dense[refine r=0.989734 b=32768]: 24
[DIAG] dense[refine r=0.990338 b=32768]: 24
[DIAG] dense[refine r=0.990942 b=32768]: 24
[DIAG] dense[refine r=0.991546 b=32768]: 24
[DIAG] dense[refine r=0.995773 b=32768]: 12
[DIAG] dense[refine r=0.996377 b=32768]: 12
[DIAG] dense[refine r=0.996981 b=32768]: 12
[DIAG] dense[refine r=0.997585 b=32768]: 12
[DIAG] dense[refine r=0.998723 b=24576]: 24
[DIAG] dense[refine r=0.99984 b=24576]: 12
[DIAG] dense[refine r=1 b=16384]: 348
[DIAG] dense[refine r=1 b=24576]: 456
[DIAG] dense[refine r=1 b=65536]: 1296
