[cross-model:gpt2] evaluating D:\工作内容\AI竞赛\logs\execution\diag_gate_wrapper.py
[execution] Linear calibration: 72 layer/role states
[L-R2] rank2 reachable=1 vtu_cross_max=2.794e-09
[L-R2] rank2 reachable=1 vtu_cross_max=1.863e-09
[L-R2] rank2 reachable=1 vtu_cross_max=5.588e-09
[L-R2] rank2 reachable=1 vtu_cross_max=3.725e-09
[L-R2] rank2 reachable=1 vtu_cross_max=3.725e-09
[L-R2] rank2 reachable=1 vtu_cross_max=5.122e-09
[L-R2] rank2 reachable=1 vtu_cross_max=3.725e-09
[L-R2] rank2 reachable=1 vtu_cross_max=1.490e-08
[L-R2] rank2 reachable=1 vtu_cross_max=7.451e-09
[L-R2] rank2 reachable=1 vtu_cross_max=2.328e-09
[L-R2] rank2 reachable=1 vtu_cross_max=3.260e-09
[L-R2] rank2 reachable=1 vtu_cross_max=5.588e-09
[L-R2] rank2 reachable=1 vtu_cross_max=1.676e-08
[L-R2] rank2 reachable=1 vtu_cross_max=3.725e-09
[L-R2] rank2 reachable=1 vtu_cross_max=5.588e-09
[L-R2] rank2 reachable=1 vtu_cross_max=4.191e-09
[L-R2] rank2 reachable=1 vtu_cross_max=6.985e-09
[L-R2] rank2 reachable=1 vtu_cross_max=2.794e-09
[L-R2] rank2 reachable=1 vtu_cross_max=1.071e-08
[L-R2] rank2 reachable=1 vtu_cross_max=6.054e-09
[L-R2] rank2 reachable=1 vtu_cross_max=7.451e-09
[L-R2] rank2 reachable=1 vtu_cross_max=1.863e-09
[L-R2] rank2 reachable=1 vtu_cross_max=3.725e-09
[L-R2] rank2 reachable=1 vtu_cross_max=5.588e-09
[L-R2] rank2 reachable=1 vtu_cross_max=1.863e-09
[L-R2] rank2 reachable=1 vtu_cross_max=5.588e-09
[L-R2] rank2 reachable=1 vtu_cross_max=5.588e-09
[L-R2] rank2 reachable=1 vtu_cross_max=5.355e-09
[L-R2] rank2 reachable=1 vtu_cross_max=7.451e-09
[L-R2] rank2 reachable=1 vtu_cross_max=3.492e-09
[L-R2] rank2 reachable=1 vtu_cross_max=5.588e-09
[L-R2] rank2 reachable=1 vtu_cross_max=6.519e-09
[L-R2] rank2 reachable=1 vtu_cross_max=3.725e-09
[L-R2] rank2 reachable=1 vtu_cross_max=2.794e-09
[L-R2] rank2 reachable=1 vtu_cross_max=3.725e-09
[L-R2] rank2 reachable=1 vtu_cross_max=1.746e-09
[L-R2] rank2 reachable=1 vtu_cross_max=1.001e-08
[L-R2] rank2 reachable=1 vtu_cross_max=2.328e-09
[L-R2] rank2 reachable=1 vtu_cross_max=9.313e-09
[L-R2] rank2 reachable=1 vtu_cross_max=6.985e-09
[L-R2] rank2 reachable=1 vtu_cross_max=8.382e-09
[L-R2] rank2 reachable=1 vtu_cross_max=6.519e-09
[L-R2] rank2 reachable=1 vtu_cross_max=2.794e-09
[L-R2] rank2 reachable=1 vtu_cross_max=4.191e-09
[L-R2] rank2 reachable=1 vtu_cross_max=1.304e-08
[L-R2] rank2 reachable=1 vtu_cross_max=3.027e-09
[L-R2] rank2 reachable=1 vtu_cross_max=3.725e-09
[L-R2] rank2 reachable=1 vtu_cross_max=1.118e-08
[L-R2] rank2 reachable=1 vtu_cross_max=9.313e-09
[L-R2] rank2 reachable=1 vtu_cross_max=7.451e-09
[L-R2] rank2 reachable=1 vtu_cross_max=6.519e-09
[L-R2] rank2 reachable=1 vtu_cross_max=3.725e-09
[L-R2] rank2 reachable=1 vtu_cross_max=4.424e-09
[L-R2] rank2 reachable=1 vtu_cross_max=4.191e-09
[L-R2] rank2 reachable=1 vtu_cross_max=4.657e-09
[L-R2] rank2 reachable=1 vtu_cross_max=4.191e-09
[L-R2] rank2 reachable=1 vtu_cross_max=4.657e-09
[L-R2] rank2 reachable=1 vtu_cross_max=6.519e-09
[L-R2] rank2 reachable=1 vtu_cross_max=4.191e-09
[L-R2] rank2 reachable=1 vtu_cross_max=8.382e-09
[L-R2] rank2 reachable=1 vtu_cross_max=8.382e-09
[L-R2] rank2 reachable=1 vtu_cross_max=9.779e-09
[L-R2] rank2 reachable=1 vtu_cross_max=2.095e-09
[L-R2] rank2 reachable=1 vtu_cross_max=5.588e-09
[L-R2] rank2 reachable=1 vtu_cross_max=7.451e-09
[L-R2] rank2 reachable=1 vtu_cross_max=9.313e-10
[L-R2] rank2 reachable=1 vtu_cross_max=7.451e-09
[L-R2] rank2 reachable=1 vtu_cross_max=7.334e-09
[L-R2] rank2 reachable=1 vtu_cross_max=2.794e-09
[L-R2] rank2 reachable=1 vtu_cross_max=5.588e-09
[L-R2] rank2 reachable=1 vtu_cross_max=4.657e-09
[L-R2] rank2 reachable=1 vtu_cross_max=4.657e-09
[execution] Attention calibration: 12 layer states
[execution] Linear scoring: 72 cases
[execution] Attention scoring: 60 cases
[DIAG] === gate firing audit ===
[DIAG] _a1_gate_passes: calls=24 accept=11 rate=0.458
[DIAG] _candidate_is_safe: calls=583 accept=470 rate=0.806
[DIAG] _candidate_is_safe[mmi=0.001]: calls=26 accept=23 rate=0.885
[DIAG] _candidate_is_safe[mmi=0.005]: calls=196 accept=134 rate=0.684
[DIAG] _candidate_is_safe[mmi=0.01]: calls=259 accept=225 rate=0.869
[DIAG] _candidate_is_safe[mmi=0.02]: calls=102 accept=88 rate=0.863
[DIAG] _fit_attention_pair_matrix_smooth: calls=12 accept=12 rate=1.000
[DIAG] dense_to_hif4 total=19405 gptq=72 deployed_mse=48
[DIAG] dense[plain]: 15613
[DIAG] dense[refine r=0.5 b=24576]: 360
[DIAG] dense[refine r=0.852657 b=32768]: 12
[DIAG] dense[refine r=0.967391 b=32768]: 12
[DIAG] dense[refine r=0.977053 b=32768]: 12
[DIAG] dense[refine r=0.978865 b=32768]: 12
[DIAG] dense[refine r=0.980072 b=32768]: 12
[DIAG] dense[refine r=0.980676 b=32768]: 12
[DIAG] dense[refine r=0.982488 b=32768]: 60
[DIAG] dense[refine r=0.983092 b=32768]: 120
[DIAG] dense[refine r=0.983696 b=32768]: 120
[DIAG] dense[refine r=0.984149 b=32768]: 48
[DIAG] dense[refine r=0.9843 b=32768]: 24
[DIAG] dense[refine r=0.984903 b=32768]: 12
[DIAG] dense[refine r=0.985507 b=32768]: 60
[DIAG] dense[refine r=0.986111 b=32768]: 72
[DIAG] dense[refine r=0.986715 b=32768]: 12
[DIAG] dense[refine r=0.987319 b=32768]: 12
[DIAG] dense[refine r=0.987923 b=32768]: 12
[DIAG] dense[refine r=0.98913 b=32768]: 12
[DIAG] dense[refine r=0.990942 b=32768]: 24
[DIAG] dense[refine r=0.991546 b=32768]: 12
[DIAG] dense[refine r=0.99215 b=32768]: 12
[DIAG] dense[refine r=0.992754 b=32768]: 12
[DIAG] dense[refine r=0.993357 b=32768]: 12
[DIAG] dense[refine r=0.994565 b=32768]: 12
[DIAG] dense[refine r=0.995169 b=32768]: 12
[DIAG] dense[refine r=0.995622 b=32768]: 96
[DIAG] dense[refine r=0.995773 b=32768]: 24
[DIAG] dense[refine r=0.996528 b=32768]: 48
[DIAG] dense[refine r=0.996981 b=32768]: 108
[DIAG] dense[refine r=0.997132 b=32768]: 192
[DIAG] dense[refine r=0.997283 b=32768]: 96
[DIAG] dense[refine r=1 b=16384]: 348
[DIAG] dense[refine r=1 b=24576]: 492
[DIAG] dense[refine r=1 b=65536]: 1296
