[parent] 56dc805d6e5a3aef
[candidate] ea79a1c12dc66714
[L-R2] rank2 reachable=1 vtu_cross_max=2.095e-09
[COMBINED-LINEAR-SAMPLE-ENERGY] reachable=1 blocks=40
[parent] calibrated layer0/q in=2560 arm=-
[L-R2] rank2 reachable=1 vtu_cross_max=2.095e-09
[COMBINED-LINEAR-SAMPLE-ENERGY] reachable=1 blocks=40
[L-EM2] compile arm=compiled in=2560 gram_diag_mean=6.659655e-01 h_norm=9.7824e+01
[candidate] calibrated layer0/q in=2560 arm=compiled
[L-R2] rank2 reachable=1 vtu_cross_max=4.191e-09
[COMBINED-LINEAR-SAMPLE-ENERGY] reachable=1 blocks=64
[parent] calibrated layer0/o in=4096 arm=-
[L-R2] rank2 reachable=1 vtu_cross_max=4.191e-09
[COMBINED-LINEAR-SAMPLE-ENERGY] reachable=1 blocks=64
[L-EM2] compile arm=compiled in=4096 gram_diag_mean=5.011898e-01 h_norm=1.2444e+02
[candidate] calibrated layer0/o in=4096 arm=compiled
[L-R2] rank2 reachable=1 vtu_cross_max=3.260e-09
[COMBINED-LINEAR-SAMPLE-ENERGY] reachable=1 blocks=40
[parent] calibrated layer0/fc_gate in=2560 arm=-
[L-R2] rank2 reachable=1 vtu_cross_max=3.260e-09
[COMBINED-LINEAR-SAMPLE-ENERGY] reachable=1 blocks=40
[L-EM2] compile arm=compiled in=2560 gram_diag_mean=8.126289e-01 h_norm=8.6916e+01
[candidate] calibrated layer0/fc_gate in=2560 arm=compiled
[L-R2] rank2 reachable=1 vtu_cross_max=4.657e-09
[COMBINED-LINEAR-SAMPLE-ENERGY] reachable=1 blocks=144
[parent] calibrated layer0/proj in=9216 arm=-
[L-R2] rank2 reachable=1 vtu_cross_max=4.657e-09
[COMBINED-LINEAR-SAMPLE-ENERGY] reachable=1 blocks=144
[L-EM2] compile arm=out-of-scope in=9216 gram_diag_mean=0.000000e+00 h_norm=0.0000e+00
[candidate] calibrated layer0/proj in=9216 arm=out-of-scope
[L-R2] rank2 reachable=1 vtu_cross_max=1.187e-08
[COMBINED-LINEAR-SAMPLE-ENERGY] reachable=1 blocks=40
[parent] calibrated layer6/q in=2560 arm=-
[L-R2] rank2 reachable=1 vtu_cross_max=1.187e-08
[COMBINED-LINEAR-SAMPLE-ENERGY] reachable=1 blocks=40
[L-EM2] compile arm=compiled in=2560 gram_diag_mean=3.744048e-01 h_norm=5.1989e+01
[candidate] calibrated layer6/q in=2560 arm=compiled
[L-R2] rank2 reachable=1 vtu_cross_max=3.260e-09
[COMBINED-LINEAR-SAMPLE-ENERGY] reachable=1 blocks=64
[parent] calibrated layer6/o in=4096 arm=-
[L-R2] rank2 reachable=1 vtu_cross_max=3.260e-09
[COMBINED-LINEAR-SAMPLE-ENERGY] reachable=1 blocks=64
[L-EM2] compile arm=compiled in=4096 gram_diag_mean=5.300144e-01 h_norm=1.0969e+02
[candidate] calibrated layer6/o in=4096 arm=compiled
[L-R2] rank2 reachable=1 vtu_cross_max=3.725e-09
[COMBINED-LINEAR-SAMPLE-ENERGY] reachable=1 blocks=40
[parent] calibrated layer12/v in=2560 arm=-
[L-R2] rank2 reachable=1 vtu_cross_max=3.725e-09
[COMBINED-LINEAR-SAMPLE-ENERGY] reachable=1 blocks=40
[L-EM2] compile arm=compiled in=2560 gram_diag_mean=7.434322e-01 h_norm=2.8744e+01
[candidate] calibrated layer12/v in=2560 arm=compiled
[L-R2] rank2 reachable=1 vtu_cross_max=3.725e-09
[COMBINED-LINEAR-SAMPLE-ENERGY] reachable=1 blocks=64
[parent] calibrated layer12/o in=4096 arm=-
[L-R2] rank2 reachable=1 vtu_cross_max=3.725e-09
[COMBINED-LINEAR-SAMPLE-ENERGY] reachable=1 blocks=64
[L-EM2] compile arm=compiled in=4096 gram_diag_mean=5.298113e-01 h_norm=1.0171e+02
[candidate] calibrated layer12/o in=4096 arm=compiled
[L-R2] rank2 reachable=1 vtu_cross_max=5.588e-09
[COMBINED-LINEAR-SAMPLE-ENERGY] reachable=1 blocks=64
[parent] calibrated layer18/o in=4096 arm=-
[L-R2] rank2 reachable=1 vtu_cross_max=5.588e-09
[COMBINED-LINEAR-SAMPLE-ENERGY] reachable=1 blocks=64
[L-EM2] compile arm=compiled in=4096 gram_diag_mean=4.309728e-01 h_norm=7.1346e+01
[candidate] calibrated layer18/o in=4096 arm=compiled
[L-EM2] dynamic arm=applied groups=640 passes=2 accepted_steps=32 accepted_groups=67710 changed=55638 rows=128 grad_mean=3.172e-02 error=-
[L-EM2] dynamic arm=applied groups=640 passes=2 accepted_steps=32 accepted_groups=67710 changed=55638 rows=128 grad_mean=3.172e-02 error=-
[L-EM2] dynamic arm=applied groups=640 passes=1 accepted_steps=16 accepted_groups=40251 changed=40251 rows=128 grad_mean=3.534e-02 error=-
[L-EM2] dynamic arm=applied groups=640 passes=1 accepted_steps=16 accepted_groups=40251 changed=40251 rows=128 grad_mean=3.534e-02 error=-
[L-EM2] dynamic arm=applied groups=640 passes=2 accepted_steps=32 accepted_groups=67710 changed=55638 rows=128 grad_mean=3.172e-02 error=-
[L-EM2] dynamic arm=applied groups=640 passes=1 accepted_steps=16 accepted_groups=40251 changed=40251 rows=128 grad_mean=3.534e-02 error=-
[L-EM2] dynamic arm=applied groups=640 passes=2 accepted_steps=32 accepted_groups=67710 changed=55638 rows=128 grad_mean=3.172e-02 error=-
[L-EM2] dynamic arm=applied groups=640 passes=1 accepted_steps=16 accepted_groups=40251 changed=40251 rows=128 grad_mean=3.534e-02 error=-
[L-EM2] dynamic arm=applied groups=640 passes=2 accepted_steps=32 accepted_groups=67710 changed=55638 rows=128 grad_mean=3.172e-02 error=-
[L-EM2] dynamic arm=applied groups=640 passes=1 accepted_steps=16 accepted_groups=40251 changed=40251 rows=128 grad_mean=3.534e-02 error=-
[L-EM2] dynamic arm=applied groups=640 passes=2 accepted_steps=32 accepted_groups=67710 changed=55638 rows=128 grad_mean=3.172e-02 error=-
[L-EM2] dynamic arm=applied groups=640 passes=1 accepted_steps=16 accepted_groups=40251 changed=40251 rows=128 grad_mean=3.534e-02 error=-
[L-EM2] dynamic arm=applied groups=640 passes=2 accepted_steps=32 accepted_groups=67710 changed=55638 rows=128 grad_mean=3.172e-02 error=-
[L-EM2] dynamic arm=applied groups=640 passes=1 accepted_steps=16 accepted_groups=40251 changed=40251 rows=128 grad_mean=3.534e-02 error=-
[L-EM2] dynamic arm=applied groups=640 passes=2 accepted_steps=32 accepted_groups=67710 changed=55638 rows=128 grad_mean=3.172e-02 error=-
[L-EM2] dynamic arm=applied groups=640 passes=1 accepted_steps=16 accepted_groups=40251 changed=40251 rows=128 grad_mean=3.534e-02 error=-
[L-EM2] dynamic arm=applied groups=640 passes=2 accepted_steps=32 accepted_groups=67710 changed=55638 rows=128 grad_mean=3.172e-02 error=-
[L-EM2] dynamic arm=applied groups=640 passes=1 accepted_steps=16 accepted_groups=40251 changed=40251 rows=128 grad_mean=3.534e-02 error=-
[L-EM2] dynamic arm=applied groups=640 passes=2 accepted_steps=32 accepted_groups=67710 changed=55638 rows=128 grad_mean=3.172e-02 error=-
[L-EM2] dynamic arm=applied groups=640 passes=1 accepted_steps=16 accepted_groups=40251 changed=40251 rows=128 grad_mean=3.534e-02 error=-
layer0/q        rows=128  in=2560  parent=0.5107s k2=0.5543s delta_k2=+0.0437s delta_k1=+0.0258s changed_mant=55638
[L-EM2] dynamic arm=applied groups=1024 passes=2 accepted_steps=32 accepted_groups=570737 changed=487163 rows=512 grad_mean=1.184e-03 error=-
[L-EM2] dynamic arm=applied groups=1024 passes=2 accepted_steps=32 accepted_groups=570737 changed=487163 rows=512 grad_mean=1.184e-03 error=-
[L-EM2] dynamic arm=applied groups=1024 passes=1 accepted_steps=16 accepted_groups=331563 changed=331563 rows=512 grad_mean=1.338e-03 error=-
[L-EM2] dynamic arm=applied groups=1024 passes=1 accepted_steps=16 accepted_groups=331563 changed=331563 rows=512 grad_mean=1.338e-03 error=-
[L-EM2] dynamic arm=applied groups=1024 passes=2 accepted_steps=32 accepted_groups=570737 changed=487163 rows=512 grad_mean=1.184e-03 error=-
[L-EM2] dynamic arm=applied groups=1024 passes=1 accepted_steps=16 accepted_groups=331563 changed=331563 rows=512 grad_mean=1.338e-03 error=-
[L-EM2] dynamic arm=applied groups=1024 passes=2 accepted_steps=32 accepted_groups=570737 changed=487163 rows=512 grad_mean=1.184e-03 error=-
[L-EM2] dynamic arm=applied groups=1024 passes=1 accepted_steps=16 accepted_groups=331563 changed=331563 rows=512 grad_mean=1.338e-03 error=-
[L-EM2] dynamic arm=applied groups=1024 passes=2 accepted_steps=32 accepted_groups=570737 changed=487163 rows=512 grad_mean=1.184e-03 error=-
[L-EM2] dynamic arm=applied groups=1024 passes=1 accepted_steps=16 accepted_groups=331563 changed=331563 rows=512 grad_mean=1.338e-03 error=-
[L-EM2] dynamic arm=applied groups=1024 passes=2 accepted_steps=32 accepted_groups=570737 changed=487163 rows=512 grad_mean=1.184e-03 error=-
[L-EM2] dynamic arm=applied groups=1024 passes=1 accepted_steps=16 accepted_groups=331563 changed=331563 rows=512 grad_mean=1.338e-03 error=-
[L-EM2] dynamic arm=applied groups=1024 passes=2 accepted_steps=32 accepted_groups=570737 changed=487163 rows=512 grad_mean=1.184e-03 error=-
[L-EM2] dynamic arm=applied groups=1024 passes=1 accepted_steps=16 accepted_groups=331563 changed=331563 rows=512 grad_mean=1.338e-03 error=-
[L-EM2] dynamic arm=applied groups=1024 passes=2 accepted_steps=32 accepted_groups=570737 changed=487163 rows=512 grad_mean=1.184e-03 error=-
[L-EM2] dynamic arm=applied groups=1024 passes=1 accepted_steps=16 accepted_groups=331563 changed=331563 rows=512 grad_mean=1.338e-03 error=-
[L-EM2] dynamic arm=applied groups=1024 passes=2 accepted_steps=32 accepted_groups=570737 changed=487163 rows=512 grad_mean=1.184e-03 error=-
[L-EM2] dynamic arm=applied groups=1024 passes=1 accepted_steps=16 accepted_groups=331563 changed=331563 rows=512 grad_mean=1.338e-03 error=-
[L-EM2] dynamic arm=applied groups=1024 passes=2 accepted_steps=32 accepted_groups=570737 changed=487163 rows=512 grad_mean=1.184e-03 error=-
[L-EM2] dynamic arm=applied groups=1024 passes=1 accepted_steps=16 accepted_groups=331563 changed=331563 rows=512 grad_mean=1.338e-03 error=-
layer0/o        rows=512  in=4096  parent=0.4469s k2=0.6098s delta_k2=+0.1628s delta_k1=+0.1044s changed_mant=487163
[L-EM2] dynamic arm=applied groups=640 passes=2 accepted_steps=32 accepted_groups=44793 changed=35825 rows=128 grad_mean=2.419e-02 error=-
[L-EM2] dynamic arm=applied groups=640 passes=2 accepted_steps=32 accepted_groups=44793 changed=35825 rows=128 grad_mean=2.419e-02 error=-
[L-EM2] dynamic arm=applied groups=640 passes=1 accepted_steps=16 accepted_groups=27403 changed=27403 rows=128 grad_mean=2.537e-02 error=-
[L-EM2] dynamic arm=applied groups=640 passes=1 accepted_steps=16 accepted_groups=27403 changed=27403 rows=128 grad_mean=2.537e-02 error=-
[L-EM2] dynamic arm=applied groups=640 passes=2 accepted_steps=32 accepted_groups=44793 changed=35825 rows=128 grad_mean=2.419e-02 error=-
[L-EM2] dynamic arm=applied groups=640 passes=1 accepted_steps=16 accepted_groups=27403 changed=27403 rows=128 grad_mean=2.537e-02 error=-
[L-EM2] dynamic arm=applied groups=640 passes=2 accepted_steps=32 accepted_groups=44793 changed=35825 rows=128 grad_mean=2.419e-02 error=-
[L-EM2] dynamic arm=applied groups=640 passes=1 accepted_steps=16 accepted_groups=27403 changed=27403 rows=128 grad_mean=2.537e-02 error=-
[L-EM2] dynamic arm=applied groups=640 passes=2 accepted_steps=32 accepted_groups=44793 changed=35825 rows=128 grad_mean=2.419e-02 error=-
[L-EM2] dynamic arm=applied groups=640 passes=1 accepted_steps=16 accepted_groups=27403 changed=27403 rows=128 grad_mean=2.537e-02 error=-
[L-EM2] dynamic arm=applied groups=640 passes=2 accepted_steps=32 accepted_groups=44793 changed=35825 rows=128 grad_mean=2.419e-02 error=-
[L-EM2] dynamic arm=applied groups=640 passes=1 accepted_steps=16 accepted_groups=27403 changed=27403 rows=128 grad_mean=2.537e-02 error=-
[L-EM2] dynamic arm=applied groups=640 passes=2 accepted_steps=32 accepted_groups=44793 changed=35825 rows=128 grad_mean=2.419e-02 error=-
[L-EM2] dynamic arm=applied groups=640 passes=1 accepted_steps=16 accepted_groups=27403 changed=27403 rows=128 grad_mean=2.537e-02 error=-
[L-EM2] dynamic arm=applied groups=640 passes=2 accepted_steps=32 accepted_groups=44793 changed=35825 rows=128 grad_mean=2.419e-02 error=-
[L-EM2] dynamic arm=applied groups=640 passes=1 accepted_steps=16 accepted_groups=27403 changed=27403 rows=128 grad_mean=2.537e-02 error=-
[L-EM2] dynamic arm=applied groups=640 passes=2 accepted_steps=32 accepted_groups=44793 changed=35825 rows=128 grad_mean=2.419e-02 error=-
[L-EM2] dynamic arm=applied groups=640 passes=1 accepted_steps=16 accepted_groups=27403 changed=27403 rows=128 grad_mean=2.537e-02 error=-
[L-EM2] dynamic arm=applied groups=640 passes=2 accepted_steps=32 accepted_groups=44793 changed=35825 rows=128 grad_mean=2.419e-02 error=-
[L-EM2] dynamic arm=applied groups=640 passes=1 accepted_steps=16 accepted_groups=27403 changed=27403 rows=128 grad_mean=2.537e-02 error=-
layer0/fc_gate  rows=128  in=2560  parent=0.4784s k2=0.5147s delta_k2=+0.0363s delta_k1=+0.0268s changed_mant=35825
layer0/proj     rows=128  in=9216  parent=0.9156s k2=0.9287s delta_k2=+0.0131s delta_k1=+0.0111s changed_mant=0
[L-EM2] dynamic arm=applied groups=640 passes=2 accepted_steps=32 accepted_groups=319775 changed=270650 rows=512 grad_mean=1.469e-02 error=-
[L-EM2] dynamic arm=applied groups=640 passes=2 accepted_steps=32 accepted_groups=319775 changed=270650 rows=512 grad_mean=1.469e-02 error=-
[L-EM2] dynamic arm=applied groups=640 passes=1 accepted_steps=16 accepted_groups=190530 changed=190530 rows=512 grad_mean=1.715e-02 error=-
[L-EM2] dynamic arm=applied groups=640 passes=1 accepted_steps=16 accepted_groups=190530 changed=190530 rows=512 grad_mean=1.715e-02 error=-
[L-EM2] dynamic arm=applied groups=640 passes=2 accepted_steps=32 accepted_groups=319775 changed=270650 rows=512 grad_mean=1.469e-02 error=-
[L-EM2] dynamic arm=applied groups=640 passes=1 accepted_steps=16 accepted_groups=190530 changed=190530 rows=512 grad_mean=1.715e-02 error=-
[L-EM2] dynamic arm=applied groups=640 passes=2 accepted_steps=32 accepted_groups=319775 changed=270650 rows=512 grad_mean=1.469e-02 error=-
[L-EM2] dynamic arm=applied groups=640 passes=1 accepted_steps=16 accepted_groups=190530 changed=190530 rows=512 grad_mean=1.715e-02 error=-
[L-EM2] dynamic arm=applied groups=640 passes=2 accepted_steps=32 accepted_groups=319775 changed=270650 rows=512 grad_mean=1.469e-02 error=-
[L-EM2] dynamic arm=applied groups=640 passes=1 accepted_steps=16 accepted_groups=190530 changed=190530 rows=512 grad_mean=1.715e-02 error=-
[L-EM2] dynamic arm=applied groups=640 passes=2 accepted_steps=32 accepted_groups=319775 changed=270650 rows=512 grad_mean=1.469e-02 error=-
[L-EM2] dynamic arm=applied groups=640 passes=1 accepted_steps=16 accepted_groups=190530 changed=190530 rows=512 grad_mean=1.715e-02 error=-
[L-EM2] dynamic arm=applied groups=640 passes=2 accepted_steps=32 accepted_groups=319775 changed=270650 rows=512 grad_mean=1.469e-02 error=-
[L-EM2] dynamic arm=applied groups=640 passes=1 accepted_steps=16 accepted_groups=190530 changed=190530 rows=512 grad_mean=1.715e-02 error=-
[L-EM2] dynamic arm=applied groups=640 passes=2 accepted_steps=32 accepted_groups=319775 changed=270650 rows=512 grad_mean=1.469e-02 error=-
[L-EM2] dynamic arm=applied groups=640 passes=1 accepted_steps=16 accepted_groups=190530 changed=190530 rows=512 grad_mean=1.715e-02 error=-
[L-EM2] dynamic arm=applied groups=640 passes=2 accepted_steps=32 accepted_groups=319775 changed=270650 rows=512 grad_mean=1.469e-02 error=-
[L-EM2] dynamic arm=applied groups=640 passes=1 accepted_steps=16 accepted_groups=190530 changed=190530 rows=512 grad_mean=1.715e-02 error=-
[L-EM2] dynamic arm=applied groups=640 passes=2 accepted_steps=32 accepted_groups=319775 changed=270650 rows=512 grad_mean=1.469e-02 error=-
[L-EM2] dynamic arm=applied groups=640 passes=1 accepted_steps=16 accepted_groups=190530 changed=190530 rows=512 grad_mean=1.715e-02 error=-
layer6/q        rows=512  in=2560  parent=0.8567s k2=0.9253s delta_k2=+0.0686s delta_k1=+0.0425s changed_mant=270650
[L-EM2] dynamic arm=applied groups=1024 passes=2 accepted_steps=32 accepted_groups=190600 changed=155822 rows=128 grad_mean=1.025e-03 error=-
[L-EM2] dynamic arm=applied groups=1024 passes=2 accepted_steps=32 accepted_groups=190600 changed=155822 rows=128 grad_mean=1.025e-03 error=-
[L-EM2] dynamic arm=applied groups=1024 passes=1 accepted_steps=16 accepted_groups=103844 changed=103844 rows=128 grad_mean=1.175e-03 error=-
[L-EM2] dynamic arm=applied groups=1024 passes=1 accepted_steps=16 accepted_groups=103844 changed=103844 rows=128 grad_mean=1.175e-03 error=-
[L-EM2] dynamic arm=applied groups=1024 passes=2 accepted_steps=32 accepted_groups=190600 changed=155822 rows=128 grad_mean=1.025e-03 error=-
[L-EM2] dynamic arm=applied groups=1024 passes=1 accepted_steps=16 accepted_groups=103844 changed=103844 rows=128 grad_mean=1.175e-03 error=-
[L-EM2] dynamic arm=applied groups=1024 passes=2 accepted_steps=32 accepted_groups=190600 changed=155822 rows=128 grad_mean=1.025e-03 error=-
[L-EM2] dynamic arm=applied groups=1024 passes=1 accepted_steps=16 accepted_groups=103844 changed=103844 rows=128 grad_mean=1.175e-03 error=-
[L-EM2] dynamic arm=applied groups=1024 passes=2 accepted_steps=32 accepted_groups=190600 changed=155822 rows=128 grad_mean=1.025e-03 error=-
[L-EM2] dynamic arm=applied groups=1024 passes=1 accepted_steps=16 accepted_groups=103844 changed=103844 rows=128 grad_mean=1.175e-03 error=-
[L-EM2] dynamic arm=applied groups=1024 passes=2 accepted_steps=32 accepted_groups=190600 changed=155822 rows=128 grad_mean=1.025e-03 error=-
[L-EM2] dynamic arm=applied groups=1024 passes=1 accepted_steps=16 accepted_groups=103844 changed=103844 rows=128 grad_mean=1.175e-03 error=-
[L-EM2] dynamic arm=applied groups=1024 passes=2 accepted_steps=32 accepted_groups=190600 changed=155822 rows=128 grad_mean=1.025e-03 error=-
[L-EM2] dynamic arm=applied groups=1024 passes=1 accepted_steps=16 accepted_groups=103844 changed=103844 rows=128 grad_mean=1.175e-03 error=-
[L-EM2] dynamic arm=applied groups=1024 passes=2 accepted_steps=32 accepted_groups=190600 changed=155822 rows=128 grad_mean=1.025e-03 error=-
[L-EM2] dynamic arm=applied groups=1024 passes=1 accepted_steps=16 accepted_groups=103844 changed=103844 rows=128 grad_mean=1.175e-03 error=-
[L-EM2] dynamic arm=applied groups=1024 passes=2 accepted_steps=32 accepted_groups=190600 changed=155822 rows=128 grad_mean=1.025e-03 error=-
[L-EM2] dynamic arm=applied groups=1024 passes=1 accepted_steps=16 accepted_groups=103844 changed=103844 rows=128 grad_mean=1.175e-03 error=-
[L-EM2] dynamic arm=applied groups=1024 passes=2 accepted_steps=32 accepted_groups=190600 changed=155822 rows=128 grad_mean=1.025e-03 error=-
[L-EM2] dynamic arm=applied groups=1024 passes=1 accepted_steps=16 accepted_groups=103844 changed=103844 rows=128 grad_mean=1.175e-03 error=-
layer6/o        rows=128  in=4096  parent=0.4245s k2=0.4895s delta_k2=+0.0650s delta_k1=+0.0552s changed_mant=155822
[L-EM2] dynamic arm=applied groups=640 passes=2 accepted_steps=32 accepted_groups=65746 changed=56051 rows=128 grad_mean=3.028e-02 error=-
[L-EM2] dynamic arm=applied groups=640 passes=2 accepted_steps=32 accepted_groups=65746 changed=56051 rows=128 grad_mean=3.028e-02 error=-
[L-EM2] dynamic arm=applied groups=640 passes=1 accepted_steps=16 accepted_groups=40039 changed=40039 rows=128 grad_mean=3.435e-02 error=-
[L-EM2] dynamic arm=applied groups=640 passes=1 accepted_steps=16 accepted_groups=40039 changed=40039 rows=128 grad_mean=3.435e-02 error=-
[L-EM2] dynamic arm=applied groups=640 passes=2 accepted_steps=32 accepted_groups=65746 changed=56051 rows=128 grad_mean=3.028e-02 error=-
[L-EM2] dynamic arm=applied groups=640 passes=1 accepted_steps=16 accepted_groups=40039 changed=40039 rows=128 grad_mean=3.435e-02 error=-
[L-EM2] dynamic arm=applied groups=640 passes=2 accepted_steps=32 accepted_groups=65746 changed=56051 rows=128 grad_mean=3.028e-02 error=-
[L-EM2] dynamic arm=applied groups=640 passes=1 accepted_steps=16 accepted_groups=40039 changed=40039 rows=128 grad_mean=3.435e-02 error=-
[L-EM2] dynamic arm=applied groups=640 passes=2 accepted_steps=32 accepted_groups=65746 changed=56051 rows=128 grad_mean=3.028e-02 error=-
[L-EM2] dynamic arm=applied groups=640 passes=1 accepted_steps=16 accepted_groups=40039 changed=40039 rows=128 grad_mean=3.435e-02 error=-
[L-EM2] dynamic arm=applied groups=640 passes=2 accepted_steps=32 accepted_groups=65746 changed=56051 rows=128 grad_mean=3.028e-02 error=-
[L-EM2] dynamic arm=applied groups=640 passes=1 accepted_steps=16 accepted_groups=40039 changed=40039 rows=128 grad_mean=3.435e-02 error=-
[L-EM2] dynamic arm=applied groups=640 passes=2 accepted_steps=32 accepted_groups=65746 changed=56051 rows=128 grad_mean=3.028e-02 error=-
[L-EM2] dynamic arm=applied groups=640 passes=1 accepted_steps=16 accepted_groups=40039 changed=40039 rows=128 grad_mean=3.435e-02 error=-
[L-EM2] dynamic arm=applied groups=640 passes=2 accepted_steps=32 accepted_groups=65746 changed=56051 rows=128 grad_mean=3.028e-02 error=-
[L-EM2] dynamic arm=applied groups=640 passes=1 accepted_steps=16 accepted_groups=40039 changed=40039 rows=128 grad_mean=3.435e-02 error=-
[L-EM2] dynamic arm=applied groups=640 passes=2 accepted_steps=32 accepted_groups=65746 changed=56051 rows=128 grad_mean=3.028e-02 error=-
[L-EM2] dynamic arm=applied groups=640 passes=1 accepted_steps=16 accepted_groups=40039 changed=40039 rows=128 grad_mean=3.435e-02 error=-
[L-EM2] dynamic arm=applied groups=640 passes=2 accepted_steps=32 accepted_groups=65746 changed=56051 rows=128 grad_mean=3.028e-02 error=-
[L-EM2] dynamic arm=applied groups=640 passes=1 accepted_steps=16 accepted_groups=40039 changed=40039 rows=128 grad_mean=3.435e-02 error=-
layer12/v        rows=128  in=2560  parent=0.4778s k2=0.5453s delta_k2=+0.0675s delta_k1=+0.0424s changed_mant=56051
[L-EM2] dynamic arm=applied groups=1024 passes=2 accepted_steps=32 accepted_groups=660244 changed=548905 rows=512 grad_mean=1.808e-03 error=-
[L-EM2] dynamic arm=applied groups=1024 passes=2 accepted_steps=32 accepted_groups=660244 changed=548905 rows=512 grad_mean=1.808e-03 error=-
[L-EM2] dynamic arm=applied groups=1024 passes=1 accepted_steps=16 accepted_groups=376266 changed=376266 rows=512 grad_mean=2.056e-03 error=-
[L-EM2] dynamic arm=applied groups=1024 passes=1 accepted_steps=16 accepted_groups=376266 changed=376266 rows=512 grad_mean=2.056e-03 error=-
[L-EM2] dynamic arm=applied groups=1024 passes=2 accepted_steps=32 accepted_groups=660244 changed=548905 rows=512 grad_mean=1.808e-03 error=-
[L-EM2] dynamic arm=applied groups=1024 passes=1 accepted_steps=16 accepted_groups=376266 changed=376266 rows=512 grad_mean=2.056e-03 error=-
[L-EM2] dynamic arm=applied groups=1024 passes=2 accepted_steps=32 accepted_groups=660244 changed=548905 rows=512 grad_mean=1.808e-03 error=-
[L-EM2] dynamic arm=applied groups=1024 passes=1 accepted_steps=16 accepted_groups=376266 changed=376266 rows=512 grad_mean=2.056e-03 error=-
[L-EM2] dynamic arm=applied groups=1024 passes=2 accepted_steps=32 accepted_groups=660244 changed=548905 rows=512 grad_mean=1.808e-03 error=-
[L-EM2] dynamic arm=applied groups=1024 passes=1 accepted_steps=16 accepted_groups=376266 changed=376266 rows=512 grad_mean=2.056e-03 error=-
[L-EM2] dynamic arm=applied groups=1024 passes=2 accepted_steps=32 accepted_groups=660244 changed=548905 rows=512 grad_mean=1.808e-03 error=-
[L-EM2] dynamic arm=applied groups=1024 passes=1 accepted_steps=16 accepted_groups=376266 changed=376266 rows=512 grad_mean=2.056e-03 error=-
[L-EM2] dynamic arm=applied groups=1024 passes=2 accepted_steps=32 accepted_groups=660244 changed=548905 rows=512 grad_mean=1.808e-03 error=-
[L-EM2] dynamic arm=applied groups=1024 passes=1 accepted_steps=16 accepted_groups=376266 changed=376266 rows=512 grad_mean=2.056e-03 error=-
[L-EM2] dynamic arm=applied groups=1024 passes=2 accepted_steps=32 accepted_groups=660244 changed=548905 rows=512 grad_mean=1.808e-03 error=-
[L-EM2] dynamic arm=applied groups=1024 passes=1 accepted_steps=16 accepted_groups=376266 changed=376266 rows=512 grad_mean=2.056e-03 error=-
[L-EM2] dynamic arm=applied groups=1024 passes=2 accepted_steps=32 accepted_groups=660244 changed=548905 rows=512 grad_mean=1.808e-03 error=-
[L-EM2] dynamic arm=applied groups=1024 passes=1 accepted_steps=16 accepted_groups=376266 changed=376266 rows=512 grad_mean=2.056e-03 error=-
[L-EM2] dynamic arm=applied groups=1024 passes=2 accepted_steps=32 accepted_groups=660244 changed=548905 rows=512 grad_mean=1.808e-03 error=-
[L-EM2] dynamic arm=applied groups=1024 passes=1 accepted_steps=16 accepted_groups=376266 changed=376266 rows=512 grad_mean=2.056e-03 error=-
layer12/o        rows=512  in=4096  parent=0.4332s k2=0.5904s delta_k2=+0.1572s delta_k1=+0.0993s changed_mant=548905
[L-EM2] dynamic arm=applied groups=1024 passes=2 accepted_steps=32 accepted_groups=180350 changed=149963 rows=128 grad_mean=2.083e-03 error=-
[L-EM2] dynamic arm=applied groups=1024 passes=2 accepted_steps=32 accepted_groups=180350 changed=149963 rows=128 grad_mean=2.083e-03 error=-
[L-EM2] dynamic arm=applied groups=1024 passes=1 accepted_steps=16 accepted_groups=99525 changed=99525 rows=128 grad_mean=2.477e-03 error=-
[L-EM2] dynamic arm=applied groups=1024 passes=1 accepted_steps=16 accepted_groups=99525 changed=99525 rows=128 grad_mean=2.477e-03 error=-
[L-EM2] dynamic arm=applied groups=1024 passes=2 accepted_steps=32 accepted_groups=180350 changed=149963 rows=128 grad_mean=2.083e-03 error=-
[L-EM2] dynamic arm=applied groups=1024 passes=1 accepted_steps=16 accepted_groups=99525 changed=99525 rows=128 grad_mean=2.477e-03 error=-
[L-EM2] dynamic arm=applied groups=1024 passes=2 accepted_steps=32 accepted_groups=180350 changed=149963 rows=128 grad_mean=2.083e-03 error=-
[L-EM2] dynamic arm=applied groups=1024 passes=1 accepted_steps=16 accepted_groups=99525 changed=99525 rows=128 grad_mean=2.477e-03 error=-
[L-EM2] dynamic arm=applied groups=1024 passes=2 accepted_steps=32 accepted_groups=180350 changed=149963 rows=128 grad_mean=2.083e-03 error=-
[L-EM2] dynamic arm=applied groups=1024 passes=1 accepted_steps=16 accepted_groups=99525 changed=99525 rows=128 grad_mean=2.477e-03 error=-
[L-EM2] dynamic arm=applied groups=1024 passes=2 accepted_steps=32 accepted_groups=180350 changed=149963 rows=128 grad_mean=2.083e-03 error=-
[L-EM2] dynamic arm=applied groups=1024 passes=1 accepted_steps=16 accepted_groups=99525 changed=99525 rows=128 grad_mean=2.477e-03 error=-
[L-EM2] dynamic arm=applied groups=1024 passes=2 accepted_steps=32 accepted_groups=180350 changed=149963 rows=128 grad_mean=2.083e-03 error=-
[L-EM2] dynamic arm=applied groups=1024 passes=1 accepted_steps=16 accepted_groups=99525 changed=99525 rows=128 grad_mean=2.477e-03 error=-
[L-EM2] dynamic arm=applied groups=1024 passes=2 accepted_steps=32 accepted_groups=180350 changed=149963 rows=128 grad_mean=2.083e-03 error=-
[L-EM2] dynamic arm=applied groups=1024 passes=1 accepted_steps=16 accepted_groups=99525 changed=99525 rows=128 grad_mean=2.477e-03 error=-
[L-EM2] dynamic arm=applied groups=1024 passes=2 accepted_steps=32 accepted_groups=180350 changed=149963 rows=128 grad_mean=2.083e-03 error=-
[L-EM2] dynamic arm=applied groups=1024 passes=1 accepted_steps=16 accepted_groups=99525 changed=99525 rows=128 grad_mean=2.477e-03 error=-
[L-EM2] dynamic arm=applied groups=1024 passes=2 accepted_steps=32 accepted_groups=180350 changed=149963 rows=128 grad_mean=2.083e-03 error=-
[L-EM2] dynamic arm=applied groups=1024 passes=1 accepted_steps=16 accepted_groups=99525 changed=99525 rows=128 grad_mean=2.477e-03 error=-
layer18/o        rows=128  in=4096  parent=0.4157s k2=0.4812s delta_k2=+0.0655s delta_k1=+0.0591s changed_mant=149963

[delta_median_seconds] in=2560 +0.0540s/call, in=4096 +0.1126s/call
  projected on 120x2560 + 24x4096 official Linear calls: +9.2s

[delta_k1_median_seconds] in=2560 +0.0344s/call, in=4096 +0.0795s/call
  projected on 120x2560 + 24x4096 official Linear calls: +6.0s

[delta_min_seconds] in=2560 +0.0511s/call, in=4096 +0.1152s/call
  projected on 120x2560 + 24x4096 official Linear calls: +8.9s

[delta_k1_min_seconds] in=2560 +0.0336s/call, in=4096 +0.0790s/call
  projected on 120x2560 + 24x4096 official Linear calls: +5.9s
