[parent] 56dc805d6e5a3aef
[candidate] 0f1af6dbc207ff32
[L-R2] rank2 reachable=1 vtu_cross_max=2.095e-09
[COMBINED-LINEAR-SAMPLE-ENERGY] reachable=1 blocks=40
[parent] calibrated layer0/q in=2560 arm=-
[L-R2] rank2 reachable=1 vtu_cross_max=2.095e-09
[COMBINED-LINEAR-SAMPLE-ENERGY] reachable=1 blocks=40
[L-EM2] compile arm=compiled in=2560 gram_diag_mean=6.659655e-01 h_norm=9.7824e+01
[candidate] calibrated layer0/q in=2560 arm=compiled
[L-R2] rank2 reachable=1 vtu_cross_max=4.191e-09
[COMBINED-LINEAR-SAMPLE-ENERGY] reachable=1 blocks=64
[parent] calibrated layer0/o in=4096 arm=-
[L-R2] rank2 reachable=1 vtu_cross_max=4.191e-09
[COMBINED-LINEAR-SAMPLE-ENERGY] reachable=1 blocks=64
[L-EM2] compile arm=compiled in=4096 gram_diag_mean=5.011898e-01 h_norm=1.2444e+02
[candidate] calibrated layer0/o in=4096 arm=compiled
[L-R2] rank2 reachable=1 vtu_cross_max=3.260e-09
[COMBINED-LINEAR-SAMPLE-ENERGY] reachable=1 blocks=40
[parent] calibrated layer0/fc_gate in=2560 arm=-
[L-R2] rank2 reachable=1 vtu_cross_max=3.260e-09
[COMBINED-LINEAR-SAMPLE-ENERGY] reachable=1 blocks=40
[L-EM2] compile arm=compiled in=2560 gram_diag_mean=8.126289e-01 h_norm=8.6916e+01
[candidate] calibrated layer0/fc_gate in=2560 arm=compiled
[L-R2] rank2 reachable=1 vtu_cross_max=4.657e-09
[COMBINED-LINEAR-SAMPLE-ENERGY] reachable=1 blocks=144
[parent] calibrated layer0/proj in=9216 arm=-
[L-R2] rank2 reachable=1 vtu_cross_max=4.657e-09
[COMBINED-LINEAR-SAMPLE-ENERGY] reachable=1 blocks=144
[L-EM2] compile arm=out-of-scope in=9216 gram_diag_mean=0.000000e+00 h_norm=0.0000e+00
[candidate] calibrated layer0/proj in=9216 arm=out-of-scope
[L-R2] rank2 reachable=1 vtu_cross_max=1.187e-08
[COMBINED-LINEAR-SAMPLE-ENERGY] reachable=1 blocks=40
[parent] calibrated layer6/q in=2560 arm=-
[L-R2] rank2 reachable=1 vtu_cross_max=1.187e-08
[COMBINED-LINEAR-SAMPLE-ENERGY] reachable=1 blocks=40
[L-EM2] compile arm=compiled in=2560 gram_diag_mean=3.744048e-01 h_norm=5.1989e+01
[candidate] calibrated layer6/q in=2560 arm=compiled
[L-R2] rank2 reachable=1 vtu_cross_max=3.260e-09
[COMBINED-LINEAR-SAMPLE-ENERGY] reachable=1 blocks=64
[parent] calibrated layer6/o in=4096 arm=-
[L-R2] rank2 reachable=1 vtu_cross_max=3.260e-09
[COMBINED-LINEAR-SAMPLE-ENERGY] reachable=1 blocks=64
[L-EM2] compile arm=compiled in=4096 gram_diag_mean=5.300144e-01 h_norm=1.0969e+02
[candidate] calibrated layer6/o in=4096 arm=compiled
[L-R2] rank2 reachable=1 vtu_cross_max=3.725e-09
[COMBINED-LINEAR-SAMPLE-ENERGY] reachable=1 blocks=40
[parent] calibrated layer12/v in=2560 arm=-
[L-R2] rank2 reachable=1 vtu_cross_max=3.725e-09
[COMBINED-LINEAR-SAMPLE-ENERGY] reachable=1 blocks=40
[L-EM2] compile arm=compiled in=2560 gram_diag_mean=7.434322e-01 h_norm=2.8744e+01
[candidate] calibrated layer12/v in=2560 arm=compiled
[L-R2] rank2 reachable=1 vtu_cross_max=3.725e-09
[COMBINED-LINEAR-SAMPLE-ENERGY] reachable=1 blocks=64
[parent] calibrated layer12/o in=4096 arm=-
[L-R2] rank2 reachable=1 vtu_cross_max=3.725e-09
[COMBINED-LINEAR-SAMPLE-ENERGY] reachable=1 blocks=64
[L-EM2] compile arm=compiled in=4096 gram_diag_mean=5.298113e-01 h_norm=1.0171e+02
[candidate] calibrated layer12/o in=4096 arm=compiled
[L-R2] rank2 reachable=1 vtu_cross_max=5.588e-09
[COMBINED-LINEAR-SAMPLE-ENERGY] reachable=1 blocks=64
[parent] calibrated layer18/o in=4096 arm=-
[L-R2] rank2 reachable=1 vtu_cross_max=5.588e-09
[COMBINED-LINEAR-SAMPLE-ENERGY] reachable=1 blocks=64
[L-EM2] compile arm=compiled in=4096 gram_diag_mean=4.309728e-01 h_norm=7.1346e+01
[candidate] calibrated layer18/o in=4096 arm=compiled
[L-EM2] dynamic arm=applied groups=640 passes=2 accepted_steps=32 accepted_groups=67710 changed=55638 rows=128 grad_mean=3.172e-02 error=-
[L-EM2] dynamic arm=applied groups=640 passes=2 accepted_steps=32 accepted_groups=67710 changed=55638 rows=128 grad_mean=3.172e-02 error=-
[L-EM2] dynamic arm=applied groups=640 passes=1 accepted_steps=16 accepted_groups=40251 changed=40251 rows=128 grad_mean=3.534e-02 error=-
[L-EM2] dynamic arm=applied groups=640 passes=1 accepted_steps=16 accepted_groups=40251 changed=40251 rows=128 grad_mean=3.534e-02 error=-
[L-EM2] dynamic arm=applied groups=640 passes=2 accepted_steps=32 accepted_groups=67710 changed=55638 rows=128 grad_mean=3.172e-02 error=-
[L-EM2] dynamic arm=applied groups=640 passes=1 accepted_steps=16 accepted_groups=40251 changed=40251 rows=128 grad_mean=3.534e-02 error=-
[L-EM2] dynamic arm=applied groups=640 passes=2 accepted_steps=32 accepted_groups=67710 changed=55638 rows=128 grad_mean=3.172e-02 error=-
[L-EM2] dynamic arm=applied groups=640 passes=1 accepted_steps=16 accepted_groups=40251 changed=40251 rows=128 grad_mean=3.534e-02 error=-
[L-EM2] dynamic arm=applied groups=640 passes=2 accepted_steps=32 accepted_groups=67710 changed=55638 rows=128 grad_mean=3.172e-02 error=-
[L-EM2] dynamic arm=applied groups=640 passes=1 accepted_steps=16 accepted_groups=40251 changed=40251 rows=128 grad_mean=3.534e-02 error=-
[L-EM2] dynamic arm=applied groups=640 passes=2 accepted_steps=32 accepted_groups=67710 changed=55638 rows=128 grad_mean=3.172e-02 error=-
[L-EM2] dynamic arm=applied groups=640 passes=1 accepted_steps=16 accepted_groups=40251 changed=40251 rows=128 grad_mean=3.534e-02 error=-
[L-EM2] dynamic arm=applied groups=640 passes=2 accepted_steps=32 accepted_groups=67710 changed=55638 rows=128 grad_mean=3.172e-02 error=-
[L-EM2] dynamic arm=applied groups=640 passes=1 accepted_steps=16 accepted_groups=40251 changed=40251 rows=128 grad_mean=3.534e-02 error=-
[L-EM2] dynamic arm=applied groups=640 passes=2 accepted_steps=32 accepted_groups=67710 changed=55638 rows=128 grad_mean=3.172e-02 error=-
[L-EM2] dynamic arm=applied groups=640 passes=1 accepted_steps=16 accepted_groups=40251 changed=40251 rows=128 grad_mean=3.534e-02 error=-
[L-EM2] dynamic arm=applied groups=640 passes=2 accepted_steps=32 accepted_groups=67710 changed=55638 rows=128 grad_mean=3.172e-02 error=-
[L-EM2] dynamic arm=applied groups=640 passes=1 accepted_steps=16 accepted_groups=40251 changed=40251 rows=128 grad_mean=3.534e-02 error=-
[L-EM2] dynamic arm=applied groups=640 passes=2 accepted_steps=32 accepted_groups=67710 changed=55638 rows=128 grad_mean=3.172e-02 error=-
[L-EM2] dynamic arm=applied groups=640 passes=1 accepted_steps=16 accepted_groups=40251 changed=40251 rows=128 grad_mean=3.534e-02 error=-
layer0/q        rows=128  in=2560  parent=0.5195s k2=0.5817s delta_k2=+0.0621s delta_k1=+0.0285s changed_mant=55638
[L-EM2] dynamic arm=applied groups=1024 passes=2 accepted_steps=32 accepted_groups=570737 changed=487163 rows=512 grad_mean=1.184e-03 error=-
[L-EM2] dynamic arm=applied groups=1024 passes=2 accepted_steps=32 accepted_groups=570737 changed=487163 rows=512 grad_mean=1.184e-03 error=-
[L-EM2] dynamic arm=applied groups=1024 passes=1 accepted_steps=16 accepted_groups=331563 changed=331563 rows=512 grad_mean=1.338e-03 error=-
[L-EM2] dynamic arm=applied groups=1024 passes=1 accepted_steps=16 accepted_groups=331563 changed=331563 rows=512 grad_mean=1.338e-03 error=-
[L-EM2] dynamic arm=applied groups=1024 passes=2 accepted_steps=32 accepted_groups=570737 changed=487163 rows=512 grad_mean=1.184e-03 error=-
[L-EM2] dynamic arm=applied groups=1024 passes=1 accepted_steps=16 accepted_groups=331563 changed=331563 rows=512 grad_mean=1.338e-03 error=-
[L-EM2] dynamic arm=applied groups=1024 passes=2 accepted_steps=32 accepted_groups=570737 changed=487163 rows=512 grad_mean=1.184e-03 error=-
[L-EM2] dynamic arm=applied groups=1024 passes=1 accepted_steps=16 accepted_groups=331563 changed=331563 rows=512 grad_mean=1.338e-03 error=-
[L-EM2] dynamic arm=applied groups=1024 passes=2 accepted_steps=32 accepted_groups=570737 changed=487163 rows=512 grad_mean=1.184e-03 error=-
[L-EM2] dynamic arm=applied groups=1024 passes=1 accepted_steps=16 accepted_groups=331563 changed=331563 rows=512 grad_mean=1.338e-03 error=-
[L-EM2] dynamic arm=applied groups=1024 passes=2 accepted_steps=32 accepted_groups=570737 changed=487163 rows=512 grad_mean=1.184e-03 error=-
[L-EM2] dynamic arm=applied groups=1024 passes=1 accepted_steps=16 accepted_groups=331563 changed=331563 rows=512 grad_mean=1.338e-03 error=-
[L-EM2] dynamic arm=applied groups=1024 passes=2 accepted_steps=32 accepted_groups=570737 changed=487163 rows=512 grad_mean=1.184e-03 error=-
[L-EM2] dynamic arm=applied groups=1024 passes=1 accepted_steps=16 accepted_groups=331563 changed=331563 rows=512 grad_mean=1.338e-03 error=-
[L-EM2] dynamic arm=applied groups=1024 passes=2 accepted_steps=32 accepted_groups=570737 changed=487163 rows=512 grad_mean=1.184e-03 error=-
[L-EM2] dynamic arm=applied groups=1024 passes=1 accepted_steps=16 accepted_groups=331563 changed=331563 rows=512 grad_mean=1.338e-03 error=-
[L-EM2] dynamic arm=applied groups=1024 passes=2 accepted_steps=32 accepted_groups=570737 changed=487163 rows=512 grad_mean=1.184e-03 error=-
[L-EM2] dynamic arm=applied groups=1024 passes=1 accepted_steps=16 accepted_groups=331563 changed=331563 rows=512 grad_mean=1.338e-03 error=-
[L-EM2] dynamic arm=applied groups=1024 passes=2 accepted_steps=32 accepted_groups=570737 changed=487163 rows=512 grad_mean=1.184e-03 error=-
[L-EM2] dynamic arm=applied groups=1024 passes=1 accepted_steps=16 accepted_groups=331563 changed=331563 rows=512 grad_mean=1.338e-03 error=-
layer0/o        rows=512  in=4096  parent=0.4633s k2=0.6151s delta_k2=+0.1518s delta_k1=+0.1049s changed_mant=487163
[L-EM2] dynamic arm=applied groups=640 passes=2 accepted_steps=32 accepted_groups=44793 changed=35825 rows=128 grad_mean=2.419e-02 error=-
[L-EM2] dynamic arm=applied groups=640 passes=2 accepted_steps=32 accepted_groups=44793 changed=35825 rows=128 grad_mean=2.419e-02 error=-
[L-EM2] dynamic arm=applied groups=640 passes=1 accepted_steps=16 accepted_groups=27403 changed=27403 rows=128 grad_mean=2.537e-02 error=-
[L-EM2] dynamic arm=applied groups=640 passes=1 accepted_steps=16 accepted_groups=27403 changed=27403 rows=128 grad_mean=2.537e-02 error=-
[L-EM2] dynamic arm=applied groups=640 passes=2 accepted_steps=32 accepted_groups=44793 changed=35825 rows=128 grad_mean=2.419e-02 error=-
[L-EM2] dynamic arm=applied groups=640 passes=1 accepted_steps=16 accepted_groups=27403 changed=27403 rows=128 grad_mean=2.537e-02 error=-
[L-EM2] dynamic arm=applied groups=640 passes=2 accepted_steps=32 accepted_groups=44793 changed=35825 rows=128 grad_mean=2.419e-02 error=-
[L-EM2] dynamic arm=applied groups=640 passes=1 accepted_steps=16 accepted_groups=27403 changed=27403 rows=128 grad_mean=2.537e-02 error=-
[L-EM2] dynamic arm=applied groups=640 passes=2 accepted_steps=32 accepted_groups=44793 changed=35825 rows=128 grad_mean=2.419e-02 error=-
[L-EM2] dynamic arm=applied groups=640 passes=1 accepted_steps=16 accepted_groups=27403 changed=27403 rows=128 grad_mean=2.537e-02 error=-
[L-EM2] dynamic arm=applied groups=640 passes=2 accepted_steps=32 accepted_groups=44793 changed=35825 rows=128 grad_mean=2.419e-02 error=-
[L-EM2] dynamic arm=applied groups=640 passes=1 accepted_steps=16 accepted_groups=27403 changed=27403 rows=128 grad_mean=2.537e-02 error=-
[L-EM2] dynamic arm=applied groups=640 passes=2 accepted_steps=32 accepted_groups=44793 changed=35825 rows=128 grad_mean=2.419e-02 error=-
[L-EM2] dynamic arm=applied groups=640 passes=1 accepted_steps=16 accepted_groups=27403 changed=27403 rows=128 grad_mean=2.537e-02 error=-
[L-EM2] dynamic arm=applied groups=640 passes=2 accepted_steps=32 accepted_groups=44793 changed=35825 rows=128 grad_mean=2.419e-02 error=-
[L-EM2] dynamic arm=applied groups=640 passes=1 accepted_steps=16 accepted_groups=27403 changed=27403 rows=128 grad_mean=2.537e-02 error=-
[L-EM2] dynamic arm=applied groups=640 passes=2 accepted_steps=32 accepted_groups=44793 changed=35825 rows=128 grad_mean=2.419e-02 error=-
[L-EM2] dynamic arm=applied groups=640 passes=1 accepted_steps=16 accepted_groups=27403 changed=27403 rows=128 grad_mean=2.537e-02 error=-
[L-EM2] dynamic arm=applied groups=640 passes=2 accepted_steps=32 accepted_groups=44793 changed=35825 rows=128 grad_mean=2.419e-02 error=-
[L-EM2] dynamic arm=applied groups=640 passes=1 accepted_steps=16 accepted_groups=27403 changed=27403 rows=128 grad_mean=2.537e-02 error=-
layer0/fc_gate  rows=128  in=2560  parent=0.4960s k2=0.5505s delta_k2=+0.0545s delta_k1=+0.0420s changed_mant=35825
layer0/proj     rows=128  in=9216  parent=0.9717s k2=0.9656s delta_k2=-0.0061s delta_k1=+0.0116s changed_mant=0
[L-EM2] dynamic arm=applied groups=640 passes=2 accepted_steps=32 accepted_groups=319775 changed=270650 rows=512 grad_mean=1.469e-02 error=-
[L-EM2] dynamic arm=applied groups=640 passes=2 accepted_steps=32 accepted_groups=319775 changed=270650 rows=512 grad_mean=1.469e-02 error=-
[L-EM2] dynamic arm=applied groups=640 passes=1 accepted_steps=16 accepted_groups=190530 changed=190530 rows=512 grad_mean=1.715e-02 error=-
[L-EM2] dynamic arm=applied groups=640 passes=1 accepted_steps=16 accepted_groups=190530 changed=190530 rows=512 grad_mean=1.715e-02 error=-
[L-EM2] dynamic arm=applied groups=640 passes=2 accepted_steps=32 accepted_groups=319775 changed=270650 rows=512 grad_mean=1.469e-02 error=-
[L-EM2] dynamic arm=applied groups=640 passes=1 accepted_steps=16 accepted_groups=190530 changed=190530 rows=512 grad_mean=1.715e-02 error=-
[L-EM2] dynamic arm=applied groups=640 passes=2 accepted_steps=32 accepted_groups=319775 changed=270650 rows=512 grad_mean=1.469e-02 error=-
[L-EM2] dynamic arm=applied groups=640 passes=1 accepted_steps=16 accepted_groups=190530 changed=190530 rows=512 grad_mean=1.715e-02 error=-
[L-EM2] dynamic arm=applied groups=640 passes=2 accepted_steps=32 accepted_groups=319775 changed=270650 rows=512 grad_mean=1.469e-02 error=-
[L-EM2] dynamic arm=applied groups=640 passes=1 accepted_steps=16 accepted_groups=190530 changed=190530 rows=512 grad_mean=1.715e-02 error=-
[L-EM2] dynamic arm=applied groups=640 passes=2 accepted_steps=32 accepted_groups=319775 changed=270650 rows=512 grad_mean=1.469e-02 error=-
[L-EM2] dynamic arm=applied groups=640 passes=1 accepted_steps=16 accepted_groups=190530 changed=190530 rows=512 grad_mean=1.715e-02 error=-
[L-EM2] dynamic arm=applied groups=640 passes=2 accepted_steps=32 accepted_groups=319775 changed=270650 rows=512 grad_mean=1.469e-02 error=-
[L-EM2] dynamic arm=applied groups=640 passes=1 accepted_steps=16 accepted_groups=190530 changed=190530 rows=512 grad_mean=1.715e-02 error=-
[L-EM2] dynamic arm=applied groups=640 passes=2 accepted_steps=32 accepted_groups=319775 changed=270650 rows=512 grad_mean=1.469e-02 error=-
[L-EM2] dynamic arm=applied groups=640 passes=1 accepted_steps=16 accepted_groups=190530 changed=190530 rows=512 grad_mean=1.715e-02 error=-
[L-EM2] dynamic arm=applied groups=640 passes=2 accepted_steps=32 accepted_groups=319775 changed=270650 rows=512 grad_mean=1.469e-02 error=-
[L-EM2] dynamic arm=applied groups=640 passes=1 accepted_steps=16 accepted_groups=190530 changed=190530 rows=512 grad_mean=1.715e-02 error=-
[L-EM2] dynamic arm=applied groups=640 passes=2 accepted_steps=32 accepted_groups=319775 changed=270650 rows=512 grad_mean=1.469e-02 error=-
[L-EM2] dynamic arm=applied groups=640 passes=1 accepted_steps=16 accepted_groups=190530 changed=190530 rows=512 grad_mean=1.715e-02 error=-
layer6/q        rows=512  in=2560  parent=0.8776s k2=0.9538s delta_k2=+0.0762s delta_k1=+0.0461s changed_mant=270650
[L-EM2] dynamic arm=applied groups=1024 passes=2 accepted_steps=32 accepted_groups=190600 changed=155822 rows=128 grad_mean=1.025e-03 error=-
[L-EM2] dynamic arm=applied groups=1024 passes=2 accepted_steps=32 accepted_groups=190600 changed=155822 rows=128 grad_mean=1.025e-03 error=-
[L-EM2] dynamic arm=applied groups=1024 passes=1 accepted_steps=16 accepted_groups=103844 changed=103844 rows=128 grad_mean=1.175e-03 error=-
[L-EM2] dynamic arm=applied groups=1024 passes=1 accepted_steps=16 accepted_groups=103844 changed=103844 rows=128 grad_mean=1.175e-03 error=-
[L-EM2] dynamic arm=applied groups=1024 passes=2 accepted_steps=32 accepted_groups=190600 changed=155822 rows=128 grad_mean=1.025e-03 error=-
[L-EM2] dynamic arm=applied groups=1024 passes=1 accepted_steps=16 accepted_groups=103844 changed=103844 rows=128 grad_mean=1.175e-03 error=-
[L-EM2] dynamic arm=applied groups=1024 passes=2 accepted_steps=32 accepted_groups=190600 changed=155822 rows=128 grad_mean=1.025e-03 error=-
[L-EM2] dynamic arm=applied groups=1024 passes=1 accepted_steps=16 accepted_groups=103844 changed=103844 rows=128 grad_mean=1.175e-03 error=-
[L-EM2] dynamic arm=applied groups=1024 passes=2 accepted_steps=32 accepted_groups=190600 changed=155822 rows=128 grad_mean=1.025e-03 error=-
[L-EM2] dynamic arm=applied groups=1024 passes=1 accepted_steps=16 accepted_groups=103844 changed=103844 rows=128 grad_mean=1.175e-03 error=-
[L-EM2] dynamic arm=applied groups=1024 passes=2 accepted_steps=32 accepted_groups=190600 changed=155822 rows=128 grad_mean=1.025e-03 error=-
[L-EM2] dynamic arm=applied groups=1024 passes=1 accepted_steps=16 accepted_groups=103844 changed=103844 rows=128 grad_mean=1.175e-03 error=-
[L-EM2] dynamic arm=applied groups=1024 passes=2 accepted_steps=32 accepted_groups=190600 changed=155822 rows=128 grad_mean=1.025e-03 error=-
[L-EM2] dynamic arm=applied groups=1024 passes=1 accepted_steps=16 accepted_groups=103844 changed=103844 rows=128 grad_mean=1.175e-03 error=-
[L-EM2] dynamic arm=applied groups=1024 passes=2 accepted_steps=32 accepted_groups=190600 changed=155822 rows=128 grad_mean=1.025e-03 error=-
[L-EM2] dynamic arm=applied groups=1024 passes=1 accepted_steps=16 accepted_groups=103844 changed=103844 rows=128 grad_mean=1.175e-03 error=-
[L-EM2] dynamic arm=applied groups=1024 passes=2 accepted_steps=32 accepted_groups=190600 changed=155822 rows=128 grad_mean=1.025e-03 error=-
[L-EM2] dynamic arm=applied groups=1024 passes=1 accepted_steps=16 accepted_groups=103844 changed=103844 rows=128 grad_mean=1.175e-03 error=-
[L-EM2] dynamic arm=applied groups=1024 passes=2 accepted_steps=32 accepted_groups=190600 changed=155822 rows=128 grad_mean=1.025e-03 error=-
[L-EM2] dynamic arm=applied groups=1024 passes=1 accepted_steps=16 accepted_groups=103844 changed=103844 rows=128 grad_mean=1.175e-03 error=-
layer6/o        rows=128  in=4096  parent=0.4460s k2=0.5407s delta_k2=+0.0948s delta_k1=+0.0755s changed_mant=155822
[L-EM2] dynamic arm=applied groups=640 passes=2 accepted_steps=32 accepted_groups=65746 changed=56051 rows=128 grad_mean=3.028e-02 error=-
[L-EM2] dynamic arm=applied groups=640 passes=2 accepted_steps=32 accepted_groups=65746 changed=56051 rows=128 grad_mean=3.028e-02 error=-
[L-EM2] dynamic arm=applied groups=640 passes=1 accepted_steps=16 accepted_groups=40039 changed=40039 rows=128 grad_mean=3.435e-02 error=-
[L-EM2] dynamic arm=applied groups=640 passes=1 accepted_steps=16 accepted_groups=40039 changed=40039 rows=128 grad_mean=3.435e-02 error=-
[L-EM2] dynamic arm=applied groups=640 passes=2 accepted_steps=32 accepted_groups=65746 changed=56051 rows=128 grad_mean=3.028e-02 error=-
[L-EM2] dynamic arm=applied groups=640 passes=1 accepted_steps=16 accepted_groups=40039 changed=40039 rows=128 grad_mean=3.435e-02 error=-
[L-EM2] dynamic arm=applied groups=640 passes=2 accepted_steps=32 accepted_groups=65746 changed=56051 rows=128 grad_mean=3.028e-02 error=-
[L-EM2] dynamic arm=applied groups=640 passes=1 accepted_steps=16 accepted_groups=40039 changed=40039 rows=128 grad_mean=3.435e-02 error=-
[L-EM2] dynamic arm=applied groups=640 passes=2 accepted_steps=32 accepted_groups=65746 changed=56051 rows=128 grad_mean=3.028e-02 error=-
[L-EM2] dynamic arm=applied groups=640 passes=1 accepted_steps=16 accepted_groups=40039 changed=40039 rows=128 grad_mean=3.435e-02 error=-
[L-EM2] dynamic arm=applied groups=640 passes=2 accepted_steps=32 accepted_groups=65746 changed=56051 rows=128 grad_mean=3.028e-02 error=-
[L-EM2] dynamic arm=applied groups=640 passes=1 accepted_steps=16 accepted_groups=40039 changed=40039 rows=128 grad_mean=3.435e-02 error=-
[L-EM2] dynamic arm=applied groups=640 passes=2 accepted_steps=32 accepted_groups=65746 changed=56051 rows=128 grad_mean=3.028e-02 error=-
[L-EM2] dynamic arm=applied groups=640 passes=1 accepted_steps=16 accepted_groups=40039 changed=40039 rows=128 grad_mean=3.435e-02 error=-
[L-EM2] dynamic arm=applied groups=640 passes=2 accepted_steps=32 accepted_groups=65746 changed=56051 rows=128 grad_mean=3.028e-02 error=-
[L-EM2] dynamic arm=applied groups=640 passes=1 accepted_steps=16 accepted_groups=40039 changed=40039 rows=128 grad_mean=3.435e-02 error=-
[L-EM2] dynamic arm=applied groups=640 passes=2 accepted_steps=32 accepted_groups=65746 changed=56051 rows=128 grad_mean=3.028e-02 error=-
[L-EM2] dynamic arm=applied groups=640 passes=1 accepted_steps=16 accepted_groups=40039 changed=40039 rows=128 grad_mean=3.435e-02 error=-
[L-EM2] dynamic arm=applied groups=640 passes=2 accepted_steps=32 accepted_groups=65746 changed=56051 rows=128 grad_mean=3.028e-02 error=-
[L-EM2] dynamic arm=applied groups=640 passes=1 accepted_steps=16 accepted_groups=40039 changed=40039 rows=128 grad_mean=3.435e-02 error=-
layer12/v        rows=128  in=2560  parent=0.5346s k2=0.5754s delta_k2=+0.0408s delta_k1=+0.0374s changed_mant=56051
[L-EM2] dynamic arm=applied groups=1024 passes=2 accepted_steps=32 accepted_groups=660244 changed=548905 rows=512 grad_mean=1.808e-03 error=-
[L-EM2] dynamic arm=applied groups=1024 passes=2 accepted_steps=32 accepted_groups=660244 changed=548905 rows=512 grad_mean=1.808e-03 error=-
[L-EM2] dynamic arm=applied groups=1024 passes=1 accepted_steps=16 accepted_groups=376266 changed=376266 rows=512 grad_mean=2.056e-03 error=-
[L-EM2] dynamic arm=applied groups=1024 passes=1 accepted_steps=16 accepted_groups=376266 changed=376266 rows=512 grad_mean=2.056e-03 error=-
[L-EM2] dynamic arm=applied groups=1024 passes=2 accepted_steps=32 accepted_groups=660244 changed=548905 rows=512 grad_mean=1.808e-03 error=-
[L-EM2] dynamic arm=applied groups=1024 passes=1 accepted_steps=16 accepted_groups=376266 changed=376266 rows=512 grad_mean=2.056e-03 error=-
[L-EM2] dynamic arm=applied groups=1024 passes=2 accepted_steps=32 accepted_groups=660244 changed=548905 rows=512 grad_mean=1.808e-03 error=-
[L-EM2] dynamic arm=applied groups=1024 passes=1 accepted_steps=16 accepted_groups=376266 changed=376266 rows=512 grad_mean=2.056e-03 error=-
[L-EM2] dynamic arm=applied groups=1024 passes=2 accepted_steps=32 accepted_groups=660244 changed=548905 rows=512 grad_mean=1.808e-03 error=-
[L-EM2] dynamic arm=applied groups=1024 passes=1 accepted_steps=16 accepted_groups=376266 changed=376266 rows=512 grad_mean=2.056e-03 error=-
[L-EM2] dynamic arm=applied groups=1024 passes=2 accepted_steps=32 accepted_groups=660244 changed=548905 rows=512 grad_mean=1.808e-03 error=-
[L-EM2] dynamic arm=applied groups=1024 passes=1 accepted_steps=16 accepted_groups=376266 changed=376266 rows=512 grad_mean=2.056e-03 error=-
[L-EM2] dynamic arm=applied groups=1024 passes=2 accepted_steps=32 accepted_groups=660244 changed=548905 rows=512 grad_mean=1.808e-03 error=-
[L-EM2] dynamic arm=applied groups=1024 passes=1 accepted_steps=16 accepted_groups=376266 changed=376266 rows=512 grad_mean=2.056e-03 error=-
[L-EM2] dynamic arm=applied groups=1024 passes=2 accepted_steps=32 accepted_groups=660244 changed=548905 rows=512 grad_mean=1.808e-03 error=-
[L-EM2] dynamic arm=applied groups=1024 passes=1 accepted_steps=16 accepted_groups=376266 changed=376266 rows=512 grad_mean=2.056e-03 error=-
[L-EM2] dynamic arm=applied groups=1024 passes=2 accepted_steps=32 accepted_groups=660244 changed=548905 rows=512 grad_mean=1.808e-03 error=-
[L-EM2] dynamic arm=applied groups=1024 passes=1 accepted_steps=16 accepted_groups=376266 changed=376266 rows=512 grad_mean=2.056e-03 error=-
[L-EM2] dynamic arm=applied groups=1024 passes=2 accepted_steps=32 accepted_groups=660244 changed=548905 rows=512 grad_mean=1.808e-03 error=-
[L-EM2] dynamic arm=applied groups=1024 passes=1 accepted_steps=16 accepted_groups=376266 changed=376266 rows=512 grad_mean=2.056e-03 error=-
layer12/o        rows=512  in=4096  parent=0.4757s k2=0.6285s delta_k2=+0.1527s delta_k1=+0.0817s changed_mant=548905
[L-EM2] dynamic arm=applied groups=1024 passes=2 accepted_steps=32 accepted_groups=180350 changed=149963 rows=128 grad_mean=2.083e-03 error=-
[L-EM2] dynamic arm=applied groups=1024 passes=2 accepted_steps=32 accepted_groups=180350 changed=149963 rows=128 grad_mean=2.083e-03 error=-
[L-EM2] dynamic arm=applied groups=1024 passes=1 accepted_steps=16 accepted_groups=99525 changed=99525 rows=128 grad_mean=2.477e-03 error=-
[L-EM2] dynamic arm=applied groups=1024 passes=1 accepted_steps=16 accepted_groups=99525 changed=99525 rows=128 grad_mean=2.477e-03 error=-
[L-EM2] dynamic arm=applied groups=1024 passes=2 accepted_steps=32 accepted_groups=180350 changed=149963 rows=128 grad_mean=2.083e-03 error=-
[L-EM2] dynamic arm=applied groups=1024 passes=1 accepted_steps=16 accepted_groups=99525 changed=99525 rows=128 grad_mean=2.477e-03 error=-
[L-EM2] dynamic arm=applied groups=1024 passes=2 accepted_steps=32 accepted_groups=180350 changed=149963 rows=128 grad_mean=2.083e-03 error=-
[L-EM2] dynamic arm=applied groups=1024 passes=1 accepted_steps=16 accepted_groups=99525 changed=99525 rows=128 grad_mean=2.477e-03 error=-
[L-EM2] dynamic arm=applied groups=1024 passes=2 accepted_steps=32 accepted_groups=180350 changed=149963 rows=128 grad_mean=2.083e-03 error=-
[L-EM2] dynamic arm=applied groups=1024 passes=1 accepted_steps=16 accepted_groups=99525 changed=99525 rows=128 grad_mean=2.477e-03 error=-
[L-EM2] dynamic arm=applied groups=1024 passes=2 accepted_steps=32 accepted_groups=180350 changed=149963 rows=128 grad_mean=2.083e-03 error=-
[L-EM2] dynamic arm=applied groups=1024 passes=1 accepted_steps=16 accepted_groups=99525 changed=99525 rows=128 grad_mean=2.477e-03 error=-
[L-EM2] dynamic arm=applied groups=1024 passes=2 accepted_steps=32 accepted_groups=180350 changed=149963 rows=128 grad_mean=2.083e-03 error=-
[L-EM2] dynamic arm=applied groups=1024 passes=1 accepted_steps=16 accepted_groups=99525 changed=99525 rows=128 grad_mean=2.477e-03 error=-
[L-EM2] dynamic arm=applied groups=1024 passes=2 accepted_steps=32 accepted_groups=180350 changed=149963 rows=128 grad_mean=2.083e-03 error=-
[L-EM2] dynamic arm=applied groups=1024 passes=1 accepted_steps=16 accepted_groups=99525 changed=99525 rows=128 grad_mean=2.477e-03 error=-
[L-EM2] dynamic arm=applied groups=1024 passes=2 accepted_steps=32 accepted_groups=180350 changed=149963 rows=128 grad_mean=2.083e-03 error=-
[L-EM2] dynamic arm=applied groups=1024 passes=1 accepted_steps=16 accepted_groups=99525 changed=99525 rows=128 grad_mean=2.477e-03 error=-
[L-EM2] dynamic arm=applied groups=1024 passes=2 accepted_steps=32 accepted_groups=180350 changed=149963 rows=128 grad_mean=2.083e-03 error=-
[L-EM2] dynamic arm=applied groups=1024 passes=1 accepted_steps=16 accepted_groups=99525 changed=99525 rows=128 grad_mean=2.477e-03 error=-
layer18/o        rows=128  in=4096  parent=0.4517s k2=0.5477s delta_k2=+0.0960s delta_k1=+0.0757s changed_mant=149963

[delta_median_seconds] in=2560 +0.0584s/call, in=4096 +0.1238s/call
  projected on 120x2560 + 24x4096 official Linear calls: +10.0s

[delta_k1_median_seconds] in=2560 +0.0385s/call, in=4096 +0.0844s/call
  projected on 120x2560 + 24x4096 official Linear calls: +6.6s

[delta_min_seconds] in=2560 +0.0527s/call, in=4096 +0.1145s/call
  projected on 120x2560 + 24x4096 official Linear calls: +9.1s

[delta_k1_min_seconds] in=2560 +0.0369s/call, in=4096 +0.0796s/call
  projected on 120x2560 + 24x4096 official Linear calls: +6.3s
