[L-R2] rank2 reachable=1 vtu_cross_max=8.382e-09
[COMBINED-LINEAR-SAMPLE-ENERGY] reachable=1 blocks=40
[L-R2] rank2 reachable=1 vtu_cross_max=1.118e-08
[COMBINED-LINEAR-SAMPLE-ENERGY] reachable=1 blocks=40
[L-R2] rank2 reachable=1 vtu_cross_max=6.054e-09
[COMBINED-LINEAR-SAMPLE-ENERGY] reachable=1 blocks=40
[L-R2] rank2 reachable=1 vtu_cross_max=1.863e-09
[COMBINED-LINEAR-SAMPLE-ENERGY] reachable=1 blocks=64
[L-R2] rank2 reachable=1 vtu_cross_max=6.286e-09
[COMBINED-LINEAR-SAMPLE-ENERGY] reachable=1 blocks=40
[L-R2] rank2 reachable=1 vtu_cross_max=1.024e-08
[COMBINED-LINEAR-SAMPLE-ENERGY] reachable=1 blocks=40
[L-R2] rank2 reachable=1 vtu_cross_max=5.239e-09
[COMBINED-LINEAR-SAMPLE-ENERGY] reachable=1 blocks=144
[L-R2] rank2 reachable=1 vtu_cross_max=6.054e-09
[COMBINED-LINEAR-SAMPLE-ENERGY] reachable=1 blocks=40
[L-R2] rank2 reachable=1 vtu_cross_max=2.212e-09
[COMBINED-LINEAR-SAMPLE-ENERGY] reachable=1 blocks=40
[L-R2] rank2 reachable=1 vtu_cross_max=4.191e-09
[COMBINED-LINEAR-SAMPLE-ENERGY] reachable=1 blocks=40
[L-R2] rank2 reachable=1 vtu_cross_max=1.001e-08
[COMBINED-LINEAR-SAMPLE-ENERGY] reachable=1 blocks=64
[L-R2] rank2 reachable=1 vtu_cross_max=3.027e-09
[COMBINED-LINEAR-SAMPLE-ENERGY] reachable=1 blocks=40
[L-R2] rank2 reachable=1 vtu_cross_max=1.118e-08
[COMBINED-LINEAR-SAMPLE-ENERGY] reachable=1 blocks=40
[L-R2] rank2 reachable=1 vtu_cross_max=5.122e-09
[COMBINED-LINEAR-SAMPLE-ENERGY] reachable=1 blocks=144
[L-R2] rank2 reachable=1 vtu_cross_max=2.794e-09
[COMBINED-LINEAR-SAMPLE-ENERGY] reachable=1 blocks=40
[L-R2] rank2 reachable=1 vtu_cross_max=1.118e-08
[COMBINED-LINEAR-SAMPLE-ENERGY] reachable=1 blocks=40
[L-R2] rank2 reachable=1 vtu_cross_max=6.519e-09
[COMBINED-LINEAR-SAMPLE-ENERGY] reachable=1 blocks=40
[L-R2] rank2 reachable=1 vtu_cross_max=9.313e-10
[COMBINED-LINEAR-SAMPLE-ENERGY] reachable=1 blocks=64
[L-R2] rank2 reachable=1 vtu_cross_max=4.191e-09
[COMBINED-LINEAR-SAMPLE-ENERGY] reachable=1 blocks=40
[L-R2] rank2 reachable=1 vtu_cross_max=7.451e-09
[COMBINED-LINEAR-SAMPLE-ENERGY] reachable=1 blocks=40
[L-R2] rank2 reachable=1 vtu_cross_max=2.095e-09
[COMBINED-LINEAR-SAMPLE-ENERGY] reachable=1 blocks=144
[L-R2] rank2 reachable=1 vtu_cross_max=7.451e-09
[COMBINED-LINEAR-SAMPLE-ENERGY] reachable=1 blocks=40
[L-R2] rank2 reachable=1 vtu_cross_max=4.657e-09
[COMBINED-LINEAR-SAMPLE-ENERGY] reachable=1 blocks=40
[L-R2] rank2 reachable=1 vtu_cross_max=9.313e-09
[COMBINED-LINEAR-SAMPLE-ENERGY] reachable=1 blocks=40
[L-R2] rank2 reachable=1 vtu_cross_max=5.704e-09
[COMBINED-LINEAR-SAMPLE-ENERGY] reachable=1 blocks=64
[L-R2] rank2 reachable=1 vtu_cross_max=9.080e-09
[COMBINED-LINEAR-SAMPLE-ENERGY] reachable=1 blocks=40
[L-R2] rank2 reachable=1 vtu_cross_max=9.313e-09
[COMBINED-LINEAR-SAMPLE-ENERGY] reachable=1 blocks=40
[L-R2] rank2 reachable=1 vtu_cross_max=6.519e-09
[COMBINED-LINEAR-SAMPLE-ENERGY] reachable=1 blocks=144
[L-R2] rank2 reachable=1 vtu_cross_max=8.382e-09
[COMBINED-LINEAR-SAMPLE-ENERGY] reachable=1 blocks=40
[L-XR1] compile arm=compiled in=2560 local_gram_delta=2.555e+00 capture_g=0.4871 capture_c=0.1585 offblock_rel=0.8447 cross_rel=0.0328
[L-R2] rank2 reachable=1 vtu_cross_max=1.118e-08
[COMBINED-LINEAR-SAMPLE-ENERGY] reachable=1 blocks=40
[L-XR1] compile arm=compiled in=2560 local_gram_delta=7.436e-01 capture_g=0.3877 capture_c=0.1270 offblock_rel=0.9026 cross_rel=0.0487
[L-R2] rank2 reachable=1 vtu_cross_max=6.054e-09
[COMBINED-LINEAR-SAMPLE-ENERGY] reachable=1 blocks=40
[L-XR1] compile arm=compiled in=2560 local_gram_delta=1.399e-01 capture_g=0.0537 capture_c=0.0272 offblock_rel=0.8702 cross_rel=0.0645
[L-R2] rank2 reachable=1 vtu_cross_max=1.863e-09
[COMBINED-LINEAR-SAMPLE-ENERGY] reachable=1 blocks=64
[L-XR1] compile arm=wide-no-gram in=None local_gram_delta=0.000e+00 capture_g=0.0000 capture_c=0.0000 offblock_rel=0.0000 cross_rel=0.0000
[L-R2] rank2 reachable=1 vtu_cross_max=6.286e-09
[COMBINED-LINEAR-SAMPLE-ENERGY] reachable=1 blocks=40
[L-XR1] compile arm=compiled in=2560 local_gram_delta=8.632e-01 capture_g=0.5373 capture_c=0.0399 offblock_rel=0.7397 cross_rel=0.0277
[L-R2] rank2 reachable=1 vtu_cross_max=1.024e-08
[COMBINED-LINEAR-SAMPLE-ENERGY] reachable=1 blocks=40
[L-XR1] compile arm=compiled in=2560 local_gram_delta=4.657e-01 capture_g=0.0669 capture_c=0.0245 offblock_rel=0.4977 cross_rel=0.0357
[L-R2] rank2 reachable=1 vtu_cross_max=5.239e-09
[COMBINED-LINEAR-SAMPLE-ENERGY] reachable=1 blocks=144
[L-XR1] compile arm=wide-no-gram in=None local_gram_delta=0.000e+00 capture_g=0.0000 capture_c=0.0000 offblock_rel=0.0000 cross_rel=0.0000
[L-R2] rank2 reachable=1 vtu_cross_max=6.054e-09
[COMBINED-LINEAR-SAMPLE-ENERGY] reachable=1 blocks=40
[L-XR1] compile arm=compiled in=2560 local_gram_delta=8.266e-01 capture_g=0.3444 capture_c=0.1020 offblock_rel=0.8189 cross_rel=0.0458
[L-R2] rank2 reachable=1 vtu_cross_max=2.212e-09
[COMBINED-LINEAR-SAMPLE-ENERGY] reachable=1 blocks=40
[L-XR1] compile arm=compiled in=2560 local_gram_delta=1.325e+00 capture_g=0.3357 capture_c=0.0854 offblock_rel=0.8329 cross_rel=0.0450
[L-R2] rank2 reachable=1 vtu_cross_max=4.191e-09
[COMBINED-LINEAR-SAMPLE-ENERGY] reachable=1 blocks=40
[L-XR1] compile arm=compiled in=2560 local_gram_delta=1.281e+00 capture_g=0.2988 capture_c=0.0591 offblock_rel=0.7421 cross_rel=0.0401
[L-R2] rank2 reachable=1 vtu_cross_max=1.001e-08
[COMBINED-LINEAR-SAMPLE-ENERGY] reachable=1 blocks=64
[L-XR1] compile arm=wide-no-gram in=None local_gram_delta=0.000e+00 capture_g=0.0000 capture_c=0.0000 offblock_rel=0.0000 cross_rel=0.0000
[L-R2] rank2 reachable=1 vtu_cross_max=3.027e-09
[COMBINED-LINEAR-SAMPLE-ENERGY] reachable=1 blocks=40
[L-XR1] compile arm=compiled in=2560 local_gram_delta=3.095e+00 capture_g=0.5796 capture_c=0.0559 offblock_rel=0.7889 cross_rel=0.0246
[L-R2] rank2 reachable=1 vtu_cross_max=1.118e-08
[COMBINED-LINEAR-SAMPLE-ENERGY] reachable=1 blocks=40
[L-XR1] compile arm=compiled in=2560 local_gram_delta=4.683e-01 capture_g=0.0667 capture_c=0.0115 offblock_rel=0.5228 cross_rel=0.0355
[L-R2] rank2 reachable=1 vtu_cross_max=5.122e-09
[COMBINED-LINEAR-SAMPLE-ENERGY] reachable=1 blocks=144
[L-XR1] compile arm=wide-no-gram in=None local_gram_delta=0.000e+00 capture_g=0.0000 capture_c=0.0000 offblock_rel=0.0000 cross_rel=0.0000
[L-R2] rank2 reachable=1 vtu_cross_max=2.794e-09
[COMBINED-LINEAR-SAMPLE-ENERGY] reachable=1 blocks=40
[L-XR1] compile arm=compiled in=2560 local_gram_delta=2.008e+00 capture_g=0.4862 capture_c=0.1677 offblock_rel=0.8859 cross_rel=0.0367
[L-R2] rank2 reachable=1 vtu_cross_max=1.118e-08
[COMBINED-LINEAR-SAMPLE-ENERGY] reachable=1 blocks=40
[L-XR1] compile arm=compiled in=2560 local_gram_delta=2.673e+00 capture_g=0.4131 capture_c=0.1836 offblock_rel=0.8809 cross_rel=0.0344
[L-R2] rank2 reachable=1 vtu_cross_max=6.519e-09
[COMBINED-LINEAR-SAMPLE-ENERGY] reachable=1 blocks=40
[L-XR1] compile arm=compiled in=2560 local_gram_delta=2.551e+00 capture_g=0.3521 capture_c=0.1514 offblock_rel=0.7857 cross_rel=0.0384
[L-R2] rank2 reachable=1 vtu_cross_max=9.313e-10
[COMBINED-LINEAR-SAMPLE-ENERGY] reachable=1 blocks=64
[L-XR1] compile arm=wide-no-gram in=None local_gram_delta=0.000e+00 capture_g=0.0000 capture_c=0.0000 offblock_rel=0.0000 cross_rel=0.0000
[L-R2] rank2 reachable=1 vtu_cross_max=4.191e-09
[COMBINED-LINEAR-SAMPLE-ENERGY] reachable=1 blocks=40
[L-XR1] compile arm=compiled in=2560 local_gram_delta=4.827e+00 capture_g=0.6403 capture_c=0.1066 offblock_rel=0.8139 cross_rel=0.0225
[L-R2] rank2 reachable=1 vtu_cross_max=7.451e-09
[COMBINED-LINEAR-SAMPLE-ENERGY] reachable=1 blocks=40
[L-XR1] compile arm=compiled in=2560 local_gram_delta=1.198e+00 capture_g=0.1623 capture_c=0.0283 offblock_rel=0.6140 cross_rel=0.0325
[L-R2] rank2 reachable=1 vtu_cross_max=2.095e-09
[COMBINED-LINEAR-SAMPLE-ENERGY] reachable=1 blocks=144
[L-XR1] compile arm=wide-no-gram in=None local_gram_delta=0.000e+00 capture_g=0.0000 capture_c=0.0000 offblock_rel=0.0000 cross_rel=0.0000
[L-R2] rank2 reachable=1 vtu_cross_max=7.451e-09
[COMBINED-LINEAR-SAMPLE-ENERGY] reachable=1 blocks=40
[L-XR1] compile arm=compiled in=2560 local_gram_delta=3.132e+00 capture_g=0.5568 capture_c=0.1184 offblock_rel=0.8698 cross_rel=0.0356
[L-R2] rank2 reachable=1 vtu_cross_max=4.657e-09
[COMBINED-LINEAR-SAMPLE-ENERGY] reachable=1 blocks=40
[L-XR1] compile arm=compiled in=2560 local_gram_delta=6.105e+00 capture_g=0.6929 capture_c=0.1620 offblock_rel=0.8878 cross_rel=0.0287
[L-R2] rank2 reachable=1 vtu_cross_max=9.313e-09
[COMBINED-LINEAR-SAMPLE-ENERGY] reachable=1 blocks=40
[L-XR1] compile arm=compiled in=2560 local_gram_delta=1.523e+00 capture_g=0.3628 capture_c=0.0508 offblock_rel=0.7555 cross_rel=0.0469
[L-R2] rank2 reachable=1 vtu_cross_max=5.704e-09
[COMBINED-LINEAR-SAMPLE-ENERGY] reachable=1 blocks=64
[L-XR1] compile arm=wide-no-gram in=None local_gram_delta=0.000e+00 capture_g=0.0000 capture_c=0.0000 offblock_rel=0.0000 cross_rel=0.0000
[L-R2] rank2 reachable=1 vtu_cross_max=9.080e-09
[COMBINED-LINEAR-SAMPLE-ENERGY] reachable=1 blocks=40
[L-XR1] compile arm=compiled in=2560 local_gram_delta=8.656e+00 capture_g=0.8443 capture_c=0.1536 offblock_rel=0.8959 cross_rel=0.0173
[L-R2] rank2 reachable=1 vtu_cross_max=9.313e-09
[COMBINED-LINEAR-SAMPLE-ENERGY] reachable=1 blocks=40
[L-XR1] compile arm=compiled in=2560 local_gram_delta=1.491e-01 capture_g=0.0624 capture_c=0.0122 offblock_rel=0.5419 cross_rel=0.0357
[L-R2] rank2 reachable=1 vtu_cross_max=6.519e-09
[COMBINED-LINEAR-SAMPLE-ENERGY] reachable=1 blocks=144
[L-XR1] compile arm=wide-no-gram in=None local_gram_delta=0.000e+00 capture_g=0.0000 capture_c=0.0000 offblock_rel=0.0000 cross_rel=0.0000
[L-XR1] dynamic arm=applied groups=5116 changed=5116 min_cost=-7.963469e-01 pred_cost=-2.035992e+02 grad_mean=5.709e-02 local_mean=4.929e-02 lowrank_mean=2.188e-02 cross_mean=1.234e-02
[L-XR1] dynamic arm=applied groups=5117 changed=5117 min_cost=-1.335320e+00 pred_cost=-1.945400e+02 grad_mean=5.548e-02 local_mean=4.814e-02 lowrank_mean=2.000e-02 cross_mean=1.323e-02
[L-XR1] dynamic arm=applied groups=20465 changed=20465 min_cost=-3.428882e-01 pred_cost=-2.163407e+02 grad_mean=1.497e-02 local_mean=1.224e-02 lowrank_mean=6.123e-03 cross_mean=5.072e-03
[L-XR1] dynamic arm=applied groups=20463 changed=20463 min_cost=-2.525057e-01 pred_cost=-2.091466e+02 grad_mean=1.468e-02 local_mean=1.193e-02 lowrank_mean=6.037e-03 cross_mean=5.071e-03
[L-XR1] dynamic arm=applied groups=5110 changed=5110 min_cost=-4.120999e-02 pred_cost=-3.304810e+01 grad_mean=1.310e-02 local_mean=1.249e-02 lowrank_mean=2.498e-03 cross_mean=2.587e-03
[L-XR1] dynamic arm=applied groups=5105 changed=5105 min_cost=-4.000823e-02 pred_cost=-3.082266e+01 grad_mean=1.274e-02 local_mean=1.216e-02 lowrank_mean=2.280e-03 cross_mean=2.514e-03
[L-XR1] dynamic arm=applied groups=5097 changed=5097 min_cost=-1.659871e-01 pred_cost=-4.995919e+01 grad_mean=3.324e-02 local_mean=3.003e-02 lowrank_mean=1.031e-02 cross_mean=4.688e-03
[L-XR1] dynamic arm=applied groups=5099 changed=5099 min_cost=-1.225711e-01 pred_cost=-4.155807e+01 grad_mean=3.120e-02 local_mean=2.860e-02 lowrank_mean=9.174e-03 cross_mean=4.047e-03
[L-XR1] dynamic arm=applied groups=19929 changed=19929 min_cost=-1.036643e-01 pred_cost=-7.465644e+01 grad_mean=2.236e-02 local_mean=2.211e-02 lowrank_mean=1.583e-03 cross_mean=1.335e-03
[L-XR1] dynamic arm=applied groups=19948 changed=19948 min_cost=-5.513999e-02 pred_cost=-6.917075e+01 grad_mean=2.158e-02 local_mean=2.134e-02 lowrank_mean=1.562e-03 cross_mean=1.140e-03
[L-XR1] dynamic arm=applied groups=20442 changed=20442 min_cost=-2.581117e-01 pred_cost=-2.830232e+02 grad_mean=2.483e-02 local_mean=2.254e-02 lowrank_mean=7.726e-03 cross_mean=5.276e-03
[L-XR1] dynamic arm=applied groups=20442 changed=20442 min_cost=-2.128354e-01 pred_cost=-2.733819e+02 grad_mean=2.430e-02 local_mean=2.202e-02 lowrank_mean=7.564e-03 cross_mean=5.338e-03
[L-XR1] dynamic arm=applied groups=5114 changed=5114 min_cost=-2.009100e-01 pred_cost=-8.957446e+01 grad_mean=2.969e-02 local_mean=2.710e-02 lowrank_mean=9.287e-03 cross_mean=5.543e-03
[L-XR1] dynamic arm=applied groups=5111 changed=5111 min_cost=-2.900016e-01 pred_cost=-8.883242e+01 grad_mean=2.960e-02 local_mean=2.687e-02 lowrank_mean=9.336e-03 cross_mean=5.812e-03
[L-XR1] dynamic arm=applied groups=20435 changed=20435 min_cost=-2.380220e-01 pred_cost=-3.984488e+02 grad_mean=4.371e-02 local_mean=4.126e-02 lowrank_mean=1.033e-02 cross_mean=6.456e-03
[L-XR1] dynamic arm=applied groups=20418 changed=20418 min_cost=-3.546658e-01 pred_cost=-3.698333e+02 grad_mean=4.233e-02 local_mean=4.011e-02 lowrank_mean=1.013e-02 cross_mean=5.755e-03
[L-XR1] dynamic arm=applied groups=20387 changed=20387 min_cost=-4.296940e-01 pred_cost=-2.367182e+02 grad_mean=3.590e-02 local_mean=3.251e-02 lowrank_mean=1.048e-02 cross_mean=5.261e-03
[L-XR1] dynamic arm=applied groups=20393 changed=20393 min_cost=-2.713917e-01 pred_cost=-2.130217e+02 grad_mean=3.459e-02 local_mean=3.158e-02 lowrank_mean=9.976e-03 cross_mean=4.313e-03
[L-XR1] dynamic arm=applied groups=4987 changed=4987 min_cost=-5.089429e-02 pred_cost=-2.759622e+01 grad_mean=2.860e-02 local_mean=2.838e-02 lowrank_mean=2.033e-03 cross_mean=1.225e-03
[L-XR1] dynamic arm=applied groups=4991 changed=4991 min_cost=-4.161271e-02 pred_cost=-2.554717e+01 grad_mean=2.787e-02 local_mean=2.766e-02 lowrank_mean=1.998e-03 cross_mean=1.190e-03
[L-XR1] dynamic arm=applied groups=5120 changed=5120 min_cost=-3.319460e-01 pred_cost=-1.140645e+02 grad_mean=3.333e-02 local_mean=2.661e-02 lowrank_mean=1.598e-02 cross_mean=9.049e-03
[L-XR1] dynamic arm=applied groups=5118 changed=5118 min_cost=-4.478105e-01 pred_cost=-1.094947e+02 grad_mean=3.265e-02 local_mean=2.647e-02 lowrank_mean=1.517e-02 cross_mean=9.195e-03
[L-XR1] dynamic arm=applied groups=20469 changed=20469 min_cost=-6.388582e-01 pred_cost=-4.117427e+02 grad_mean=3.231e-02 local_mean=2.669e-02 lowrank_mean=1.390e-02 cross_mean=9.117e-03
[L-XR1] dynamic arm=applied groups=20467 changed=20467 min_cost=-7.658234e-01 pred_cost=-4.134761e+02 grad_mean=3.255e-02 local_mean=2.701e-02 lowrank_mean=1.374e-02 cross_mean=8.862e-03
[L-XR1] dynamic arm=applied groups=5109 changed=5109 min_cost=-9.769354e-01 pred_cost=-1.350605e+02 grad_mean=4.928e-02 local_mean=4.639e-02 lowrank_mean=1.092e-02 cross_mean=8.127e-03
[L-XR1] dynamic arm=applied groups=5111 changed=5111 min_cost=-8.705008e-01 pred_cost=-1.351131e+02 grad_mean=4.908e-02 local_mean=4.598e-02 lowrank_mean=1.179e-02 cross_mean=7.430e-03
[L-XR1] dynamic arm=applied groups=5118 changed=5118 min_cost=-5.252419e-01 pred_cost=-9.626125e+01 grad_mean=4.750e-02 local_mean=4.340e-02 lowrank_mean=1.381e-02 cross_mean=7.307e-03
[L-XR1] dynamic arm=applied groups=5113 changed=5113 min_cost=-5.899612e-01 pred_cost=-8.989455e+01 grad_mean=4.635e-02 local_mean=4.269e-02 lowrank_mean=1.169e-02 cross_mean=8.930e-03
[L-XR1] dynamic arm=applied groups=20368 changed=20368 min_cost=-1.069699e-01 pred_cost=-1.740944e+02 grad_mean=3.479e-02 local_mean=3.433e-02 lowrank_mean=3.963e-03 cross_mean=2.028e-03
[L-XR1] dynamic arm=applied groups=20365 changed=20365 min_cost=-1.120151e-01 pred_cost=-1.802681e+02 grad_mean=3.504e-02 local_mean=3.451e-02 lowrank_mean=4.166e-03 cross_mean=2.214e-03
[L-XR1] dynamic arm=applied groups=20462 changed=20462 min_cost=-2.153284e+00 pred_cost=-9.400701e+02 grad_mean=5.480e-02 local_mean=4.694e-02 lowrank_mean=2.030e-02 cross_mean=1.376e-02
[L-XR1] dynamic arm=applied groups=20463 changed=20463 min_cost=-1.025771e+00 pred_cost=-9.337386e+02 grad_mean=5.448e-02 local_mean=4.678e-02 lowrank_mean=2.075e-02 cross_mean=1.182e-02
[L-XR1] dynamic arm=applied groups=5119 changed=5119 min_cost=-1.477597e+00 pred_cost=-3.056788e+02 grad_mean=6.626e-02 local_mean=5.445e-02 lowrank_mean=3.114e-02 cross_mean=1.269e-02
[L-XR1] dynamic arm=applied groups=5118 changed=5118 min_cost=-2.380946e+00 pred_cost=-3.446120e+02 grad_mean=6.915e-02 local_mean=5.416e-02 lowrank_mean=3.101e-02 cross_mean=1.807e-02
[L-XR1] dynamic arm=applied groups=20459 changed=20459 min_cost=-2.733788e+00 pred_cost=-1.312604e+03 grad_mean=7.726e-02 local_mean=6.986e-02 lowrank_mean=2.134e-02 cross_mean=1.757e-02
[L-XR1] dynamic arm=applied groups=20449 changed=20449 min_cost=-1.537044e+00 pred_cost=-1.221495e+03 grad_mean=7.616e-02 local_mean=7.061e-02 lowrank_mean=2.105e-02 cross_mean=1.130e-02
[L-XR1] dynamic arm=applied groups=20455 changed=20455 min_cost=-2.492011e+00 pred_cost=-1.971805e+03 grad_mean=1.120e-01 local_mean=8.156e-02 lowrank_mean=4.678e-02 cross_mean=3.781e-02
[L-XR1] dynamic arm=applied groups=20450 changed=20450 min_cost=-2.978180e+00 pred_cost=-1.564124e+03 grad_mean=1.033e-01 local_mean=8.163e-02 lowrank_mean=4.388e-02 cross_mean=2.457e-02
[L-XR1] dynamic arm=applied groups=5060 changed=5060 min_cost=-1.411627e-01 pred_cost=-9.759081e+01 grad_mean=4.735e-02 local_mean=4.672e-02 lowrank_mean=4.773e-03 cross_mean=2.493e-03
[L-XR1] dynamic arm=applied groups=5061 changed=5061 min_cost=-1.394583e-01 pred_cost=-9.165347e+01 grad_mean=4.615e-02 local_mean=4.557e-02 lowrank_mean=4.395e-03 cross_mean=2.459e-03
{'protocol': 'eval-v3', 'records': 1, 'reasonableness_issues': 0}
