[L-R2] rank2 reachable=1 vtu_cross_max=2.445e-09
[COMBINED-LINEAR-SAMPLE-ENERGY] reachable=1 blocks=40
[L-EM2] compile arm=compiled in=2560 gram_diag_mean=3.739544e-01 h_norm=1.2646e+01
[L-R2] rank2 reachable=1 vtu_cross_max=3.725e-09
[COMBINED-LINEAR-SAMPLE-ENERGY] reachable=1 blocks=40
[L-EM2] compile arm=compiled in=2560 gram_diag_mean=3.609391e-01 h_norm=4.7984e+01
[L-R2] rank2 reachable=1 vtu_cross_max=3.260e-09
[COMBINED-LINEAR-SAMPLE-ENERGY] reachable=1 blocks=40
[L-EM2] compile arm=compiled in=2560 gram_diag_mean=7.580103e-01 h_norm=9.0512e+01
[L-R2] rank2 reachable=1 vtu_cross_max=5.588e-09
[COMBINED-LINEAR-SAMPLE-ENERGY] reachable=1 blocks=64
[L-EM2] compile arm=compiled in=4096 gram_diag_mean=4.892622e-01 h_norm=9.9974e+01
[L-R2] rank2 reachable=1 vtu_cross_max=6.054e-09
[COMBINED-LINEAR-SAMPLE-ENERGY] reachable=1 blocks=40
[L-EM2] compile arm=compiled in=2560 gram_diag_mean=7.872699e-01 h_norm=8.2960e+01
[L-R2] rank2 reachable=1 vtu_cross_max=6.519e-09
[COMBINED-LINEAR-SAMPLE-ENERGY] reachable=1 blocks=40
[L-EM2] compile arm=compiled in=2560 gram_diag_mean=6.648925e-01 h_norm=5.7859e+01
[L-R2] rank2 reachable=1 vtu_cross_max=2.328e-09
[COMBINED-LINEAR-SAMPLE-ENERGY] reachable=1 blocks=144
[L-EM2] compile arm=out-of-scope in=9216 gram_diag_mean=0.000000e+00 h_norm=0.0000e+00
[L-R2] rank2 reachable=1 vtu_cross_max=8.615e-09
[COMBINED-LINEAR-SAMPLE-ENERGY] reachable=1 blocks=40
[L-EM2] compile arm=compiled in=2560 gram_diag_mean=3.921230e-01 h_norm=6.5740e+01
[L-R2] rank2 reachable=1 vtu_cross_max=5.763e-09
[COMBINED-LINEAR-SAMPLE-ENERGY] reachable=1 blocks=40
[L-EM2] compile arm=compiled in=2560 gram_diag_mean=4.828611e-01 h_norm=8.4909e+01
[L-R2] rank2 reachable=1 vtu_cross_max=1.863e-09
[COMBINED-LINEAR-SAMPLE-ENERGY] reachable=1 blocks=40
[L-EM2] compile arm=compiled in=2560 gram_diag_mean=7.158596e-01 h_norm=7.9108e+01
[L-R2] rank2 reachable=1 vtu_cross_max=9.313e-10
[COMBINED-LINEAR-SAMPLE-ENERGY] reachable=1 blocks=64
[L-EM2] compile arm=compiled in=4096 gram_diag_mean=5.006653e-01 h_norm=8.6517e+01
[L-R2] rank2 reachable=1 vtu_cross_max=3.725e-09
[COMBINED-LINEAR-SAMPLE-ENERGY] reachable=1 blocks=40
[L-EM2] compile arm=compiled in=2560 gram_diag_mean=9.527178e-01 h_norm=1.2981e+02
[L-R2] rank2 reachable=1 vtu_cross_max=7.916e-09
[COMBINED-LINEAR-SAMPLE-ENERGY] reachable=1 blocks=40
[L-EM2] compile arm=compiled in=2560 gram_diag_mean=6.387160e-01 h_norm=5.4860e+01
[L-R2] rank2 reachable=1 vtu_cross_max=4.657e-09
[COMBINED-LINEAR-SAMPLE-ENERGY] reachable=1 blocks=144
[L-EM2] compile arm=out-of-scope in=9216 gram_diag_mean=0.000000e+00 h_norm=0.0000e+00
[L-R2] rank2 reachable=1 vtu_cross_max=1.164e-09
[COMBINED-LINEAR-SAMPLE-ENERGY] reachable=1 blocks=40
[L-EM2] compile arm=compiled in=2560 gram_diag_mean=7.014470e-01 h_norm=1.4711e+02
[L-R2] rank2 reachable=1 vtu_cross_max=3.725e-09
[COMBINED-LINEAR-SAMPLE-ENERGY] reachable=1 blocks=40
[L-EM2] compile arm=compiled in=2560 gram_diag_mean=1.716635e-01 h_norm=4.4128e+01
[L-R2] rank2 reachable=1 vtu_cross_max=1.164e-08
[COMBINED-LINEAR-SAMPLE-ENERGY] reachable=1 blocks=40
[L-EM2] compile arm=compiled in=2560 gram_diag_mean=2.982883e-01 h_norm=5.0044e+01
[L-R2] rank2 reachable=1 vtu_cross_max=5.588e-09
[COMBINED-LINEAR-SAMPLE-ENERGY] reachable=1 blocks=64
[L-EM2] compile arm=compiled in=4096 gram_diag_mean=5.510036e-01 h_norm=9.7686e+01
[L-R2] rank2 reachable=1 vtu_cross_max=1.048e-08
[COMBINED-LINEAR-SAMPLE-ENERGY] reachable=1 blocks=40
[L-EM2] compile arm=compiled in=2560 gram_diag_mean=1.337850e+00 h_norm=1.9537e+02
[L-R2] rank2 reachable=1 vtu_cross_max=5.122e-09
[COMBINED-LINEAR-SAMPLE-ENERGY] reachable=1 blocks=40
[L-EM2] compile arm=compiled in=2560 gram_diag_mean=7.640371e-01 h_norm=6.6008e+01
[L-R2] rank2 reachable=1 vtu_cross_max=4.424e-09
[COMBINED-LINEAR-SAMPLE-ENERGY] reachable=1 blocks=144
[L-EM2] compile arm=out-of-scope in=9216 gram_diag_mean=0.000000e+00 h_norm=0.0000e+00
[L-R2] rank2 reachable=1 vtu_cross_max=7.451e-09
[COMBINED-LINEAR-SAMPLE-ENERGY] reachable=1 blocks=40
[L-EM2] compile arm=compiled in=2560 gram_diag_mean=5.027320e-01 h_norm=8.7243e+01
[L-R2] rank2 reachable=1 vtu_cross_max=1.397e-09
[COMBINED-LINEAR-SAMPLE-ENERGY] reachable=1 blocks=40
[L-EM2] compile arm=compiled in=2560 gram_diag_mean=5.528332e-01 h_norm=1.1706e+02
[L-R2] rank2 reachable=1 vtu_cross_max=7.334e-09
[COMBINED-LINEAR-SAMPLE-ENERGY] reachable=1 blocks=40
[L-EM2] compile arm=compiled in=2560 gram_diag_mean=8.567174e-01 h_norm=1.0118e+02
[L-R2] rank2 reachable=1 vtu_cross_max=1.397e-09
[COMBINED-LINEAR-SAMPLE-ENERGY] reachable=1 blocks=64
[L-EM2] compile arm=compiled in=4096 gram_diag_mean=5.861745e-01 h_norm=9.9500e+01
[L-R2] rank2 reachable=1 vtu_cross_max=7.451e-09
[COMBINED-LINEAR-SAMPLE-ENERGY] reachable=1 blocks=40
[L-EM2] compile arm=compiled in=2560 gram_diag_mean=1.736063e+00 h_norm=3.2425e+02
[L-R2] rank2 reachable=1 vtu_cross_max=6.519e-09
[COMBINED-LINEAR-SAMPLE-ENERGY] reachable=1 blocks=40
[L-EM2] compile arm=compiled in=2560 gram_diag_mean=9.521372e-01 h_norm=9.1442e+01
[L-R2] rank2 reachable=1 vtu_cross_max=5.821e-09
[COMBINED-LINEAR-SAMPLE-ENERGY] reachable=1 blocks=144
[L-EM2] compile arm=out-of-scope in=9216 gram_diag_mean=0.000000e+00 h_norm=0.0000e+00
[L-EM2] dynamic arm=applied groups=640 passes=2 accepted_steps=32 accepted_groups=316385 changed=272063 rows=512 grad_mean=8.791e-03 error=-
[L-EM2] dynamic arm=applied groups=640 passes=2 accepted_steps=32 accepted_groups=320192 changed=275301 rows=512 grad_mean=8.290e-03 error=-
[L-EM2] dynamic arm=applied groups=640 passes=2 accepted_steps=32 accepted_groups=77211 changed=64947 rows=128 grad_mean=9.807e-03 error=-
[L-EM2] dynamic arm=applied groups=640 passes=2 accepted_steps=32 accepted_groups=78068 changed=65565 rows=128 grad_mean=9.370e-03 error=-
[L-EM2] dynamic arm=applied groups=640 passes=2 accepted_steps=32 accepted_groups=256237 changed=208280 rows=512 grad_mean=1.818e-02 error=-
[L-EM2] dynamic arm=applied groups=640 passes=2 accepted_steps=32 accepted_groups=257299 changed=209008 rows=512 grad_mean=1.700e-02 error=-
[L-EM2] dynamic arm=applied groups=1024 passes=2 accepted_steps=32 accepted_groups=179925 changed=148427 rows=128 grad_mean=5.334e-04 error=-
[L-EM2] dynamic arm=applied groups=1024 passes=2 accepted_steps=32 accepted_groups=176550 changed=146440 rows=128 grad_mean=4.847e-04 error=-
[L-EM2] dynamic arm=applied groups=640 passes=2 accepted_steps=32 accepted_groups=179009 changed=138944 rows=512 grad_mean=1.679e-02 error=-
[L-EM2] dynamic arm=applied groups=640 passes=2 accepted_steps=32 accepted_groups=177211 changed=137661 rows=512 grad_mean=1.604e-02 error=-
[L-EM2] dynamic arm=applied groups=640 passes=2 accepted_steps=32 accepted_groups=44648 changed=37857 rows=128 grad_mean=1.506e-02 error=-
[L-EM2] dynamic arm=applied groups=640 passes=2 accepted_steps=32 accepted_groups=44492 changed=37695 rows=128 grad_mean=1.445e-02 error=-
[L-EM2] dynamic arm=applied groups=640 passes=2 accepted_steps=32 accepted_groups=82470 changed=69422 rows=128 grad_mean=1.731e-02 error=-
[L-EM2] dynamic arm=applied groups=640 passes=2 accepted_steps=32 accepted_groups=82564 changed=69470 rows=128 grad_mean=1.695e-02 error=-
[L-EM2] dynamic arm=applied groups=640 passes=2 accepted_steps=32 accepted_groups=335383 changed=286578 rows=512 grad_mean=1.934e-02 error=-
[L-EM2] dynamic arm=applied groups=640 passes=2 accepted_steps=32 accepted_groups=333550 changed=284931 rows=512 grad_mean=1.830e-02 error=-
[L-EM2] dynamic arm=applied groups=640 passes=2 accepted_steps=32 accepted_groups=64730 changed=52880 rows=128 grad_mean=3.111e-02 error=-
[L-EM2] dynamic arm=applied groups=640 passes=2 accepted_steps=32 accepted_groups=65156 changed=53485 rows=128 grad_mean=3.061e-02 error=-
[L-EM2] dynamic arm=applied groups=1024 passes=2 accepted_steps=32 accepted_groups=672683 changed=542235 rows=512 grad_mean=2.105e-03 error=-
[L-EM2] dynamic arm=applied groups=1024 passes=2 accepted_steps=32 accepted_groups=658490 changed=529434 rows=512 grad_mean=1.942e-03 error=-
[L-EM2] dynamic arm=applied groups=640 passes=2 accepted_steps=32 accepted_groups=50210 changed=40096 rows=128 grad_mean=3.870e-02 error=-
[L-EM2] dynamic arm=applied groups=640 passes=2 accepted_steps=32 accepted_groups=50561 changed=40127 rows=128 grad_mean=3.818e-02 error=-
[L-EM2] dynamic arm=applied groups=640 passes=2 accepted_steps=32 accepted_groups=192274 changed=153280 rows=512 grad_mean=2.594e-02 error=-
[L-EM2] dynamic arm=applied groups=640 passes=2 accepted_steps=32 accepted_groups=190520 changed=151755 rows=512 grad_mean=2.491e-02 error=-
[L-EM2] dynamic arm=applied groups=640 passes=2 accepted_steps=32 accepted_groups=275183 changed=233736 rows=512 grad_mean=3.514e-02 error=-
[L-EM2] dynamic arm=applied groups=640 passes=2 accepted_steps=32 accepted_groups=266620 changed=225646 rows=512 grad_mean=3.447e-02 error=-
[L-EM2] dynamic arm=applied groups=640 passes=2 accepted_steps=32 accepted_groups=81736 changed=70480 rows=128 grad_mean=1.116e-02 error=-
[L-EM2] dynamic arm=applied groups=640 passes=2 accepted_steps=32 accepted_groups=79680 changed=69309 rows=128 grad_mean=1.126e-02 error=-
[L-EM2] dynamic arm=applied groups=640 passes=2 accepted_steps=32 accepted_groups=377467 changed=323684 rows=512 grad_mean=1.516e-02 error=-
[L-EM2] dynamic arm=applied groups=640 passes=2 accepted_steps=32 accepted_groups=369514 changed=317110 rows=512 grad_mean=1.520e-02 error=-
[L-EM2] dynamic arm=applied groups=1024 passes=2 accepted_steps=32 accepted_groups=166593 changed=138551 rows=128 grad_mean=2.852e-03 error=-
[L-EM2] dynamic arm=applied groups=1024 passes=2 accepted_steps=32 accepted_groups=167614 changed=138882 rows=128 grad_mean=2.916e-03 error=-
[L-EM2] dynamic arm=applied groups=640 passes=2 accepted_steps=32 accepted_groups=208416 changed=164570 rows=512 grad_mean=7.002e-02 error=-
[L-EM2] dynamic arm=applied groups=640 passes=2 accepted_steps=32 accepted_groups=201710 changed=158792 rows=512 grad_mean=7.092e-02 error=-
[L-EM2] dynamic arm=applied groups=640 passes=2 accepted_steps=32 accepted_groups=47304 changed=40232 rows=128 grad_mean=4.102e-02 error=-
[L-EM2] dynamic arm=applied groups=640 passes=2 accepted_steps=32 accepted_groups=47003 changed=39960 rows=128 grad_mean=4.038e-02 error=-
[L-EM2] dynamic arm=applied groups=640 passes=2 accepted_steps=32 accepted_groups=85867 changed=71760 rows=128 grad_mean=3.136e-02 error=-
[L-EM2] dynamic arm=applied groups=640 passes=2 accepted_steps=32 accepted_groups=86761 changed=72822 rows=128 grad_mean=3.154e-02 error=-
[L-EM2] dynamic arm=applied groups=640 passes=2 accepted_steps=32 accepted_groups=267268 changed=221008 rows=512 grad_mean=4.138e-02 error=-
[L-EM2] dynamic arm=applied groups=640 passes=2 accepted_steps=32 accepted_groups=261323 changed=216590 rows=512 grad_mean=4.188e-02 error=-
[L-EM2] dynamic arm=applied groups=640 passes=2 accepted_steps=32 accepted_groups=64104 changed=51017 rows=128 grad_mean=5.634e-02 error=-
[L-EM2] dynamic arm=applied groups=640 passes=2 accepted_steps=32 accepted_groups=62745 changed=50069 rows=128 grad_mean=5.736e-02 error=-
[L-EM2] dynamic arm=applied groups=1024 passes=2 accepted_steps=32 accepted_groups=711768 changed=571154 rows=512 grad_mean=4.178e-03 error=-
[L-EM2] dynamic arm=applied groups=1024 passes=2 accepted_steps=32 accepted_groups=720141 changed=579581 rows=512 grad_mean=4.450e-03 error=-
[L-EM2] dynamic arm=applied groups=640 passes=2 accepted_steps=32 accepted_groups=36485 changed=28191 rows=128 grad_mean=1.249e-01 error=-
[L-EM2] dynamic arm=applied groups=640 passes=2 accepted_steps=32 accepted_groups=35543 changed=27130 rows=128 grad_mean=1.247e-01 error=-
[L-EM2] dynamic arm=applied groups=640 passes=2 accepted_steps=32 accepted_groups=207777 changed=154823 rows=512 grad_mean=6.032e-02 error=-
[L-EM2] dynamic arm=applied groups=640 passes=2 accepted_steps=32 accepted_groups=203328 changed=152258 rows=512 grad_mean=6.171e-02 error=-
