[L-R2] rank2 reachable=1 vtu_cross_max=5.588e-09
[COMBINED-LINEAR-SAMPLE-ENERGY] reachable=1 blocks=40
[L-EM2] compile arm=compiled in=2560 gram_diag_mean=6.626585e-01 h_norm=1.0747e+02
[L-R2] rank2 reachable=1 vtu_cross_max=9.313e-10
[COMBINED-LINEAR-SAMPLE-ENERGY] reachable=1 blocks=40
[L-EM2] compile arm=compiled in=2560 gram_diag_mean=1.702063e-01 h_norm=3.1990e+01
[L-R2] rank2 reachable=1 vtu_cross_max=9.779e-09
[COMBINED-LINEAR-SAMPLE-ENERGY] reachable=1 blocks=40
[L-EM2] compile arm=compiled in=2560 gram_diag_mean=1.637652e-01 h_norm=2.4858e+01
[L-R2] rank2 reachable=1 vtu_cross_max=8.033e-09
[COMBINED-LINEAR-SAMPLE-ENERGY] reachable=1 blocks=64
[L-EM2] compile arm=compiled in=4096 gram_diag_mean=5.088800e-01 h_norm=1.0572e+02
[L-R2] rank2 reachable=1 vtu_cross_max=6.519e-09
[COMBINED-LINEAR-SAMPLE-ENERGY] reachable=1 blocks=40
[L-EM2] compile arm=compiled in=2560 gram_diag_mean=1.027571e+00 h_norm=1.5703e+02
[L-R2] rank2 reachable=1 vtu_cross_max=4.657e-09
[COMBINED-LINEAR-SAMPLE-ENERGY] reachable=1 blocks=40
[L-EM2] compile arm=compiled in=2560 gram_diag_mean=6.348262e-01 h_norm=5.3738e+01
[L-R2] rank2 reachable=1 vtu_cross_max=3.027e-09
[COMBINED-LINEAR-SAMPLE-ENERGY] reachable=1 blocks=144
[L-EM2] compile arm=out-of-scope in=9216 gram_diag_mean=0.000000e+00 h_norm=0.0000e+00
[L-R2] rank2 reachable=1 vtu_cross_max=2.794e-09
[COMBINED-LINEAR-SAMPLE-ENERGY] reachable=1 blocks=40
[L-EM2] compile arm=compiled in=2560 gram_diag_mean=4.281827e-01 h_norm=6.6711e+01
[L-R2] rank2 reachable=1 vtu_cross_max=4.424e-09
[COMBINED-LINEAR-SAMPLE-ENERGY] reachable=1 blocks=40
[L-EM2] compile arm=compiled in=2560 gram_diag_mean=3.882199e-01 h_norm=5.9432e+01
[L-R2] rank2 reachable=1 vtu_cross_max=3.725e-09
[COMBINED-LINEAR-SAMPLE-ENERGY] reachable=1 blocks=40
[L-EM2] compile arm=compiled in=2560 gram_diag_mean=7.263753e-01 h_norm=2.2027e+01
[L-R2] rank2 reachable=1 vtu_cross_max=5.588e-09
[COMBINED-LINEAR-SAMPLE-ENERGY] reachable=1 blocks=64
[L-EM2] compile arm=compiled in=4096 gram_diag_mean=4.746353e-01 h_norm=8.5694e+01
[L-R2] rank2 reachable=1 vtu_cross_max=3.492e-09
[COMBINED-LINEAR-SAMPLE-ENERGY] reachable=1 blocks=40
[L-EM2] compile arm=compiled in=2560 gram_diag_mean=8.939406e-01 h_norm=1.2006e+02
[L-R2] rank2 reachable=1 vtu_cross_max=5.588e-09
[COMBINED-LINEAR-SAMPLE-ENERGY] reachable=1 blocks=40
[L-EM2] compile arm=compiled in=2560 gram_diag_mean=6.488587e-01 h_norm=8.5976e+00
[L-R2] rank2 reachable=1 vtu_cross_max=4.657e-09
[COMBINED-LINEAR-SAMPLE-ENERGY] reachable=1 blocks=144
[L-EM2] compile arm=out-of-scope in=9216 gram_diag_mean=0.000000e+00 h_norm=0.0000e+00
[L-R2] rank2 reachable=1 vtu_cross_max=2.328e-09
[COMBINED-LINEAR-SAMPLE-ENERGY] reachable=1 blocks=40
[L-EM2] compile arm=compiled in=2560 gram_diag_mean=4.558631e-01 h_norm=8.4345e+01
[L-R2] rank2 reachable=1 vtu_cross_max=8.382e-09
[COMBINED-LINEAR-SAMPLE-ENERGY] reachable=1 blocks=40
[L-EM2] compile arm=compiled in=2560 gram_diag_mean=4.479988e-01 h_norm=9.7371e+01
[L-R2] rank2 reachable=1 vtu_cross_max=6.054e-09
[COMBINED-LINEAR-SAMPLE-ENERGY] reachable=1 blocks=40
[L-EM2] compile arm=compiled in=2560 gram_diag_mean=6.911080e-01 h_norm=9.1293e+01
[L-R2] rank2 reachable=1 vtu_cross_max=3.492e-09
[COMBINED-LINEAR-SAMPLE-ENERGY] reachable=1 blocks=64
[L-EM2] compile arm=compiled in=4096 gram_diag_mean=4.099765e-01 h_norm=8.4165e+01
[L-R2] rank2 reachable=1 vtu_cross_max=2.561e-09
[COMBINED-LINEAR-SAMPLE-ENERGY] reachable=1 blocks=40
[L-EM2] compile arm=compiled in=2560 gram_diag_mean=8.293039e-01 h_norm=1.2340e+02
[L-R2] rank2 reachable=1 vtu_cross_max=2.794e-09
[COMBINED-LINEAR-SAMPLE-ENERGY] reachable=1 blocks=40
[L-EM2] compile arm=compiled in=2560 gram_diag_mean=7.323298e-01 h_norm=1.8501e+01
[L-R2] rank2 reachable=1 vtu_cross_max=7.683e-09
[COMBINED-LINEAR-SAMPLE-ENERGY] reachable=1 blocks=144
[L-EM2] compile arm=out-of-scope in=9216 gram_diag_mean=0.000000e+00 h_norm=0.0000e+00
[L-R2] rank2 reachable=1 vtu_cross_max=4.657e-09
[COMBINED-LINEAR-SAMPLE-ENERGY] reachable=1 blocks=40
[L-EM2] compile arm=compiled in=2560 gram_diag_mean=5.403739e-01 h_norm=9.6047e+01
[L-R2] rank2 reachable=1 vtu_cross_max=3.725e-09
[COMBINED-LINEAR-SAMPLE-ENERGY] reachable=1 blocks=40
[L-EM2] compile arm=compiled in=2560 gram_diag_mean=5.417235e-01 h_norm=1.0450e+02
[L-R2] rank2 reachable=1 vtu_cross_max=4.657e-09
[COMBINED-LINEAR-SAMPLE-ENERGY] reachable=1 blocks=40
[L-EM2] compile arm=compiled in=2560 gram_diag_mean=8.908318e-01 h_norm=1.1789e+02
[L-R2] rank2 reachable=1 vtu_cross_max=5.588e-09
[COMBINED-LINEAR-SAMPLE-ENERGY] reachable=1 blocks=64
[L-EM2] compile arm=compiled in=4096 gram_diag_mean=6.768022e-01 h_norm=1.1787e+02
[L-R2] rank2 reachable=1 vtu_cross_max=5.239e-09
[COMBINED-LINEAR-SAMPLE-ENERGY] reachable=1 blocks=40
[L-EM2] compile arm=compiled in=2560 gram_diag_mean=1.525857e+00 h_norm=2.9227e+02
[L-R2] rank2 reachable=1 vtu_cross_max=9.313e-09
[COMBINED-LINEAR-SAMPLE-ENERGY] reachable=1 blocks=40
[L-EM2] compile arm=compiled in=2560 gram_diag_mean=7.471302e-01 h_norm=6.6152e+01
[L-R2] rank2 reachable=1 vtu_cross_max=6.869e-09
[COMBINED-LINEAR-SAMPLE-ENERGY] reachable=1 blocks=144
[L-EM2] compile arm=out-of-scope in=9216 gram_diag_mean=0.000000e+00 h_norm=0.0000e+00
[L-EM2] dynamic arm=applied groups=640 passes=2 accepted_steps=32 accepted_groups=281774 changed=228307 rows=512 grad_mean=2.771e-02 error=-
[L-EM2] dynamic arm=applied groups=640 passes=2 accepted_steps=32 accepted_groups=278001 changed=224927 rows=512 grad_mean=2.685e-02 error=-
[L-EM2] dynamic arm=applied groups=640 passes=2 accepted_steps=32 accepted_groups=96404 changed=82721 rows=128 grad_mean=7.501e-03 error=-
[L-EM2] dynamic arm=applied groups=640 passes=2 accepted_steps=32 accepted_groups=96400 changed=82811 rows=128 grad_mean=7.368e-03 error=-
[L-EM2] dynamic arm=applied groups=640 passes=2 accepted_steps=32 accepted_groups=352046 changed=303824 rows=512 grad_mean=7.041e-03 error=-
[L-EM2] dynamic arm=applied groups=640 passes=2 accepted_steps=32 accepted_groups=346056 changed=298875 rows=512 grad_mean=6.870e-03 error=-
[L-EM2] dynamic arm=applied groups=1024 passes=2 accepted_steps=32 accepted_groups=140719 changed=114725 rows=128 grad_mean=2.837e-03 error=-
[L-EM2] dynamic arm=applied groups=1024 passes=2 accepted_steps=32 accepted_groups=143711 changed=116577 rows=128 grad_mean=3.048e-03 error=-
[L-EM2] dynamic arm=applied groups=640 passes=2 accepted_steps=32 accepted_groups=189428 changed=149377 rows=512 grad_mean=4.033e-02 error=-
[L-EM2] dynamic arm=applied groups=640 passes=2 accepted_steps=32 accepted_groups=186168 changed=146407 rows=512 grad_mean=4.019e-02 error=-
[L-EM2] dynamic arm=applied groups=640 passes=2 accepted_steps=32 accepted_groups=45368 changed=38632 rows=128 grad_mean=2.746e-02 error=-
[L-EM2] dynamic arm=applied groups=640 passes=2 accepted_steps=32 accepted_groups=45342 changed=38697 rows=128 grad_mean=2.723e-02 error=-
[L-EM2] dynamic arm=applied groups=640 passes=2 accepted_steps=32 accepted_groups=82714 changed=70524 rows=128 grad_mean=1.900e-02 error=-
[L-EM2] dynamic arm=applied groups=640 passes=2 accepted_steps=32 accepted_groups=82365 changed=70177 rows=128 grad_mean=1.881e-02 error=-
[L-EM2] dynamic arm=applied groups=640 passes=2 accepted_steps=32 accepted_groups=327402 changed=279828 rows=512 grad_mean=1.602e-02 error=-
[L-EM2] dynamic arm=applied groups=640 passes=2 accepted_steps=32 accepted_groups=327517 changed=280182 rows=512 grad_mean=1.542e-02 error=-
[L-EM2] dynamic arm=applied groups=640 passes=2 accepted_steps=32 accepted_groups=63819 changed=54475 rows=128 grad_mean=3.163e-02 error=-
[L-EM2] dynamic arm=applied groups=640 passes=2 accepted_steps=32 accepted_groups=63276 changed=53953 rows=128 grad_mean=3.138e-02 error=-
[L-EM2] dynamic arm=applied groups=1024 passes=2 accepted_steps=32 accepted_groups=762005 changed=625976 rows=512 grad_mean=1.170e-03 error=-
[L-EM2] dynamic arm=applied groups=1024 passes=2 accepted_steps=32 accepted_groups=754223 changed=620010 rows=512 grad_mean=1.054e-03 error=-
[L-EM2] dynamic arm=applied groups=640 passes=2 accepted_steps=32 accepted_groups=45229 changed=34070 rows=128 grad_mean=3.604e-02 error=-
[L-EM2] dynamic arm=applied groups=640 passes=2 accepted_steps=32 accepted_groups=44962 changed=34153 rows=128 grad_mean=3.491e-02 error=-
[L-EM2] dynamic arm=applied groups=640 passes=2 accepted_steps=32 accepted_groups=174600 changed=148276 rows=512 grad_mean=2.452e-02 error=-
[L-EM2] dynamic arm=applied groups=640 passes=2 accepted_steps=32 accepted_groups=173240 changed=147302 rows=512 grad_mean=2.342e-02 error=-
[L-EM2] dynamic arm=applied groups=640 passes=2 accepted_steps=32 accepted_groups=335313 changed=284149 rows=512 grad_mean=1.966e-02 error=-
[L-EM2] dynamic arm=applied groups=640 passes=2 accepted_steps=32 accepted_groups=328281 changed=277786 rows=512 grad_mean=1.932e-02 error=-
[L-EM2] dynamic arm=applied groups=640 passes=2 accepted_steps=32 accepted_groups=87191 changed=73863 rows=128 grad_mean=1.983e-02 error=-
[L-EM2] dynamic arm=applied groups=640 passes=2 accepted_steps=32 accepted_groups=89253 changed=75486 rows=128 grad_mean=1.911e-02 error=-
[L-EM2] dynamic arm=applied groups=640 passes=2 accepted_steps=32 accepted_groups=267583 changed=222094 rows=512 grad_mean=2.909e-02 error=-
[L-EM2] dynamic arm=applied groups=640 passes=2 accepted_steps=32 accepted_groups=263057 changed=218310 rows=512 grad_mean=2.863e-02 error=-
[L-EM2] dynamic arm=applied groups=1024 passes=2 accepted_steps=32 accepted_groups=170726 changed=141319 rows=128 grad_mean=1.441e-03 error=-
[L-EM2] dynamic arm=applied groups=1024 passes=2 accepted_steps=32 accepted_groups=170732 changed=141483 rows=128 grad_mean=1.328e-03 error=-
[L-EM2] dynamic arm=applied groups=640 passes=2 accepted_steps=32 accepted_groups=220544 changed=175278 rows=512 grad_mean=3.198e-02 error=-
[L-EM2] dynamic arm=applied groups=640 passes=2 accepted_steps=32 accepted_groups=215183 changed=170295 rows=512 grad_mean=3.179e-02 error=-
[L-EM2] dynamic arm=applied groups=640 passes=2 accepted_steps=32 accepted_groups=47553 changed=39990 rows=128 grad_mean=2.846e-02 error=-
[L-EM2] dynamic arm=applied groups=640 passes=2 accepted_steps=32 accepted_groups=47519 changed=40073 rows=128 grad_mean=2.729e-02 error=-
[L-EM2] dynamic arm=applied groups=640 passes=2 accepted_steps=32 accepted_groups=77495 changed=63912 rows=128 grad_mean=3.621e-02 error=-
[L-EM2] dynamic arm=applied groups=640 passes=2 accepted_steps=32 accepted_groups=77992 changed=64184 rows=128 grad_mean=3.596e-02 error=-
[L-EM2] dynamic arm=applied groups=640 passes=2 accepted_steps=32 accepted_groups=312681 changed=258130 rows=512 grad_mean=3.645e-02 error=-
[L-EM2] dynamic arm=applied groups=640 passes=2 accepted_steps=32 accepted_groups=298305 changed=246629 rows=512 grad_mean=3.579e-02 error=-
[L-EM2] dynamic arm=applied groups=640 passes=2 accepted_steps=32 accepted_groups=69182 changed=58171 rows=128 grad_mean=4.988e-02 error=-
[L-EM2] dynamic arm=applied groups=640 passes=2 accepted_steps=32 accepted_groups=69302 changed=58563 rows=128 grad_mean=4.949e-02 error=-
[L-EM2] dynamic arm=applied groups=1024 passes=2 accepted_steps=32 accepted_groups=684813 changed=571258 rows=512 grad_mean=3.042e-03 error=-
[L-EM2] dynamic arm=applied groups=1024 passes=2 accepted_steps=32 accepted_groups=670091 changed=560636 rows=512 grad_mean=2.694e-03 error=-
[L-EM2] dynamic arm=applied groups=640 passes=2 accepted_steps=32 accepted_groups=41556 changed=32072 rows=128 grad_mean=9.191e-02 error=-
[L-EM2] dynamic arm=applied groups=640 passes=2 accepted_steps=32 accepted_groups=38979 changed=29907 rows=128 grad_mean=9.006e-02 error=-
[L-EM2] dynamic arm=applied groups=640 passes=2 accepted_steps=32 accepted_groups=189700 changed=160148 rows=512 grad_mean=4.004e-02 error=-
[L-EM2] dynamic arm=applied groups=640 passes=2 accepted_steps=32 accepted_groups=185090 changed=156714 rows=512 grad_mean=3.947e-02 error=-
