[L-R2] rank2 reachable=1 vtu_cross_max=2.095e-09
[COMBINED-LINEAR-SAMPLE-ENERGY] reachable=1 blocks=40
[L-R2] rank2 reachable=1 vtu_cross_max=2.095e-09
[COMBINED-LINEAR-SAMPLE-ENERGY] reachable=1 blocks=40
[L-R2] rank2 reachable=1 vtu_cross_max=2.095e-09
[COMBINED-LINEAR-SAMPLE-ENERGY] reachable=1 blocks=40
[L-EM1] compile arm=compiled in=2560 ridge=6.659646e-02 h_norm=9.7824e+01 ridge_residual_rel=1.878e-06
[L-R2] rank2 reachable=1 vtu_cross_max=2.095e-09
[COMBINED-LINEAR-SAMPLE-ENERGY] reachable=1 blocks=40
[L-EM1] compile arm=compiled in=2560 ridge=6.659646e-02 h_norm=9.7824e+01 ridge_residual_rel=1.878e-06
layer0/q        in=2560  parent=5.0642s candidate=4.9710s delta=-0.0932s
[L-R2] rank2 reachable=1 vtu_cross_max=4.191e-09
[COMBINED-LINEAR-SAMPLE-ENERGY] reachable=1 blocks=64
[L-R2] rank2 reachable=1 vtu_cross_max=4.191e-09
[COMBINED-LINEAR-SAMPLE-ENERGY] reachable=1 blocks=64
[L-R2] rank2 reachable=1 vtu_cross_max=4.191e-09
[COMBINED-LINEAR-SAMPLE-ENERGY] reachable=1 blocks=64
[L-EM1] compile arm=compiled in=4096 ridge=5.011848e-02 h_norm=1.2444e+02 ridge_residual_rel=1.792e-05
[L-R2] rank2 reachable=1 vtu_cross_max=4.191e-09
[COMBINED-LINEAR-SAMPLE-ENERGY] reachable=1 blocks=64
[L-EM1] compile arm=compiled in=4096 ridge=5.011848e-02 h_norm=1.2444e+02 ridge_residual_rel=1.792e-05
layer0/o        in=4096  parent=1.1068s candidate=1.2357s delta=+0.1289s
[L-R2] rank2 reachable=1 vtu_cross_max=4.657e-09
[COMBINED-LINEAR-SAMPLE-ENERGY] reachable=1 blocks=144
[L-R2] rank2 reachable=1 vtu_cross_max=4.657e-09
[COMBINED-LINEAR-SAMPLE-ENERGY] reachable=1 blocks=144
[L-R2] rank2 reachable=1 vtu_cross_max=4.657e-09
[COMBINED-LINEAR-SAMPLE-ENERGY] reachable=1 blocks=144
[L-EM1] compile arm=out-of-scope in=9216 ridge=0.000000e+00 h_norm=0.0000e+00 ridge_residual_rel=0.000e+00
[L-R2] rank2 reachable=1 vtu_cross_max=4.657e-09
[COMBINED-LINEAR-SAMPLE-ENERGY] reachable=1 blocks=144
[L-EM1] compile arm=out-of-scope in=9216 ridge=0.000000e+00 h_norm=0.0000e+00 ridge_residual_rel=0.000e+00
layer0/proj     in=9216  parent=2.0468s candidate=2.1343s delta=+0.0875s
[L-R2] rank2 reachable=1 vtu_cross_max=7.916e-09
[COMBINED-LINEAR-SAMPLE-ENERGY] reachable=1 blocks=40
[L-R2] rank2 reachable=1 vtu_cross_max=7.916e-09
[COMBINED-LINEAR-SAMPLE-ENERGY] reachable=1 blocks=40
[L-R2] rank2 reachable=1 vtu_cross_max=7.916e-09
[COMBINED-LINEAR-SAMPLE-ENERGY] reachable=1 blocks=40
[L-EM1] compile arm=compiled in=2560 ridge=1.743934e-02 h_norm=3.5061e+01 ridge_residual_rel=8.720e-06
[L-R2] rank2 reachable=1 vtu_cross_max=7.916e-09
[COMBINED-LINEAR-SAMPLE-ENERGY] reachable=1 blocks=40
[L-EM1] compile arm=compiled in=2560 ridge=1.743934e-02 h_norm=3.5061e+01 ridge_residual_rel=8.720e-06
layer0/k        in=2560  parent=2.0440s candidate=2.0919s delta=+0.0480s
[L-R2] rank2 reachable=1 vtu_cross_max=3.260e-09
[COMBINED-LINEAR-SAMPLE-ENERGY] reachable=1 blocks=40
[L-R2] rank2 reachable=1 vtu_cross_max=3.260e-09
[COMBINED-LINEAR-SAMPLE-ENERGY] reachable=1 blocks=40
[L-R2] rank2 reachable=1 vtu_cross_max=3.260e-09
[COMBINED-LINEAR-SAMPLE-ENERGY] reachable=1 blocks=40
[L-EM1] compile arm=compiled in=2560 ridge=8.126290e-02 h_norm=8.6916e+01 ridge_residual_rel=7.501e-07
[L-R2] rank2 reachable=1 vtu_cross_max=3.260e-09
[COMBINED-LINEAR-SAMPLE-ENERGY] reachable=1 blocks=40
[L-EM1] compile arm=compiled in=2560 ridge=8.126290e-02 h_norm=8.6916e+01 ridge_residual_rel=7.501e-07
layer0/fc_gate  in=2560  parent=9.6656s candidate=9.7525s delta=+0.0869s

in=2560 delta +0.0139s/call, in=4096 delta +0.1289s/call; projected added on 144 official in-scope calibrations: +4.8s
