[parent] 56dc805d6e5a3aef states=28 cache=56dc805d6e5a3aef-linear-8fb69abad62a945b7a15.pt
[candidate] d9bffd7b2953b74a states=28 cache=d9bffd7b2953b74a-linear-19f7eb90f5c0860327c2.pt
[L-EM1] dynamic arm=applied groups=640 accepted_groups=640 changed=38533 rows=128 grad_mean=3.333e-02 error=-
[L-EM1] dynamic arm=applied groups=640 accepted_groups=640 changed=38533 rows=128 grad_mean=3.333e-02 error=-
[L-EM1] dynamic arm=applied groups=640 accepted_groups=640 changed=38533 rows=128 grad_mean=3.333e-02 error=-
[L-EM1] dynamic arm=applied groups=640 accepted_groups=640 changed=38533 rows=128 grad_mean=3.333e-02 error=-
[L-EM1] dynamic arm=applied groups=640 accepted_groups=640 changed=38533 rows=128 grad_mean=3.333e-02 error=-
[L-EM1] dynamic arm=applied groups=640 accepted_groups=640 changed=38533 rows=128 grad_mean=3.333e-02 error=-
[L-EM1] dynamic arm=applied groups=640 accepted_groups=640 changed=38533 rows=128 grad_mean=3.333e-02 error=-
[L-EM1] dynamic arm=applied groups=640 accepted_groups=640 changed=38533 rows=128 grad_mean=3.333e-02 error=-
[L-EM1] dynamic arm=applied groups=640 accepted_groups=640 changed=38533 rows=128 grad_mean=3.333e-02 error=-
[L-EM1] dynamic arm=applied groups=640 accepted_groups=640 changed=38533 rows=128 grad_mean=3.333e-02 error=-
layer0/q        rows=128  n=4096  parent=0.5117s candidate=1.1091s delta=+0.5974s changed_mant=38533
[L-EM1] dynamic arm=applied groups=1024 accepted_groups=1024 changed=388887 rows=512 grad_mean=8.421e-04 error=-
[L-EM1] dynamic arm=applied groups=1024 accepted_groups=1024 changed=388887 rows=512 grad_mean=8.421e-04 error=-
[L-EM1] dynamic arm=applied groups=1024 accepted_groups=1024 changed=388887 rows=512 grad_mean=8.421e-04 error=-
[L-EM1] dynamic arm=applied groups=1024 accepted_groups=1024 changed=388887 rows=512 grad_mean=8.421e-04 error=-
[L-EM1] dynamic arm=applied groups=1024 accepted_groups=1024 changed=388887 rows=512 grad_mean=8.421e-04 error=-
[L-EM1] dynamic arm=applied groups=1024 accepted_groups=1024 changed=388887 rows=512 grad_mean=8.421e-04 error=-
[L-EM1] dynamic arm=applied groups=1024 accepted_groups=1024 changed=388887 rows=512 grad_mean=8.421e-04 error=-
[L-EM1] dynamic arm=applied groups=1024 accepted_groups=1024 changed=388887 rows=512 grad_mean=8.421e-04 error=-
[L-EM1] dynamic arm=applied groups=1024 accepted_groups=1024 changed=388887 rows=512 grad_mean=8.421e-04 error=-
[L-EM1] dynamic arm=applied groups=1024 accepted_groups=1024 changed=388887 rows=512 grad_mean=8.421e-04 error=-
layer0/o        rows=512  n=2560  parent=0.4728s candidate=1.4922s delta=+1.0193s changed_mant=388887
[L-EM1] dynamic arm=applied groups=640 accepted_groups=640 changed=27617 rows=128 grad_mean=2.424e-02 error=-
[L-EM1] dynamic arm=applied groups=640 accepted_groups=640 changed=27617 rows=128 grad_mean=2.424e-02 error=-
[L-EM1] dynamic arm=applied groups=640 accepted_groups=640 changed=27617 rows=128 grad_mean=2.424e-02 error=-
[L-EM1] dynamic arm=applied groups=640 accepted_groups=640 changed=27617 rows=128 grad_mean=2.424e-02 error=-
[L-EM1] dynamic arm=applied groups=640 accepted_groups=640 changed=27617 rows=128 grad_mean=2.424e-02 error=-
[L-EM1] dynamic arm=applied groups=640 accepted_groups=640 changed=27617 rows=128 grad_mean=2.424e-02 error=-
[L-EM1] dynamic arm=applied groups=640 accepted_groups=640 changed=27617 rows=128 grad_mean=2.424e-02 error=-
[L-EM1] dynamic arm=applied groups=640 accepted_groups=640 changed=27617 rows=128 grad_mean=2.424e-02 error=-
[L-EM1] dynamic arm=applied groups=640 accepted_groups=640 changed=27617 rows=128 grad_mean=2.424e-02 error=-
[L-EM1] dynamic arm=applied groups=640 accepted_groups=640 changed=27617 rows=128 grad_mean=2.424e-02 error=-
layer0/fc_gate  rows=128  n=9216  parent=0.4941s candidate=1.0818s delta=+0.5877s changed_mant=27617
layer0/proj     rows=128  n=2560  parent=0.9678s candidate=0.9684s delta=+0.0006s changed_mant=0
[L-EM1] dynamic arm=applied groups=640 accepted_groups=640 changed=183689 rows=512 grad_mean=1.594e-02 error=-
[L-EM1] dynamic arm=applied groups=640 accepted_groups=640 changed=183689 rows=512 grad_mean=1.594e-02 error=-
[L-EM1] dynamic arm=applied groups=640 accepted_groups=640 changed=183689 rows=512 grad_mean=1.594e-02 error=-
[L-EM1] dynamic arm=applied groups=640 accepted_groups=640 changed=183689 rows=512 grad_mean=1.594e-02 error=-
[L-EM1] dynamic arm=applied groups=640 accepted_groups=640 changed=183689 rows=512 grad_mean=1.594e-02 error=-
[L-EM1] dynamic arm=applied groups=640 accepted_groups=640 changed=183689 rows=512 grad_mean=1.594e-02 error=-
[L-EM1] dynamic arm=applied groups=640 accepted_groups=640 changed=183689 rows=512 grad_mean=1.594e-02 error=-
[L-EM1] dynamic arm=applied groups=640 accepted_groups=640 changed=183689 rows=512 grad_mean=1.594e-02 error=-
[L-EM1] dynamic arm=applied groups=640 accepted_groups=640 changed=183689 rows=512 grad_mean=1.594e-02 error=-
[L-EM1] dynamic arm=applied groups=640 accepted_groups=640 changed=183689 rows=512 grad_mean=1.594e-02 error=-
layer6/q        rows=512  n=2048  parent=0.8675s candidate=1.4725s delta=+0.6050s changed_mant=183689
[L-EM1] dynamic arm=applied groups=640 accepted_groups=640 changed=39884 rows=128 grad_mean=3.304e-02 error=-
[L-EM1] dynamic arm=applied groups=640 accepted_groups=640 changed=39884 rows=128 grad_mean=3.304e-02 error=-
[L-EM1] dynamic arm=applied groups=640 accepted_groups=640 changed=39884 rows=128 grad_mean=3.304e-02 error=-
[L-EM1] dynamic arm=applied groups=640 accepted_groups=640 changed=39884 rows=128 grad_mean=3.304e-02 error=-
[L-EM1] dynamic arm=applied groups=640 accepted_groups=640 changed=39884 rows=128 grad_mean=3.304e-02 error=-
[L-EM1] dynamic arm=applied groups=640 accepted_groups=640 changed=39884 rows=128 grad_mean=3.304e-02 error=-
[L-EM1] dynamic arm=applied groups=640 accepted_groups=640 changed=39884 rows=128 grad_mean=3.304e-02 error=-
[L-EM1] dynamic arm=applied groups=640 accepted_groups=640 changed=39884 rows=128 grad_mean=3.304e-02 error=-
[L-EM1] dynamic arm=applied groups=640 accepted_groups=640 changed=39884 rows=128 grad_mean=3.304e-02 error=-
[L-EM1] dynamic arm=applied groups=640 accepted_groups=640 changed=39884 rows=128 grad_mean=3.304e-02 error=-
layer12/v        rows=128  n=4096  parent=0.5030s candidate=1.0955s delta=+0.5924s changed_mant=39884

mean delta +0.5671s/call; projected added on 168 official Linear calls: +95.3s
