[L-R2] rank2 reachable=1 vtu_cross_max=5.588e-09
[COMBINED-LINEAR-SAMPLE-ENERGY] reachable=1 blocks=40
[L-EM2] compile arm=compiled in=2560 gram_diag_mean=6.626585e-01 h_norm=1.0747e+02
[L-R2] rank2 reachable=1 vtu_cross_max=9.313e-10
[COMBINED-LINEAR-SAMPLE-ENERGY] reachable=1 blocks=40
[L-EM2] compile arm=compiled in=2560 gram_diag_mean=1.702063e-01 h_norm=3.1990e+01
[L-R2] rank2 reachable=1 vtu_cross_max=9.779e-09
[COMBINED-LINEAR-SAMPLE-ENERGY] reachable=1 blocks=40
[L-EM2] compile arm=compiled in=2560 gram_diag_mean=1.637652e-01 h_norm=2.4858e+01
[L-R2] rank2 reachable=1 vtu_cross_max=8.033e-09
[COMBINED-LINEAR-SAMPLE-ENERGY] reachable=1 blocks=64
[L-EM2] compile arm=compiled in=4096 gram_diag_mean=5.088800e-01 h_norm=1.0572e+02
[L-R2] rank2 reachable=1 vtu_cross_max=6.519e-09
[COMBINED-LINEAR-SAMPLE-ENERGY] reachable=1 blocks=40
[L-EM2] compile arm=compiled in=2560 gram_diag_mean=1.027571e+00 h_norm=1.5703e+02
[L-R2] rank2 reachable=1 vtu_cross_max=4.657e-09
[COMBINED-LINEAR-SAMPLE-ENERGY] reachable=1 blocks=40
[L-EM2] compile arm=compiled in=2560 gram_diag_mean=6.348262e-01 h_norm=5.3738e+01
[L-R2] rank2 reachable=1 vtu_cross_max=3.027e-09
[COMBINED-LINEAR-SAMPLE-ENERGY] reachable=1 blocks=144
[L-EM2] compile arm=out-of-scope in=9216 gram_diag_mean=0.000000e+00 h_norm=0.0000e+00
[L-R2] rank2 reachable=1 vtu_cross_max=2.794e-09
[COMBINED-LINEAR-SAMPLE-ENERGY] reachable=1 blocks=40
[L-EM2] compile arm=compiled in=2560 gram_diag_mean=4.281827e-01 h_norm=6.6711e+01
[L-R2] rank2 reachable=1 vtu_cross_max=4.424e-09
[COMBINED-LINEAR-SAMPLE-ENERGY] reachable=1 blocks=40
[L-EM2] compile arm=compiled in=2560 gram_diag_mean=3.882199e-01 h_norm=5.9432e+01
[L-R2] rank2 reachable=1 vtu_cross_max=3.725e-09
[COMBINED-LINEAR-SAMPLE-ENERGY] reachable=1 blocks=40
[L-EM2] compile arm=compiled in=2560 gram_diag_mean=7.263753e-01 h_norm=2.2027e+01
[L-R2] rank2 reachable=1 vtu_cross_max=5.588e-09
[COMBINED-LINEAR-SAMPLE-ENERGY] reachable=1 blocks=64
[L-EM2] compile arm=compiled in=4096 gram_diag_mean=4.746353e-01 h_norm=8.5694e+01
[L-R2] rank2 reachable=1 vtu_cross_max=3.492e-09
[COMBINED-LINEAR-SAMPLE-ENERGY] reachable=1 blocks=40
[L-EM2] compile arm=compiled in=2560 gram_diag_mean=8.939406e-01 h_norm=1.2006e+02
[L-R2] rank2 reachable=1 vtu_cross_max=5.588e-09
[COMBINED-LINEAR-SAMPLE-ENERGY] reachable=1 blocks=40
[L-EM2] compile arm=compiled in=2560 gram_diag_mean=6.488587e-01 h_norm=8.5976e+00
[L-R2] rank2 reachable=1 vtu_cross_max=4.657e-09
[COMBINED-LINEAR-SAMPLE-ENERGY] reachable=1 blocks=144
[L-EM2] compile arm=out-of-scope in=9216 gram_diag_mean=0.000000e+00 h_norm=0.0000e+00
[L-R2] rank2 reachable=1 vtu_cross_max=2.328e-09
[COMBINED-LINEAR-SAMPLE-ENERGY] reachable=1 blocks=40
[L-EM2] compile arm=compiled in=2560 gram_diag_mean=4.558631e-01 h_norm=8.4345e+01
[L-R2] rank2 reachable=1 vtu_cross_max=8.382e-09
[COMBINED-LINEAR-SAMPLE-ENERGY] reachable=1 blocks=40
[L-EM2] compile arm=compiled in=2560 gram_diag_mean=4.479988e-01 h_norm=9.7371e+01
[L-R2] rank2 reachable=1 vtu_cross_max=6.054e-09
[COMBINED-LINEAR-SAMPLE-ENERGY] reachable=1 blocks=40
[L-EM2] compile arm=compiled in=2560 gram_diag_mean=6.911080e-01 h_norm=9.1293e+01
[L-R2] rank2 reachable=1 vtu_cross_max=3.492e-09
[COMBINED-LINEAR-SAMPLE-ENERGY] reachable=1 blocks=64
[L-EM2] compile arm=compiled in=4096 gram_diag_mean=4.099765e-01 h_norm=8.4165e+01
[L-R2] rank2 reachable=1 vtu_cross_max=2.561e-09
[COMBINED-LINEAR-SAMPLE-ENERGY] reachable=1 blocks=40
[L-EM2] compile arm=compiled in=2560 gram_diag_mean=8.293039e-01 h_norm=1.2340e+02
[L-R2] rank2 reachable=1 vtu_cross_max=2.794e-09
[COMBINED-LINEAR-SAMPLE-ENERGY] reachable=1 blocks=40
[L-EM2] compile arm=compiled in=2560 gram_diag_mean=7.323298e-01 h_norm=1.8501e+01
[L-R2] rank2 reachable=1 vtu_cross_max=7.683e-09
[COMBINED-LINEAR-SAMPLE-ENERGY] reachable=1 blocks=144
[L-EM2] compile arm=out-of-scope in=9216 gram_diag_mean=0.000000e+00 h_norm=0.0000e+00
[L-R2] rank2 reachable=1 vtu_cross_max=4.657e-09
[COMBINED-LINEAR-SAMPLE-ENERGY] reachable=1 blocks=40
[L-EM2] compile arm=compiled in=2560 gram_diag_mean=5.403739e-01 h_norm=9.6047e+01
[L-R2] rank2 reachable=1 vtu_cross_max=3.725e-09
[COMBINED-LINEAR-SAMPLE-ENERGY] reachable=1 blocks=40
[L-EM2] compile arm=compiled in=2560 gram_diag_mean=5.417235e-01 h_norm=1.0450e+02
[L-R2] rank2 reachable=1 vtu_cross_max=4.657e-09
[COMBINED-LINEAR-SAMPLE-ENERGY] reachable=1 blocks=40
[L-EM2] compile arm=compiled in=2560 gram_diag_mean=8.908318e-01 h_norm=1.1789e+02
[L-R2] rank2 reachable=1 vtu_cross_max=5.588e-09
[COMBINED-LINEAR-SAMPLE-ENERGY] reachable=1 blocks=64
[L-EM2] compile arm=compiled in=4096 gram_diag_mean=6.768022e-01 h_norm=1.1787e+02
[L-R2] rank2 reachable=1 vtu_cross_max=5.239e-09
[COMBINED-LINEAR-SAMPLE-ENERGY] reachable=1 blocks=40
[L-EM2] compile arm=compiled in=2560 gram_diag_mean=1.525857e+00 h_norm=2.9227e+02
[L-R2] rank2 reachable=1 vtu_cross_max=9.313e-09
[COMBINED-LINEAR-SAMPLE-ENERGY] reachable=1 blocks=40
[L-EM2] compile arm=compiled in=2560 gram_diag_mean=7.471302e-01 h_norm=6.6152e+01
[L-R2] rank2 reachable=1 vtu_cross_max=6.869e-09
[COMBINED-LINEAR-SAMPLE-ENERGY] reachable=1 blocks=144
[L-EM2] compile arm=out-of-scope in=9216 gram_diag_mean=0.000000e+00 h_norm=0.0000e+00
[L-EM2] dynamic arm=applied groups=640 passes=1 accepted_steps=16 accepted_groups=163080 changed=163080 rows=512 grad_mean=2.934e-02 error=-
[L-EM2] dynamic arm=applied groups=640 passes=1 accepted_steps=16 accepted_groups=160774 changed=160774 rows=512 grad_mean=2.844e-02 error=-
[L-EM2] dynamic arm=applied groups=640 passes=1 accepted_steps=16 accepted_groups=56596 changed=56596 rows=128 grad_mean=9.235e-03 error=-
[L-EM2] dynamic arm=applied groups=640 passes=1 accepted_steps=16 accepted_groups=56805 changed=56805 rows=128 grad_mean=8.997e-03 error=-
[L-EM2] dynamic arm=applied groups=640 passes=1 accepted_steps=16 accepted_groups=215824 changed=215824 rows=512 grad_mean=8.341e-03 error=-
[L-EM2] dynamic arm=applied groups=640 passes=1 accepted_steps=16 accepted_groups=213648 changed=213648 rows=512 grad_mean=8.135e-03 error=-
[L-EM2] dynamic arm=applied groups=1024 passes=1 accepted_steps=16 accepted_groups=94730 changed=94730 rows=128 grad_mean=2.516e-03 error=-
[L-EM2] dynamic arm=applied groups=1024 passes=1 accepted_steps=16 accepted_groups=95249 changed=95249 rows=128 grad_mean=2.708e-03 error=-
[L-EM2] dynamic arm=applied groups=640 passes=1 accepted_steps=16 accepted_groups=124526 changed=124526 rows=512 grad_mean=4.131e-02 error=-
[L-EM2] dynamic arm=applied groups=640 passes=1 accepted_steps=16 accepted_groups=121697 changed=121697 rows=512 grad_mean=4.109e-02 error=-
[L-EM2] dynamic arm=applied groups=640 passes=1 accepted_steps=16 accepted_groups=29307 changed=29307 rows=128 grad_mean=2.886e-02 error=-
[L-EM2] dynamic arm=applied groups=640 passes=1 accepted_steps=16 accepted_groups=29257 changed=29257 rows=128 grad_mean=2.866e-02 error=-
[L-EM2] dynamic arm=applied groups=640 passes=1 accepted_steps=16 accepted_groups=48596 changed=48596 rows=128 grad_mean=2.212e-02 error=-
[L-EM2] dynamic arm=applied groups=640 passes=1 accepted_steps=16 accepted_groups=48507 changed=48507 rows=128 grad_mean=2.182e-02 error=-
[L-EM2] dynamic arm=applied groups=640 passes=1 accepted_steps=16 accepted_groups=192101 changed=192101 rows=512 grad_mean=1.850e-02 error=-
[L-EM2] dynamic arm=applied groups=640 passes=1 accepted_steps=16 accepted_groups=192209 changed=192209 rows=512 grad_mean=1.791e-02 error=-
[L-EM2] dynamic arm=applied groups=640 passes=1 accepted_steps=16 accepted_groups=39295 changed=39295 rows=128 grad_mean=3.545e-02 error=-
[L-EM2] dynamic arm=applied groups=640 passes=1 accepted_steps=16 accepted_groups=39009 changed=39009 rows=128 grad_mean=3.500e-02 error=-
[L-EM2] dynamic arm=applied groups=1024 passes=1 accepted_steps=16 accepted_groups=406113 changed=406113 rows=512 grad_mean=1.271e-03 error=-
[L-EM2] dynamic arm=applied groups=1024 passes=1 accepted_steps=16 accepted_groups=403292 changed=403292 rows=512 grad_mean=1.140e-03 error=-
[L-EM2] dynamic arm=applied groups=640 passes=1 accepted_steps=16 accepted_groups=29130 changed=29130 rows=128 grad_mean=3.540e-02 error=-
[L-EM2] dynamic arm=applied groups=640 passes=1 accepted_steps=16 accepted_groups=28748 changed=28748 rows=128 grad_mean=3.453e-02 error=-
[L-EM2] dynamic arm=applied groups=640 passes=1 accepted_steps=16 accepted_groups=113430 changed=113430 rows=512 grad_mean=2.565e-02 error=-
[L-EM2] dynamic arm=applied groups=640 passes=1 accepted_steps=16 accepted_groups=112213 changed=112213 rows=512 grad_mean=2.449e-02 error=-
[L-EM2] dynamic arm=applied groups=640 passes=1 accepted_steps=16 accepted_groups=194280 changed=194280 rows=512 grad_mean=2.231e-02 error=-
[L-EM2] dynamic arm=applied groups=640 passes=1 accepted_steps=16 accepted_groups=190555 changed=190555 rows=512 grad_mean=2.182e-02 error=-
[L-EM2] dynamic arm=applied groups=640 passes=1 accepted_steps=16 accepted_groups=50292 changed=50292 rows=128 grad_mean=2.166e-02 error=-
[L-EM2] dynamic arm=applied groups=640 passes=1 accepted_steps=16 accepted_groups=51294 changed=51294 rows=128 grad_mean=2.106e-02 error=-
[L-EM2] dynamic arm=applied groups=640 passes=1 accepted_steps=16 accepted_groups=156899 changed=156899 rows=512 grad_mean=3.167e-02 error=-
[L-EM2] dynamic arm=applied groups=640 passes=1 accepted_steps=16 accepted_groups=154284 changed=154284 rows=512 grad_mean=3.111e-02 error=-
[L-EM2] dynamic arm=applied groups=1024 passes=1 accepted_steps=16 accepted_groups=93031 changed=93031 rows=128 grad_mean=1.490e-03 error=-
[L-EM2] dynamic arm=applied groups=1024 passes=1 accepted_steps=16 accepted_groups=92684 changed=92684 rows=128 grad_mean=1.386e-03 error=-
[L-EM2] dynamic arm=applied groups=640 passes=1 accepted_steps=16 accepted_groups=130052 changed=130052 rows=512 grad_mean=3.328e-02 error=-
[L-EM2] dynamic arm=applied groups=640 passes=1 accepted_steps=16 accepted_groups=127263 changed=127263 rows=512 grad_mean=3.295e-02 error=-
[L-EM2] dynamic arm=applied groups=640 passes=1 accepted_steps=16 accepted_groups=30159 changed=30159 rows=128 grad_mean=3.027e-02 error=-
[L-EM2] dynamic arm=applied groups=640 passes=1 accepted_steps=16 accepted_groups=30113 changed=30113 rows=128 grad_mean=2.900e-02 error=-
[L-EM2] dynamic arm=applied groups=640 passes=1 accepted_steps=16 accepted_groups=47449 changed=47449 rows=128 grad_mean=3.454e-02 error=-
[L-EM2] dynamic arm=applied groups=640 passes=1 accepted_steps=16 accepted_groups=47704 changed=47704 rows=128 grad_mean=3.428e-02 error=-
[L-EM2] dynamic arm=applied groups=640 passes=1 accepted_steps=16 accepted_groups=196765 changed=196765 rows=512 grad_mean=3.339e-02 error=-
[L-EM2] dynamic arm=applied groups=640 passes=1 accepted_steps=16 accepted_groups=189740 changed=189740 rows=512 grad_mean=3.247e-02 error=-
[L-EM2] dynamic arm=applied groups=640 passes=1 accepted_steps=16 accepted_groups=42075 changed=42075 rows=128 grad_mean=5.469e-02 error=-
[L-EM2] dynamic arm=applied groups=640 passes=1 accepted_steps=16 accepted_groups=42433 changed=42433 rows=128 grad_mean=5.402e-02 error=-
[L-EM2] dynamic arm=applied groups=1024 passes=1 accepted_steps=16 accepted_groups=393227 changed=393227 rows=512 grad_mean=2.935e-03 error=-
[L-EM2] dynamic arm=applied groups=1024 passes=1 accepted_steps=16 accepted_groups=387218 changed=387218 rows=512 grad_mean=2.580e-03 error=-
[L-EM2] dynamic arm=applied groups=640 passes=1 accepted_steps=16 accepted_groups=31622 changed=31622 rows=128 grad_mean=8.388e-02 error=-
[L-EM2] dynamic arm=applied groups=640 passes=1 accepted_steps=16 accepted_groups=30807 changed=30807 rows=128 grad_mean=8.185e-02 error=-
[L-EM2] dynamic arm=applied groups=640 passes=1 accepted_steps=16 accepted_groups=120700 changed=120700 rows=512 grad_mean=4.232e-02 error=-
[L-EM2] dynamic arm=applied groups=640 passes=1 accepted_steps=16 accepted_groups=117893 changed=117893 rows=512 grad_mean=4.164e-02 error=-
[L-R2] rank2 reachable=1 vtu_cross_max=2.212e-09
[COMBINED-LINEAR-SAMPLE-ENERGY] reachable=1 blocks=40
[L-EM2] compile arm=compiled in=2560 gram_diag_mean=4.162487e-01 h_norm=1.2617e+02
[L-R2] rank2 reachable=1 vtu_cross_max=9.313e-09
[COMBINED-LINEAR-SAMPLE-ENERGY] reachable=1 blocks=40
[L-EM2] compile arm=compiled in=2560 gram_diag_mean=4.605106e-01 h_norm=1.2386e+02
[L-R2] rank2 reachable=1 vtu_cross_max=1.630e-09
[COMBINED-LINEAR-SAMPLE-ENERGY] reachable=1 blocks=40
[L-EM2] compile arm=compiled in=2560 gram_diag_mean=6.497254e-01 h_norm=6.7781e+01
[L-R2] rank2 reachable=1 vtu_cross_max=5.792e-09
[COMBINED-LINEAR-SAMPLE-ENERGY] reachable=1 blocks=64
[L-EM2] compile arm=compiled in=4096 gram_diag_mean=4.068347e-01 h_norm=1.0172e+02
[L-R2] rank2 reachable=1 vtu_cross_max=4.191e-09
[COMBINED-LINEAR-SAMPLE-ENERGY] reachable=1 blocks=40
[L-EM2] compile arm=compiled in=2560 gram_diag_mean=7.792596e-01 h_norm=8.2498e+01
[L-R2] rank2 reachable=1 vtu_cross_max=3.027e-09
[COMBINED-LINEAR-SAMPLE-ENERGY] reachable=1 blocks=40
[L-EM2] compile arm=compiled in=2560 gram_diag_mean=6.663027e-01 h_norm=5.7536e+01
[L-R2] rank2 reachable=1 vtu_cross_max=4.875e-09
[COMBINED-LINEAR-SAMPLE-ENERGY] reachable=1 blocks=144
[L-EM2] compile arm=out-of-scope in=9216 gram_diag_mean=0.000000e+00 h_norm=0.0000e+00
[L-R2] rank2 reachable=1 vtu_cross_max=5.122e-09
[COMBINED-LINEAR-SAMPLE-ENERGY] reachable=1 blocks=40
[L-EM2] compile arm=compiled in=2560 gram_diag_mean=6.643277e-01 h_norm=1.3898e+02
[L-R2] rank2 reachable=1 vtu_cross_max=2.794e-09
[COMBINED-LINEAR-SAMPLE-ENERGY] reachable=1 blocks=40
[L-EM2] compile arm=compiled in=2560 gram_diag_mean=1.677859e-01 h_norm=3.9376e+01
[L-R2] rank2 reachable=1 vtu_cross_max=4.657e-09
[COMBINED-LINEAR-SAMPLE-ENERGY] reachable=1 blocks=40
[L-EM2] compile arm=compiled in=2560 gram_diag_mean=2.892851e-01 h_norm=4.4023e+01
[L-R2] rank2 reachable=1 vtu_cross_max=5.588e-09
[COMBINED-LINEAR-SAMPLE-ENERGY] reachable=1 blocks=64
[L-EM2] compile arm=compiled in=4096 gram_diag_mean=6.569073e-01 h_norm=1.2055e+02
[L-R2] rank2 reachable=1 vtu_cross_max=9.313e-09
[COMBINED-LINEAR-SAMPLE-ENERGY] reachable=1 blocks=40
[L-EM2] compile arm=compiled in=2560 gram_diag_mean=9.809051e-01 h_norm=1.4124e+02
[L-R2] rank2 reachable=1 vtu_cross_max=4.657e-09
[COMBINED-LINEAR-SAMPLE-ENERGY] reachable=1 blocks=40
[L-EM2] compile arm=compiled in=2560 gram_diag_mean=8.617746e-01 h_norm=8.0942e+01
[L-R2] rank2 reachable=1 vtu_cross_max=3.725e-09
[COMBINED-LINEAR-SAMPLE-ENERGY] reachable=1 blocks=144
[L-EM2] compile arm=out-of-scope in=9216 gram_diag_mean=0.000000e+00 h_norm=0.0000e+00
[L-R2] rank2 reachable=1 vtu_cross_max=6.519e-09
[COMBINED-LINEAR-SAMPLE-ENERGY] reachable=1 blocks=40
[L-EM2] compile arm=compiled in=2560 gram_diag_mean=5.807757e-01 h_norm=1.1540e+02
[L-R2] rank2 reachable=1 vtu_cross_max=3.725e-09
[COMBINED-LINEAR-SAMPLE-ENERGY] reachable=1 blocks=40
[L-EM2] compile arm=compiled in=2560 gram_diag_mean=4.872078e-01 h_norm=9.9251e+01
[L-R2] rank2 reachable=1 vtu_cross_max=4.657e-09
[COMBINED-LINEAR-SAMPLE-ENERGY] reachable=1 blocks=40
[L-EM2] compile arm=compiled in=2560 gram_diag_mean=7.258939e-01 h_norm=9.1313e+01
[L-R2] rank2 reachable=1 vtu_cross_max=2.561e-09
[COMBINED-LINEAR-SAMPLE-ENERGY] reachable=1 blocks=64
[L-EM2] compile arm=compiled in=4096 gram_diag_mean=5.060819e-01 h_norm=9.2945e+01
[L-R2] rank2 reachable=1 vtu_cross_max=1.024e-08
[COMBINED-LINEAR-SAMPLE-ENERGY] reachable=1 blocks=40
[L-EM2] compile arm=compiled in=2560 gram_diag_mean=8.414800e-01 h_norm=1.2865e+02
[L-R2] rank2 reachable=1 vtu_cross_max=2.794e-09
[COMBINED-LINEAR-SAMPLE-ENERGY] reachable=1 blocks=40
[L-EM2] compile arm=compiled in=2560 gram_diag_mean=7.609044e-01 h_norm=7.1765e+01
[L-R2] rank2 reachable=1 vtu_cross_max=3.260e-09
[COMBINED-LINEAR-SAMPLE-ENERGY] reachable=1 blocks=144
[L-EM2] compile arm=out-of-scope in=9216 gram_diag_mean=0.000000e+00 h_norm=0.0000e+00
[L-R2] rank2 reachable=1 vtu_cross_max=8.382e-09
[COMBINED-LINEAR-SAMPLE-ENERGY] reachable=1 blocks=40
[L-EM2] compile arm=compiled in=2560 gram_diag_mean=6.063445e-01 h_norm=1.7495e+02
[L-R2] rank2 reachable=1 vtu_cross_max=2.154e-09
[COMBINED-LINEAR-SAMPLE-ENERGY] reachable=1 blocks=40
[L-EM2] compile arm=compiled in=2560 gram_diag_mean=6.297785e-01 h_norm=1.4828e+02
[L-R2] rank2 reachable=1 vtu_cross_max=3.725e-09
[COMBINED-LINEAR-SAMPLE-ENERGY] reachable=1 blocks=40
[L-EM2] compile arm=compiled in=2560 gram_diag_mean=1.080649e+00 h_norm=1.3640e+02
[L-R2] rank2 reachable=1 vtu_cross_max=4.889e-09
[COMBINED-LINEAR-SAMPLE-ENERGY] reachable=1 blocks=64
[L-EM2] compile arm=compiled in=4096 gram_diag_mean=5.324391e-01 h_norm=8.4628e+01
[L-R2] rank2 reachable=1 vtu_cross_max=2.794e-09
[COMBINED-LINEAR-SAMPLE-ENERGY] reachable=1 blocks=40
[L-EM2] compile arm=compiled in=2560 gram_diag_mean=1.687704e+00 h_norm=3.0678e+02
[L-R2] rank2 reachable=1 vtu_cross_max=5.588e-09
[COMBINED-LINEAR-SAMPLE-ENERGY] reachable=1 blocks=40
[L-EM2] compile arm=compiled in=2560 gram_diag_mean=8.986146e-01 h_norm=8.5281e+01
[L-R2] rank2 reachable=1 vtu_cross_max=5.588e-09
[COMBINED-LINEAR-SAMPLE-ENERGY] reachable=1 blocks=144
[L-EM2] compile arm=out-of-scope in=9216 gram_diag_mean=0.000000e+00 h_norm=0.0000e+00
[L-EM2] dynamic arm=applied groups=640 passes=1 accepted_steps=16 accepted_groups=5937 changed=5937 rows=128 grad_mean=7.924e-02 error=-
[L-EM2] dynamic arm=applied groups=640 passes=1 accepted_steps=16 accepted_groups=4988 changed=4988 rows=128 grad_mean=8.040e-02 error=-
[L-EM2] dynamic arm=applied groups=640 passes=1 accepted_steps=16 accepted_groups=64666 changed=64666 rows=512 grad_mean=6.641e-02 error=-
[L-EM2] dynamic arm=applied groups=640 passes=1 accepted_steps=16 accepted_groups=57948 changed=57948 rows=512 grad_mean=6.454e-02 error=-
[L-EM2] dynamic arm=applied groups=640 passes=1 accepted_steps=16 accepted_groups=731 changed=731 rows=128 grad_mean=1.948e-01 error=-
[L-EM2] dynamic arm=applied groups=640 passes=1 accepted_steps=16 accepted_groups=621 changed=621 rows=128 grad_mean=1.864e-01 error=-
[L-EM2] dynamic arm=applied groups=1024 passes=1 accepted_steps=16 accepted_groups=368861 changed=368861 rows=512 grad_mean=4.967e-04 error=-
[L-EM2] dynamic arm=applied groups=1024 passes=1 accepted_steps=16 accepted_groups=370544 changed=370544 rows=512 grad_mean=5.041e-04 error=-
[L-EM2] dynamic arm=applied groups=640 passes=1 accepted_steps=16 accepted_groups=27258 changed=27258 rows=128 grad_mean=1.391e-02 error=-
[L-EM2] dynamic arm=applied groups=640 passes=1 accepted_steps=16 accepted_groups=27132 changed=27132 rows=128 grad_mean=1.303e-02 error=-
[L-EM2] dynamic arm=applied groups=640 passes=1 accepted_steps=16 accepted_groups=110914 changed=110914 rows=512 grad_mean=1.098e-02 error=-
[L-EM2] dynamic arm=applied groups=640 passes=1 accepted_steps=16 accepted_groups=109159 changed=109159 rows=512 grad_mean=1.055e-02 error=-
[L-EM2] dynamic arm=applied groups=640 passes=1 accepted_steps=16 accepted_groups=163301 changed=163301 rows=512 grad_mean=3.404e-02 error=-
[L-EM2] dynamic arm=applied groups=640 passes=1 accepted_steps=16 accepted_groups=159350 changed=159350 rows=512 grad_mean=3.351e-02 error=-
[L-EM2] dynamic arm=applied groups=640 passes=1 accepted_steps=16 accepted_groups=58169 changed=58169 rows=128 grad_mean=8.838e-03 error=-
[L-EM2] dynamic arm=applied groups=640 passes=1 accepted_steps=16 accepted_groups=58148 changed=58148 rows=128 grad_mean=8.623e-03 error=-
[L-EM2] dynamic arm=applied groups=640 passes=1 accepted_steps=16 accepted_groups=223999 changed=223999 rows=512 grad_mean=1.551e-02 error=-
[L-EM2] dynamic arm=applied groups=640 passes=1 accepted_steps=16 accepted_groups=220604 changed=220604 rows=512 grad_mean=1.535e-02 error=-
[L-EM2] dynamic arm=applied groups=1024 passes=1 accepted_steps=16 accepted_groups=93986 changed=93986 rows=128 grad_mean=3.864e-03 error=-
[L-EM2] dynamic arm=applied groups=1024 passes=1 accepted_steps=16 accepted_groups=93224 changed=93224 rows=128 grad_mean=3.638e-03 error=-
[L-EM2] dynamic arm=applied groups=640 passes=1 accepted_steps=16 accepted_groups=131972 changed=131972 rows=512 grad_mean=4.502e-02 error=-
[L-EM2] dynamic arm=applied groups=640 passes=1 accepted_steps=16 accepted_groups=127745 changed=127745 rows=512 grad_mean=4.486e-02 error=-
[L-EM2] dynamic arm=applied groups=640 passes=1 accepted_steps=16 accepted_groups=29216 changed=29216 rows=128 grad_mean=3.908e-02 error=-
[L-EM2] dynamic arm=applied groups=640 passes=1 accepted_steps=16 accepted_groups=29229 changed=29229 rows=128 grad_mean=3.760e-02 error=-
[L-EM2] dynamic arm=applied groups=640 passes=1 accepted_steps=16 accepted_groups=48292 changed=48292 rows=128 grad_mean=3.037e-02 error=-
[L-EM2] dynamic arm=applied groups=640 passes=1 accepted_steps=16 accepted_groups=48646 changed=48646 rows=128 grad_mean=2.874e-02 error=-
[L-EM2] dynamic arm=applied groups=640 passes=1 accepted_steps=16 accepted_groups=200237 changed=200237 rows=512 grad_mean=2.505e-02 error=-
[L-EM2] dynamic arm=applied groups=640 passes=1 accepted_steps=16 accepted_groups=195272 changed=195272 rows=512 grad_mean=2.394e-02 error=-
[L-EM2] dynamic arm=applied groups=640 passes=1 accepted_steps=16 accepted_groups=39796 changed=39796 rows=128 grad_mean=3.553e-02 error=-
[L-EM2] dynamic arm=applied groups=640 passes=1 accepted_steps=16 accepted_groups=40658 changed=40658 rows=128 grad_mean=3.402e-02 error=-
[L-EM2] dynamic arm=applied groups=1024 passes=1 accepted_steps=16 accepted_groups=375058 changed=375058 rows=512 grad_mean=1.930e-03 error=-
[L-EM2] dynamic arm=applied groups=1024 passes=1 accepted_steps=16 accepted_groups=375373 changed=375373 rows=512 grad_mean=1.876e-03 error=-
[L-EM2] dynamic arm=applied groups=640 passes=1 accepted_steps=16 accepted_groups=35280 changed=35280 rows=128 grad_mean=3.450e-02 error=-
[L-EM2] dynamic arm=applied groups=640 passes=1 accepted_steps=16 accepted_groups=35939 changed=35939 rows=128 grad_mean=3.347e-02 error=-
[L-EM2] dynamic arm=applied groups=640 passes=1 accepted_steps=16 accepted_groups=124396 changed=124396 rows=512 grad_mean=3.246e-02 error=-
[L-EM2] dynamic arm=applied groups=640 passes=1 accepted_steps=16 accepted_groups=122316 changed=122316 rows=512 grad_mean=3.188e-02 error=-
[L-EM2] dynamic arm=applied groups=640 passes=1 accepted_steps=16 accepted_groups=153756 changed=153756 rows=512 grad_mean=7.090e-02 error=-
[L-EM2] dynamic arm=applied groups=640 passes=1 accepted_steps=16 accepted_groups=148998 changed=148998 rows=512 grad_mean=6.971e-02 error=-
[L-EM2] dynamic arm=applied groups=640 passes=1 accepted_steps=16 accepted_groups=47200 changed=47200 rows=128 grad_mean=5.150e-02 error=-
[L-EM2] dynamic arm=applied groups=640 passes=1 accepted_steps=16 accepted_groups=47065 changed=47065 rows=128 grad_mean=5.314e-02 error=-
[L-EM2] dynamic arm=applied groups=640 passes=1 accepted_steps=16 accepted_groups=157805 changed=157805 rows=512 grad_mean=7.153e-02 error=-
[L-EM2] dynamic arm=applied groups=640 passes=1 accepted_steps=16 accepted_groups=154432 changed=154432 rows=512 grad_mean=7.233e-02 error=-
[L-EM2] dynamic arm=applied groups=1024 passes=1 accepted_steps=16 accepted_groups=102530 changed=102530 rows=128 grad_mean=4.387e-03 error=-
[L-EM2] dynamic arm=applied groups=1024 passes=1 accepted_steps=16 accepted_groups=103782 changed=103782 rows=128 grad_mean=4.624e-03 error=-
[L-EM2] dynamic arm=applied groups=640 passes=1 accepted_steps=16 accepted_groups=125550 changed=125550 rows=512 grad_mean=1.004e-01 error=-
[L-EM2] dynamic arm=applied groups=640 passes=1 accepted_steps=16 accepted_groups=120370 changed=120370 rows=512 grad_mean=1.030e-01 error=-
[L-EM2] dynamic arm=applied groups=640 passes=1 accepted_steps=16 accepted_groups=31350 changed=31350 rows=128 grad_mean=6.040e-02 error=-
[L-EM2] dynamic arm=applied groups=640 passes=1 accepted_steps=16 accepted_groups=31112 changed=31112 rows=128 grad_mean=6.053e-02 error=-
[L-R2] rank2 reachable=1 vtu_cross_max=2.445e-09
[COMBINED-LINEAR-SAMPLE-ENERGY] reachable=1 blocks=40
[L-EM2] compile arm=compiled in=2560 gram_diag_mean=3.739544e-01 h_norm=1.2646e+01
[L-R2] rank2 reachable=1 vtu_cross_max=3.725e-09
[COMBINED-LINEAR-SAMPLE-ENERGY] reachable=1 blocks=40
[L-EM2] compile arm=compiled in=2560 gram_diag_mean=3.609391e-01 h_norm=4.7984e+01
[L-R2] rank2 reachable=1 vtu_cross_max=3.260e-09
[COMBINED-LINEAR-SAMPLE-ENERGY] reachable=1 blocks=40
[L-EM2] compile arm=compiled in=2560 gram_diag_mean=7.580103e-01 h_norm=9.0512e+01
[L-R2] rank2 reachable=1 vtu_cross_max=5.588e-09
[COMBINED-LINEAR-SAMPLE-ENERGY] reachable=1 blocks=64
[L-EM2] compile arm=compiled in=4096 gram_diag_mean=4.892622e-01 h_norm=9.9974e+01
[L-R2] rank2 reachable=1 vtu_cross_max=6.054e-09
[COMBINED-LINEAR-SAMPLE-ENERGY] reachable=1 blocks=40
[L-EM2] compile arm=compiled in=2560 gram_diag_mean=7.872699e-01 h_norm=8.2960e+01
[L-R2] rank2 reachable=1 vtu_cross_max=6.519e-09
[COMBINED-LINEAR-SAMPLE-ENERGY] reachable=1 blocks=40
[L-EM2] compile arm=compiled in=2560 gram_diag_mean=6.648925e-01 h_norm=5.7859e+01
[L-R2] rank2 reachable=1 vtu_cross_max=2.328e-09
[COMBINED-LINEAR-SAMPLE-ENERGY] reachable=1 blocks=144
[L-EM2] compile arm=out-of-scope in=9216 gram_diag_mean=0.000000e+00 h_norm=0.0000e+00
[L-R2] rank2 reachable=1 vtu_cross_max=8.615e-09
[COMBINED-LINEAR-SAMPLE-ENERGY] reachable=1 blocks=40
[L-EM2] compile arm=compiled in=2560 gram_diag_mean=3.921230e-01 h_norm=6.5740e+01
[L-R2] rank2 reachable=1 vtu_cross_max=5.763e-09
[COMBINED-LINEAR-SAMPLE-ENERGY] reachable=1 blocks=40
[L-EM2] compile arm=compiled in=2560 gram_diag_mean=4.828611e-01 h_norm=8.4909e+01
[L-R2] rank2 reachable=1 vtu_cross_max=1.863e-09
[COMBINED-LINEAR-SAMPLE-ENERGY] reachable=1 blocks=40
[L-EM2] compile arm=compiled in=2560 gram_diag_mean=7.158596e-01 h_norm=7.9108e+01
[L-R2] rank2 reachable=1 vtu_cross_max=9.313e-10
[COMBINED-LINEAR-SAMPLE-ENERGY] reachable=1 blocks=64
[L-EM2] compile arm=compiled in=4096 gram_diag_mean=5.006653e-01 h_norm=8.6517e+01
[L-R2] rank2 reachable=1 vtu_cross_max=3.725e-09
[COMBINED-LINEAR-SAMPLE-ENERGY] reachable=1 blocks=40
[L-EM2] compile arm=compiled in=2560 gram_diag_mean=9.527178e-01 h_norm=1.2981e+02
[L-R2] rank2 reachable=1 vtu_cross_max=7.916e-09
[COMBINED-LINEAR-SAMPLE-ENERGY] reachable=1 blocks=40
[L-EM2] compile arm=compiled in=2560 gram_diag_mean=6.387160e-01 h_norm=5.4860e+01
[L-R2] rank2 reachable=1 vtu_cross_max=4.657e-09
[COMBINED-LINEAR-SAMPLE-ENERGY] reachable=1 blocks=144
[L-EM2] compile arm=out-of-scope in=9216 gram_diag_mean=0.000000e+00 h_norm=0.0000e+00
[L-R2] rank2 reachable=1 vtu_cross_max=1.164e-09
[COMBINED-LINEAR-SAMPLE-ENERGY] reachable=1 blocks=40
[L-EM2] compile arm=compiled in=2560 gram_diag_mean=7.014470e-01 h_norm=1.4711e+02
[L-R2] rank2 reachable=1 vtu_cross_max=3.725e-09
[COMBINED-LINEAR-SAMPLE-ENERGY] reachable=1 blocks=40
[L-EM2] compile arm=compiled in=2560 gram_diag_mean=1.716635e-01 h_norm=4.4128e+01
[L-R2] rank2 reachable=1 vtu_cross_max=1.164e-08
[COMBINED-LINEAR-SAMPLE-ENERGY] reachable=1 blocks=40
[L-EM2] compile arm=compiled in=2560 gram_diag_mean=2.982883e-01 h_norm=5.0044e+01
[L-R2] rank2 reachable=1 vtu_cross_max=5.588e-09
[COMBINED-LINEAR-SAMPLE-ENERGY] reachable=1 blocks=64
[L-EM2] compile arm=compiled in=4096 gram_diag_mean=5.510036e-01 h_norm=9.7686e+01
[L-R2] rank2 reachable=1 vtu_cross_max=1.048e-08
[COMBINED-LINEAR-SAMPLE-ENERGY] reachable=1 blocks=40
[L-EM2] compile arm=compiled in=2560 gram_diag_mean=1.337850e+00 h_norm=1.9537e+02
[L-R2] rank2 reachable=1 vtu_cross_max=5.122e-09
[COMBINED-LINEAR-SAMPLE-ENERGY] reachable=1 blocks=40
[L-EM2] compile arm=compiled in=2560 gram_diag_mean=7.640371e-01 h_norm=6.6008e+01
[L-R2] rank2 reachable=1 vtu_cross_max=4.424e-09
[COMBINED-LINEAR-SAMPLE-ENERGY] reachable=1 blocks=144
[L-EM2] compile arm=out-of-scope in=9216 gram_diag_mean=0.000000e+00 h_norm=0.0000e+00
[L-R2] rank2 reachable=1 vtu_cross_max=7.451e-09
[COMBINED-LINEAR-SAMPLE-ENERGY] reachable=1 blocks=40
[L-EM2] compile arm=compiled in=2560 gram_diag_mean=5.027320e-01 h_norm=8.7243e+01
[L-R2] rank2 reachable=1 vtu_cross_max=1.397e-09
[COMBINED-LINEAR-SAMPLE-ENERGY] reachable=1 blocks=40
[L-EM2] compile arm=compiled in=2560 gram_diag_mean=5.528332e-01 h_norm=1.1706e+02
[L-R2] rank2 reachable=1 vtu_cross_max=7.334e-09
[COMBINED-LINEAR-SAMPLE-ENERGY] reachable=1 blocks=40
[L-EM2] compile arm=compiled in=2560 gram_diag_mean=8.567174e-01 h_norm=1.0118e+02
[L-R2] rank2 reachable=1 vtu_cross_max=1.397e-09
[COMBINED-LINEAR-SAMPLE-ENERGY] reachable=1 blocks=64
[L-EM2] compile arm=compiled in=4096 gram_diag_mean=5.861745e-01 h_norm=9.9500e+01
[L-R2] rank2 reachable=1 vtu_cross_max=7.451e-09
[COMBINED-LINEAR-SAMPLE-ENERGY] reachable=1 blocks=40
[L-EM2] compile arm=compiled in=2560 gram_diag_mean=1.736063e+00 h_norm=3.2425e+02
[L-R2] rank2 reachable=1 vtu_cross_max=6.519e-09
[COMBINED-LINEAR-SAMPLE-ENERGY] reachable=1 blocks=40
[L-EM2] compile arm=compiled in=2560 gram_diag_mean=9.521372e-01 h_norm=9.1442e+01
[L-R2] rank2 reachable=1 vtu_cross_max=5.821e-09
[COMBINED-LINEAR-SAMPLE-ENERGY] reachable=1 blocks=144
[L-EM2] compile arm=out-of-scope in=9216 gram_diag_mean=0.000000e+00 h_norm=0.0000e+00
[L-EM2] dynamic arm=applied groups=640 passes=1 accepted_steps=16 accepted_groups=190123 changed=190123 rows=512 grad_mean=1.046e-02 error=-
[L-EM2] dynamic arm=applied groups=640 passes=1 accepted_steps=16 accepted_groups=192288 changed=192288 rows=512 grad_mean=9.837e-03 error=-
[L-EM2] dynamic arm=applied groups=640 passes=1 accepted_steps=16 accepted_groups=45169 changed=45169 rows=128 grad_mean=1.066e-02 error=-
[L-EM2] dynamic arm=applied groups=640 passes=1 accepted_steps=16 accepted_groups=45425 changed=45425 rows=128 grad_mean=1.017e-02 error=-
[L-EM2] dynamic arm=applied groups=640 passes=1 accepted_steps=16 accepted_groups=148093 changed=148093 rows=512 grad_mean=1.891e-02 error=-
[L-EM2] dynamic arm=applied groups=640 passes=1 accepted_steps=16 accepted_groups=148229 changed=148229 rows=512 grad_mean=1.766e-02 error=-
[L-EM2] dynamic arm=applied groups=1024 passes=1 accepted_steps=16 accepted_groups=106378 changed=106378 rows=128 grad_mean=5.239e-04 error=-
[L-EM2] dynamic arm=applied groups=1024 passes=1 accepted_steps=16 accepted_groups=104858 changed=104858 rows=128 grad_mean=4.921e-04 error=-
[L-EM2] dynamic arm=applied groups=640 passes=1 accepted_steps=16 accepted_groups=110613 changed=110613 rows=512 grad_mean=1.716e-02 error=-
[L-EM2] dynamic arm=applied groups=640 passes=1 accepted_steps=16 accepted_groups=109111 changed=109111 rows=512 grad_mean=1.638e-02 error=-
[L-EM2] dynamic arm=applied groups=640 passes=1 accepted_steps=16 accepted_groups=28950 changed=28950 rows=128 grad_mean=1.581e-02 error=-
[L-EM2] dynamic arm=applied groups=640 passes=1 accepted_steps=16 accepted_groups=28916 changed=28916 rows=128 grad_mean=1.515e-02 error=-
[L-EM2] dynamic arm=applied groups=640 passes=1 accepted_steps=16 accepted_groups=47678 changed=47678 rows=128 grad_mean=1.942e-02 error=-
[L-EM2] dynamic arm=applied groups=640 passes=1 accepted_steps=16 accepted_groups=47817 changed=47817 rows=128 grad_mean=1.900e-02 error=-
[L-EM2] dynamic arm=applied groups=640 passes=1 accepted_steps=16 accepted_groups=196849 changed=196849 rows=512 grad_mean=2.237e-02 error=-
[L-EM2] dynamic arm=applied groups=640 passes=1 accepted_steps=16 accepted_groups=195983 changed=195983 rows=512 grad_mean=2.111e-02 error=-
[L-EM2] dynamic arm=applied groups=640 passes=1 accepted_steps=16 accepted_groups=38275 changed=38275 rows=128 grad_mean=3.323e-02 error=-
[L-EM2] dynamic arm=applied groups=640 passes=1 accepted_steps=16 accepted_groups=38293 changed=38293 rows=128 grad_mean=3.267e-02 error=-
[L-EM2] dynamic arm=applied groups=1024 passes=1 accepted_steps=16 accepted_groups=379086 changed=379086 rows=512 grad_mean=1.898e-03 error=-
[L-EM2] dynamic arm=applied groups=1024 passes=1 accepted_steps=16 accepted_groups=374345 changed=374345 rows=512 grad_mean=1.744e-03 error=-
[L-EM2] dynamic arm=applied groups=640 passes=1 accepted_steps=16 accepted_groups=30883 changed=30883 rows=128 grad_mean=4.027e-02 error=-
[L-EM2] dynamic arm=applied groups=640 passes=1 accepted_steps=16 accepted_groups=30990 changed=30990 rows=128 grad_mean=3.967e-02 error=-
[L-EM2] dynamic arm=applied groups=640 passes=1 accepted_steps=16 accepted_groups=116807 changed=116807 rows=512 grad_mean=2.687e-02 error=-
[L-EM2] dynamic arm=applied groups=640 passes=1 accepted_steps=16 accepted_groups=115480 changed=115480 rows=512 grad_mean=2.579e-02 error=-
[L-EM2] dynamic arm=applied groups=640 passes=1 accepted_steps=16 accepted_groups=171695 changed=171695 rows=512 grad_mean=3.816e-02 error=-
[L-EM2] dynamic arm=applied groups=640 passes=1 accepted_steps=16 accepted_groups=164303 changed=164303 rows=512 grad_mean=3.826e-02 error=-
[L-EM2] dynamic arm=applied groups=640 passes=1 accepted_steps=16 accepted_groups=57877 changed=57877 rows=128 grad_mean=9.286e-03 error=-
[L-EM2] dynamic arm=applied groups=640 passes=1 accepted_steps=16 accepted_groups=57933 changed=57933 rows=128 grad_mean=9.126e-03 error=-
[L-EM2] dynamic arm=applied groups=640 passes=1 accepted_steps=16 accepted_groups=219924 changed=219924 rows=512 grad_mean=1.704e-02 error=-
[L-EM2] dynamic arm=applied groups=640 passes=1 accepted_steps=16 accepted_groups=215725 changed=215725 rows=512 grad_mean=1.692e-02 error=-
[L-EM2] dynamic arm=applied groups=1024 passes=1 accepted_steps=16 accepted_groups=97041 changed=97041 rows=128 grad_mean=2.914e-03 error=-
[L-EM2] dynamic arm=applied groups=1024 passes=1 accepted_steps=16 accepted_groups=97308 changed=97308 rows=128 grad_mean=3.002e-03 error=-
[L-EM2] dynamic arm=applied groups=640 passes=1 accepted_steps=16 accepted_groups=124566 changed=124566 rows=512 grad_mean=7.157e-02 error=-
[L-EM2] dynamic arm=applied groups=640 passes=1 accepted_steps=16 accepted_groups=121375 changed=121375 rows=512 grad_mean=7.224e-02 error=-
[L-EM2] dynamic arm=applied groups=640 passes=1 accepted_steps=16 accepted_groups=30075 changed=30075 rows=128 grad_mean=4.338e-02 error=-
[L-EM2] dynamic arm=applied groups=640 passes=1 accepted_steps=16 accepted_groups=30087 changed=30087 rows=128 grad_mean=4.271e-02 error=-
[L-EM2] dynamic arm=applied groups=640 passes=1 accepted_steps=16 accepted_groups=49561 changed=49561 rows=128 grad_mean=3.538e-02 error=-
[L-EM2] dynamic arm=applied groups=640 passes=1 accepted_steps=16 accepted_groups=49733 changed=49733 rows=128 grad_mean=3.588e-02 error=-
[L-EM2] dynamic arm=applied groups=640 passes=1 accepted_steps=16 accepted_groups=192112 changed=192112 rows=512 grad_mean=3.589e-02 error=-
[L-EM2] dynamic arm=applied groups=640 passes=1 accepted_steps=16 accepted_groups=188492 changed=188492 rows=512 grad_mean=3.652e-02 error=-
[L-EM2] dynamic arm=applied groups=640 passes=1 accepted_steps=16 accepted_groups=38736 changed=38736 rows=128 grad_mean=5.668e-02 error=-
[L-EM2] dynamic arm=applied groups=640 passes=1 accepted_steps=16 accepted_groups=38505 changed=38505 rows=128 grad_mean=5.714e-02 error=-
[L-EM2] dynamic arm=applied groups=1024 passes=1 accepted_steps=16 accepted_groups=401713 changed=401713 rows=512 grad_mean=3.936e-03 error=-
[L-EM2] dynamic arm=applied groups=1024 passes=1 accepted_steps=16 accepted_groups=402623 changed=402623 rows=512 grad_mean=4.213e-03 error=-
[L-EM2] dynamic arm=applied groups=640 passes=1 accepted_steps=16 accepted_groups=29212 changed=29212 rows=128 grad_mean=1.152e-01 error=-
[L-EM2] dynamic arm=applied groups=640 passes=1 accepted_steps=16 accepted_groups=29034 changed=29034 rows=128 grad_mean=1.168e-01 error=-
[L-EM2] dynamic arm=applied groups=640 passes=1 accepted_steps=16 accepted_groups=116092 changed=116092 rows=512 grad_mean=6.061e-02 error=-
[L-EM2] dynamic arm=applied groups=640 passes=1 accepted_steps=16 accepted_groups=113994 changed=113994 rows=512 grad_mean=6.191e-02 error=-
[L-R2] rank2 reachable=1 vtu_cross_max=2.794e-09
[COMBINED-LINEAR-SAMPLE-ENERGY] reachable=1 blocks=40
[L-EM2] compile arm=compiled in=2560 gram_diag_mean=3.696114e-01 h_norm=5.2503e+01
[L-R2] rank2 reachable=1 vtu_cross_max=3.260e-09
[COMBINED-LINEAR-SAMPLE-ENERGY] reachable=1 blocks=40
[L-EM2] compile arm=compiled in=2560 gram_diag_mean=3.829067e-01 h_norm=5.3103e+01
[L-R2] rank2 reachable=1 vtu_cross_max=5.122e-09
[COMBINED-LINEAR-SAMPLE-ENERGY] reachable=1 blocks=40
[L-EM2] compile arm=compiled in=2560 gram_diag_mean=7.415828e-01 h_norm=8.7627e+01
[L-R2] rank2 reachable=1 vtu_cross_max=2.794e-09
[COMBINED-LINEAR-SAMPLE-ENERGY] reachable=1 blocks=64
[L-EM2] compile arm=compiled in=4096 gram_diag_mean=4.772808e-01 h_norm=9.2993e+01
[L-R2] rank2 reachable=1 vtu_cross_max=6.286e-09
[COMBINED-LINEAR-SAMPLE-ENERGY] reachable=1 blocks=40
[L-EM2] compile arm=compiled in=2560 gram_diag_mean=8.705633e-01 h_norm=9.6548e+01
[L-R2] rank2 reachable=1 vtu_cross_max=4.191e-09
[COMBINED-LINEAR-SAMPLE-ENERGY] reachable=1 blocks=40
[L-EM2] compile arm=compiled in=2560 gram_diag_mean=6.237417e-01 h_norm=5.1854e+01
[L-R2] rank2 reachable=1 vtu_cross_max=8.265e-09
[COMBINED-LINEAR-SAMPLE-ENERGY] reachable=1 blocks=144
[L-EM2] compile arm=out-of-scope in=9216 gram_diag_mean=0.000000e+00 h_norm=0.0000e+00
[L-R2] rank2 reachable=1 vtu_cross_max=4.889e-09
[COMBINED-LINEAR-SAMPLE-ENERGY] reachable=1 blocks=40
[L-EM2] compile arm=compiled in=2560 gram_diag_mean=4.179232e-01 h_norm=7.0294e+01
[L-R2] rank2 reachable=1 vtu_cross_max=2.794e-09
[COMBINED-LINEAR-SAMPLE-ENERGY] reachable=1 blocks=40
[L-EM2] compile arm=compiled in=2560 gram_diag_mean=4.660256e-01 h_norm=9.6731e+01
[L-R2] rank2 reachable=1 vtu_cross_max=2.794e-09
[COMBINED-LINEAR-SAMPLE-ENERGY] reachable=1 blocks=40
[L-EM2] compile arm=compiled in=2560 gram_diag_mean=7.613837e-01 h_norm=9.4352e+01
[L-R2] rank2 reachable=1 vtu_cross_max=1.071e-08
[COMBINED-LINEAR-SAMPLE-ENERGY] reachable=1 blocks=64
[L-EM2] compile arm=compiled in=4096 gram_diag_mean=4.301280e-01 h_norm=7.9725e+01
[L-R2] rank2 reachable=1 vtu_cross_max=2.794e-09
[COMBINED-LINEAR-SAMPLE-ENERGY] reachable=1 blocks=40
[L-EM2] compile arm=compiled in=2560 gram_diag_mean=9.807345e-01 h_norm=1.3815e+02
[L-R2] rank2 reachable=1 vtu_cross_max=6.519e-09
[COMBINED-LINEAR-SAMPLE-ENERGY] reachable=1 blocks=40
[L-EM2] compile arm=compiled in=2560 gram_diag_mean=6.636078e-01 h_norm=5.6951e+01
[L-R2] rank2 reachable=1 vtu_cross_max=4.278e-09
[COMBINED-LINEAR-SAMPLE-ENERGY] reachable=1 blocks=144
[L-EM2] compile arm=out-of-scope in=9216 gram_diag_mean=0.000000e+00 h_norm=0.0000e+00
[L-R2] rank2 reachable=1 vtu_cross_max=5.122e-09
[COMBINED-LINEAR-SAMPLE-ENERGY] reachable=1 blocks=40
[L-EM2] compile arm=compiled in=2560 gram_diag_mean=5.367022e-01 h_norm=1.0370e+02
[L-R2] rank2 reachable=1 vtu_cross_max=1.118e-08
[COMBINED-LINEAR-SAMPLE-ENERGY] reachable=1 blocks=40
[L-EM2] compile arm=compiled in=2560 gram_diag_mean=4.672832e-01 h_norm=8.7556e+01
[L-R2] rank2 reachable=1 vtu_cross_max=1.490e-08
[COMBINED-LINEAR-SAMPLE-ENERGY] reachable=1 blocks=40
[L-EM2] compile arm=compiled in=2560 gram_diag_mean=7.307148e-01 h_norm=9.1964e+01
[L-R2] rank2 reachable=1 vtu_cross_max=6.869e-09
[COMBINED-LINEAR-SAMPLE-ENERGY] reachable=1 blocks=64
[L-EM2] compile arm=compiled in=4096 gram_diag_mean=4.123951e-01 h_norm=7.1387e+01
[L-R2] rank2 reachable=1 vtu_cross_max=3.260e-09
[COMBINED-LINEAR-SAMPLE-ENERGY] reachable=1 blocks=40
[L-EM2] compile arm=compiled in=2560 gram_diag_mean=9.858856e-01 h_norm=1.6866e+02
[L-R2] rank2 reachable=1 vtu_cross_max=8.149e-10
[COMBINED-LINEAR-SAMPLE-ENERGY] reachable=1 blocks=40
[L-EM2] compile arm=compiled in=2560 gram_diag_mean=8.062710e-01 h_norm=7.8354e+01
[L-R2] rank2 reachable=1 vtu_cross_max=1.024e-08
[COMBINED-LINEAR-SAMPLE-ENERGY] reachable=1 blocks=144
[L-EM2] compile arm=out-of-scope in=9216 gram_diag_mean=0.000000e+00 h_norm=0.0000e+00
[L-R2] rank2 reachable=1 vtu_cross_max=5.122e-09
[COMBINED-LINEAR-SAMPLE-ENERGY] reachable=1 blocks=40
[L-EM2] compile arm=compiled in=2560 gram_diag_mean=6.015709e-01 h_norm=1.1494e+02
[L-R2] rank2 reachable=1 vtu_cross_max=4.424e-09
[COMBINED-LINEAR-SAMPLE-ENERGY] reachable=1 blocks=40
[L-EM2] compile arm=compiled in=2560 gram_diag_mean=1.452095e-01 h_norm=3.6293e+01
[L-R2] rank2 reachable=1 vtu_cross_max=9.779e-09
[COMBINED-LINEAR-SAMPLE-ENERGY] reachable=1 blocks=40
[L-EM2] compile arm=compiled in=2560 gram_diag_mean=4.481084e-01 h_norm=1.2644e+02
[L-R2] rank2 reachable=1 vtu_cross_max=6.985e-09
[COMBINED-LINEAR-SAMPLE-ENERGY] reachable=1 blocks=64
[L-EM2] compile arm=compiled in=4096 gram_diag_mean=6.989137e-01 h_norm=1.3233e+02
[L-R2] rank2 reachable=1 vtu_cross_max=1.071e-08
[COMBINED-LINEAR-SAMPLE-ENERGY] reachable=1 blocks=40
[L-EM2] compile arm=compiled in=2560 gram_diag_mean=1.745592e+00 h_norm=3.6958e+02
[L-R2] rank2 reachable=1 vtu_cross_max=7.451e-09
[COMBINED-LINEAR-SAMPLE-ENERGY] reachable=1 blocks=40
[L-EM2] compile arm=compiled in=2560 gram_diag_mean=1.121982e+00 h_norm=1.7379e+02
[L-R2] rank2 reachable=1 vtu_cross_max=8.615e-09
[COMBINED-LINEAR-SAMPLE-ENERGY] reachable=1 blocks=144
[L-EM2] compile arm=out-of-scope in=9216 gram_diag_mean=0.000000e+00 h_norm=0.0000e+00
[L-EM2] dynamic arm=applied groups=640 passes=1 accepted_steps=16 accepted_groups=47057 changed=47057 rows=128 grad_mean=1.338e-02 error=-
[L-EM2] dynamic arm=applied groups=640 passes=1 accepted_steps=16 accepted_groups=46599 changed=46599 rows=128 grad_mean=1.285e-02 error=-
[L-EM2] dynamic arm=applied groups=640 passes=1 accepted_steps=16 accepted_groups=185316 changed=185316 rows=512 grad_mean=1.286e-02 error=-
[L-EM2] dynamic arm=applied groups=640 passes=1 accepted_steps=16 accepted_groups=184861 changed=184861 rows=512 grad_mean=1.220e-02 error=-
[L-EM2] dynamic arm=applied groups=640 passes=1 accepted_steps=16 accepted_groups=38272 changed=38272 rows=128 grad_mean=2.528e-02 error=-
[L-EM2] dynamic arm=applied groups=640 passes=1 accepted_steps=16 accepted_groups=38198 changed=38198 rows=128 grad_mean=2.437e-02 error=-
[L-EM2] dynamic arm=applied groups=1024 passes=1 accepted_steps=16 accepted_groups=411035 changed=411035 rows=512 grad_mean=5.935e-04 error=-
[L-EM2] dynamic arm=applied groups=1024 passes=1 accepted_steps=16 accepted_groups=413973 changed=413973 rows=512 grad_mean=5.749e-04 error=-
[L-EM2] dynamic arm=applied groups=640 passes=1 accepted_steps=16 accepted_groups=28788 changed=28788 rows=128 grad_mean=2.434e-02 error=-
[L-EM2] dynamic arm=applied groups=640 passes=1 accepted_steps=16 accepted_groups=28519 changed=28519 rows=128 grad_mean=2.274e-02 error=-
[L-EM2] dynamic arm=applied groups=640 passes=1 accepted_steps=16 accepted_groups=115209 changed=115209 rows=512 grad_mean=1.659e-02 error=-
[L-EM2] dynamic arm=applied groups=640 passes=1 accepted_steps=16 accepted_groups=114312 changed=114312 rows=512 grad_mean=1.587e-02 error=-
[L-EM2] dynamic arm=applied groups=640 passes=1 accepted_steps=16 accepted_groups=197108 changed=197108 rows=512 grad_mean=2.030e-02 error=-
[L-EM2] dynamic arm=applied groups=640 passes=1 accepted_steps=16 accepted_groups=193947 changed=193947 rows=512 grad_mean=2.024e-02 error=-
[L-EM2] dynamic arm=applied groups=640 passes=1 accepted_steps=16 accepted_groups=51125 changed=51125 rows=128 grad_mean=2.436e-02 error=-
[L-EM2] dynamic arm=applied groups=640 passes=1 accepted_steps=16 accepted_groups=51573 changed=51573 rows=128 grad_mean=2.465e-02 error=-
[L-EM2] dynamic arm=applied groups=640 passes=1 accepted_steps=16 accepted_groups=158748 changed=158748 rows=512 grad_mean=3.468e-02 error=-
[L-EM2] dynamic arm=applied groups=640 passes=1 accepted_steps=16 accepted_groups=156075 changed=156075 rows=512 grad_mean=3.477e-02 error=-
[L-EM2] dynamic arm=applied groups=1024 passes=1 accepted_steps=16 accepted_groups=97210 changed=97210 rows=128 grad_mean=1.571e-03 error=-
[L-EM2] dynamic arm=applied groups=1024 passes=1 accepted_steps=16 accepted_groups=97106 changed=97106 rows=128 grad_mean=1.461e-03 error=-
[L-EM2] dynamic arm=applied groups=640 passes=1 accepted_steps=16 accepted_groups=134290 changed=134290 rows=512 grad_mean=3.937e-02 error=-
[L-EM2] dynamic arm=applied groups=640 passes=1 accepted_steps=16 accepted_groups=127328 changed=127328 rows=512 grad_mean=3.965e-02 error=-
[L-EM2] dynamic arm=applied groups=640 passes=1 accepted_steps=16 accepted_groups=28753 changed=28753 rows=128 grad_mean=2.899e-02 error=-
[L-EM2] dynamic arm=applied groups=640 passes=1 accepted_steps=16 accepted_groups=28999 changed=28999 rows=128 grad_mean=2.880e-02 error=-
[L-EM2] dynamic arm=applied groups=640 passes=1 accepted_steps=16 accepted_groups=48597 changed=48597 rows=128 grad_mean=2.749e-02 error=-
[L-EM2] dynamic arm=applied groups=640 passes=1 accepted_steps=16 accepted_groups=48871 changed=48871 rows=128 grad_mean=2.630e-02 error=-
[L-EM2] dynamic arm=applied groups=640 passes=1 accepted_steps=16 accepted_groups=199835 changed=199835 rows=512 grad_mean=2.325e-02 error=-
[L-EM2] dynamic arm=applied groups=640 passes=1 accepted_steps=16 accepted_groups=196433 changed=196433 rows=512 grad_mean=2.262e-02 error=-
[L-EM2] dynamic arm=applied groups=640 passes=1 accepted_steps=16 accepted_groups=38627 changed=38627 rows=128 grad_mean=3.564e-02 error=-
[L-EM2] dynamic arm=applied groups=640 passes=1 accepted_steps=16 accepted_groups=38588 changed=38588 rows=128 grad_mean=3.409e-02 error=-
[L-EM2] dynamic arm=applied groups=1024 passes=1 accepted_steps=16 accepted_groups=367593 changed=367593 rows=512 grad_mean=2.126e-03 error=-
[L-EM2] dynamic arm=applied groups=1024 passes=1 accepted_steps=16 accepted_groups=370592 changed=370592 rows=512 grad_mean=2.049e-03 error=-
[L-EM2] dynamic arm=applied groups=640 passes=1 accepted_steps=16 accepted_groups=33726 changed=33726 rows=128 grad_mean=4.123e-02 error=-
[L-EM2] dynamic arm=applied groups=640 passes=1 accepted_steps=16 accepted_groups=33415 changed=33415 rows=128 grad_mean=3.967e-02 error=-
[L-EM2] dynamic arm=applied groups=640 passes=1 accepted_steps=16 accepted_groups=115180 changed=115180 rows=512 grad_mean=3.516e-02 error=-
[L-EM2] dynamic arm=applied groups=640 passes=1 accepted_steps=16 accepted_groups=112896 changed=112896 rows=512 grad_mean=3.482e-02 error=-
[L-EM2] dynamic arm=applied groups=640 passes=1 accepted_steps=16 accepted_groups=171339 changed=171339 rows=512 grad_mean=3.420e-02 error=-
[L-EM2] dynamic arm=applied groups=640 passes=1 accepted_steps=16 accepted_groups=166812 changed=166812 rows=512 grad_mean=3.376e-02 error=-
[L-EM2] dynamic arm=applied groups=640 passes=1 accepted_steps=16 accepted_groups=57400 changed=57400 rows=128 grad_mean=9.690e-03 error=-
[L-EM2] dynamic arm=applied groups=640 passes=1 accepted_steps=16 accepted_groups=57164 changed=57164 rows=128 grad_mean=9.766e-03 error=-
[L-EM2] dynamic arm=applied groups=640 passes=1 accepted_steps=16 accepted_groups=14748 changed=14748 rows=512 grad_mean=1.118e-01 error=-
[L-EM2] dynamic arm=applied groups=640 passes=1 accepted_steps=16 accepted_groups=12234 changed=12234 rows=512 grad_mean=1.087e-01 error=-
[L-EM2] dynamic arm=applied groups=1024 passes=1 accepted_steps=16 accepted_groups=90039 changed=90039 rows=128 grad_mean=1.576e-02 error=-
[L-EM2] dynamic arm=applied groups=1024 passes=1 accepted_steps=16 accepted_groups=89143 changed=89143 rows=128 grad_mean=1.387e-02 error=-
[L-EM2] dynamic arm=applied groups=640 passes=1 accepted_steps=16 accepted_groups=9452 changed=9452 rows=512 grad_mean=2.295e-01 error=-
[L-EM2] dynamic arm=applied groups=640 passes=1 accepted_steps=16 accepted_groups=11719 changed=11719 rows=512 grad_mean=2.231e-01 error=-
[L-EM2] dynamic arm=applied groups=640 passes=1 accepted_steps=16 accepted_groups=8437 changed=8437 rows=128 grad_mean=1.188e-01 error=-
[L-EM2] dynamic arm=applied groups=640 passes=1 accepted_steps=16 accepted_groups=9414 changed=9414 rows=128 grad_mean=1.145e-01 error=-
[L-R2] rank2 reachable=1 vtu_cross_max=2.328e-09
[COMBINED-LINEAR-SAMPLE-ENERGY] reachable=1 blocks=40
[L-EM2] compile arm=compiled in=2560 gram_diag_mean=6.502624e-01 h_norm=1.1947e+02
[L-R2] rank2 reachable=1 vtu_cross_max=9.313e-09
[COMBINED-LINEAR-SAMPLE-ENERGY] reachable=1 blocks=40
[L-EM2] compile arm=compiled in=2560 gram_diag_mean=1.668800e-01 h_norm=3.6024e+01
[L-R2] rank2 reachable=1 vtu_cross_max=4.657e-09
[COMBINED-LINEAR-SAMPLE-ENERGY] reachable=1 blocks=40
[L-EM2] compile arm=compiled in=2560 gram_diag_mean=1.629752e-01 h_norm=2.7167e+01
[L-R2] rank2 reachable=1 vtu_cross_max=5.588e-09
[COMBINED-LINEAR-SAMPLE-ENERGY] reachable=1 blocks=64
[L-EM2] compile arm=compiled in=4096 gram_diag_mean=3.922223e-01 h_norm=7.8215e+01
[L-R2] rank2 reachable=1 vtu_cross_max=4.657e-09
[COMBINED-LINEAR-SAMPLE-ENERGY] reachable=1 blocks=40
[L-EM2] compile arm=compiled in=2560 gram_diag_mean=8.416239e-01 h_norm=1.1876e+02
[L-R2] rank2 reachable=1 vtu_cross_max=6.519e-09
[COMBINED-LINEAR-SAMPLE-ENERGY] reachable=1 blocks=40
[L-EM2] compile arm=compiled in=2560 gram_diag_mean=7.275904e-01 h_norm=6.4967e+01
[L-R2] rank2 reachable=1 vtu_cross_max=7.451e-09
[COMBINED-LINEAR-SAMPLE-ENERGY] reachable=1 blocks=144
[L-EM2] compile arm=out-of-scope in=9216 gram_diag_mean=0.000000e+00 h_norm=0.0000e+00
[L-R2] rank2 reachable=1 vtu_cross_max=3.725e-09
[COMBINED-LINEAR-SAMPLE-ENERGY] reachable=1 blocks=40
[L-EM2] compile arm=compiled in=2560 gram_diag_mean=5.002500e-01 h_norm=9.9319e+01
[L-R2] rank2 reachable=1 vtu_cross_max=4.191e-09
[COMBINED-LINEAR-SAMPLE-ENERGY] reachable=1 blocks=40
[L-EM2] compile arm=compiled in=2560 gram_diag_mean=4.576872e-01 h_norm=8.8605e+01
[L-R2] rank2 reachable=1 vtu_cross_max=2.794e-09
[COMBINED-LINEAR-SAMPLE-ENERGY] reachable=1 blocks=40
[L-EM2] compile arm=compiled in=2560 gram_diag_mean=7.372636e-01 h_norm=1.0093e+02
[L-R2] rank2 reachable=1 vtu_cross_max=8.382e-09
[COMBINED-LINEAR-SAMPLE-ENERGY] reachable=1 blocks=64
[L-EM2] compile arm=compiled in=4096 gram_diag_mean=4.328275e-01 h_norm=7.8778e+01
[L-R2] rank2 reachable=1 vtu_cross_max=1.863e-09
[COMBINED-LINEAR-SAMPLE-ENERGY] reachable=1 blocks=40
[L-EM2] compile arm=compiled in=2560 gram_diag_mean=9.305286e-01 h_norm=1.1837e+02
[L-R2] rank2 reachable=1 vtu_cross_max=6.985e-09
[COMBINED-LINEAR-SAMPLE-ENERGY] reachable=1 blocks=40
[L-EM2] compile arm=compiled in=2560 gram_diag_mean=6.970854e-01 h_norm=6.0953e+01
[L-R2] rank2 reachable=1 vtu_cross_max=5.588e-09
[COMBINED-LINEAR-SAMPLE-ENERGY] reachable=1 blocks=144
[L-EM2] compile arm=out-of-scope in=9216 gram_diag_mean=0.000000e+00 h_norm=0.0000e+00
[L-R2] rank2 reachable=1 vtu_cross_max=4.191e-09
[COMBINED-LINEAR-SAMPLE-ENERGY] reachable=1 blocks=40
[L-EM2] compile arm=compiled in=2560 gram_diag_mean=6.070054e-01 h_norm=1.1974e+02
[L-R2] rank2 reachable=1 vtu_cross_max=7.451e-09
[COMBINED-LINEAR-SAMPLE-ENERGY] reachable=1 blocks=40
[L-EM2] compile arm=compiled in=2560 gram_diag_mean=6.026556e-01 h_norm=1.1397e+02
[L-R2] rank2 reachable=1 vtu_cross_max=4.075e-09
[COMBINED-LINEAR-SAMPLE-ENERGY] reachable=1 blocks=40
[L-EM2] compile arm=compiled in=2560 gram_diag_mean=1.039309e+00 h_norm=1.8467e+02
[L-R2] rank2 reachable=1 vtu_cross_max=7.451e-09
[COMBINED-LINEAR-SAMPLE-ENERGY] reachable=1 blocks=64
[L-EM2] compile arm=compiled in=4096 gram_diag_mean=4.227559e-01 h_norm=6.8335e+01
[L-R2] rank2 reachable=1 vtu_cross_max=6.752e-09
[COMBINED-LINEAR-SAMPLE-ENERGY] reachable=1 blocks=40
[L-EM2] compile arm=compiled in=2560 gram_diag_mean=1.198871e+00 h_norm=1.7353e+02
[L-R2] rank2 reachable=1 vtu_cross_max=9.313e-10
[COMBINED-LINEAR-SAMPLE-ENERGY] reachable=1 blocks=40
[L-EM2] compile arm=compiled in=2560 gram_diag_mean=7.905388e-01 h_norm=7.1298e+01
[L-R2] rank2 reachable=1 vtu_cross_max=4.657e-09
[COMBINED-LINEAR-SAMPLE-ENERGY] reachable=1 blocks=144
[L-EM2] compile arm=out-of-scope in=9216 gram_diag_mean=0.000000e+00 h_norm=0.0000e+00
[L-R2] rank2 reachable=1 vtu_cross_max=9.313e-09
[COMBINED-LINEAR-SAMPLE-ENERGY] reachable=1 blocks=40
[L-EM2] compile arm=compiled in=2560 gram_diag_mean=6.064050e-01 h_norm=1.3901e+02
[L-R2] rank2 reachable=1 vtu_cross_max=2.212e-09
[COMBINED-LINEAR-SAMPLE-ENERGY] reachable=1 blocks=40
[L-EM2] compile arm=compiled in=2560 gram_diag_mean=5.683579e-01 h_norm=1.1958e+02
[L-R2] rank2 reachable=1 vtu_cross_max=3.958e-09
[COMBINED-LINEAR-SAMPLE-ENERGY] reachable=1 blocks=40
[L-EM2] compile arm=compiled in=2560 gram_diag_mean=8.852425e-01 h_norm=1.1980e+02
[L-R2] rank2 reachable=1 vtu_cross_max=2.794e-09
[COMBINED-LINEAR-SAMPLE-ENERGY] reachable=1 blocks=64
[L-EM2] compile arm=compiled in=4096 gram_diag_mean=8.544896e-01 h_norm=9.6459e+01
[L-R2] rank2 reachable=1 vtu_cross_max=2.328e-09
[COMBINED-LINEAR-SAMPLE-ENERGY] reachable=1 blocks=40
[L-EM2] compile arm=compiled in=2560 gram_diag_mean=1.629954e+00 h_norm=2.7909e+02
[L-R2] rank2 reachable=1 vtu_cross_max=7.451e-09
[COMBINED-LINEAR-SAMPLE-ENERGY] reachable=1 blocks=40
[L-EM2] compile arm=compiled in=2560 gram_diag_mean=9.796863e-01 h_norm=1.0650e+02
[L-R2] rank2 reachable=1 vtu_cross_max=6.519e-09
[COMBINED-LINEAR-SAMPLE-ENERGY] reachable=1 blocks=144
[L-EM2] compile arm=out-of-scope in=9216 gram_diag_mean=0.000000e+00 h_norm=0.0000e+00
[L-EM2] dynamic arm=applied groups=640 passes=1 accepted_steps=16 accepted_groups=163724 changed=163724 rows=512 grad_mean=2.818e-02 error=-
[L-EM2] dynamic arm=applied groups=640 passes=1 accepted_steps=16 accepted_groups=160711 changed=160711 rows=512 grad_mean=2.795e-02 error=-
[L-EM2] dynamic arm=applied groups=640 passes=1 accepted_steps=16 accepted_groups=56524 changed=56524 rows=128 grad_mean=8.222e-03 error=-
[L-EM2] dynamic arm=applied groups=640 passes=1 accepted_steps=16 accepted_groups=57338 changed=57338 rows=128 grad_mean=7.991e-03 error=-
[L-EM2] dynamic arm=applied groups=640 passes=1 accepted_steps=16 accepted_groups=213097 changed=213097 rows=512 grad_mean=7.649e-03 error=-
[L-EM2] dynamic arm=applied groups=640 passes=1 accepted_steps=16 accepted_groups=209161 changed=209161 rows=512 grad_mean=7.628e-03 error=-
[L-EM2] dynamic arm=applied groups=1024 passes=1 accepted_steps=16 accepted_groups=92054 changed=92054 rows=128 grad_mean=2.463e-03 error=-
[L-EM2] dynamic arm=applied groups=1024 passes=1 accepted_steps=16 accepted_groups=91075 changed=91075 rows=128 grad_mean=2.355e-03 error=-
[L-EM2] dynamic arm=applied groups=640 passes=1 accepted_steps=16 accepted_groups=122708 changed=122708 rows=512 grad_mean=3.255e-02 error=-
[L-EM2] dynamic arm=applied groups=640 passes=1 accepted_steps=16 accepted_groups=121236 changed=121236 rows=512 grad_mean=3.250e-02 error=-
[L-EM2] dynamic arm=applied groups=640 passes=1 accepted_steps=16 accepted_groups=30592 changed=30592 rows=128 grad_mean=3.018e-02 error=-
[L-EM2] dynamic arm=applied groups=640 passes=1 accepted_steps=16 accepted_groups=30325 changed=30325 rows=128 grad_mean=2.899e-02 error=-
[L-EM2] dynamic arm=applied groups=640 passes=1 accepted_steps=16 accepted_groups=49419 changed=49419 rows=128 grad_mean=2.620e-02 error=-
[L-EM2] dynamic arm=applied groups=640 passes=1 accepted_steps=16 accepted_groups=49530 changed=49530 rows=128 grad_mean=2.580e-02 error=-
[L-EM2] dynamic arm=applied groups=640 passes=1 accepted_steps=16 accepted_groups=201786 changed=201786 rows=512 grad_mean=2.149e-02 error=-
[L-EM2] dynamic arm=applied groups=640 passes=1 accepted_steps=16 accepted_groups=197936 changed=197936 rows=512 grad_mean=2.169e-02 error=-
[L-EM2] dynamic arm=applied groups=640 passes=1 accepted_steps=16 accepted_groups=39316 changed=39316 rows=128 grad_mean=3.582e-02 error=-
[L-EM2] dynamic arm=applied groups=640 passes=1 accepted_steps=16 accepted_groups=39566 changed=39566 rows=128 grad_mean=3.539e-02 error=-
[L-EM2] dynamic arm=applied groups=1024 passes=1 accepted_steps=16 accepted_groups=377159 changed=377159 rows=512 grad_mean=1.616e-03 error=-
[L-EM2] dynamic arm=applied groups=1024 passes=1 accepted_steps=16 accepted_groups=375038 changed=375038 rows=512 grad_mean=1.420e-03 error=-
[L-EM2] dynamic arm=applied groups=640 passes=1 accepted_steps=16 accepted_groups=30115 changed=30115 rows=128 grad_mean=3.797e-02 error=-
[L-EM2] dynamic arm=applied groups=640 passes=1 accepted_steps=16 accepted_groups=30505 changed=30505 rows=128 grad_mean=3.746e-02 error=-
[L-EM2] dynamic arm=applied groups=640 passes=1 accepted_steps=16 accepted_groups=113561 changed=113561 rows=512 grad_mean=2.775e-02 error=-
[L-EM2] dynamic arm=applied groups=640 passes=1 accepted_steps=16 accepted_groups=112701 changed=112701 rows=512 grad_mean=2.823e-02 error=-
[L-EM2] dynamic arm=applied groups=640 passes=1 accepted_steps=16 accepted_groups=196872 changed=196872 rows=512 grad_mean=3.752e-02 error=-
[L-EM2] dynamic arm=applied groups=640 passes=1 accepted_steps=16 accepted_groups=194351 changed=194351 rows=512 grad_mean=3.707e-02 error=-
[L-EM2] dynamic arm=applied groups=640 passes=1 accepted_steps=16 accepted_groups=49044 changed=49044 rows=128 grad_mean=3.596e-02 error=-
[L-EM2] dynamic arm=applied groups=640 passes=1 accepted_steps=16 accepted_groups=49139 changed=49139 rows=128 grad_mean=3.560e-02 error=-
[L-EM2] dynamic arm=applied groups=640 passes=1 accepted_steps=16 accepted_groups=181336 changed=181336 rows=512 grad_mean=5.967e-02 error=-
[L-EM2] dynamic arm=applied groups=640 passes=1 accepted_steps=16 accepted_groups=175751 changed=175751 rows=512 grad_mean=5.867e-02 error=-
[L-EM2] dynamic arm=applied groups=1024 passes=1 accepted_steps=16 accepted_groups=99049 changed=99049 rows=128 grad_mean=2.335e-03 error=-
[L-EM2] dynamic arm=applied groups=1024 passes=1 accepted_steps=16 accepted_groups=99653 changed=99653 rows=128 grad_mean=2.297e-03 error=-
[L-EM2] dynamic arm=applied groups=640 passes=1 accepted_steps=16 accepted_groups=129987 changed=129987 rows=512 grad_mean=5.826e-02 error=-
[L-EM2] dynamic arm=applied groups=640 passes=1 accepted_steps=16 accepted_groups=124514 changed=124514 rows=512 grad_mean=5.781e-02 error=-
[L-EM2] dynamic arm=applied groups=640 passes=1 accepted_steps=16 accepted_groups=28427 changed=28427 rows=128 grad_mean=3.844e-02 error=-
[L-EM2] dynamic arm=applied groups=640 passes=1 accepted_steps=16 accepted_groups=28056 changed=28056 rows=128 grad_mean=3.772e-02 error=-
[L-EM2] dynamic arm=applied groups=640 passes=1 accepted_steps=16 accepted_groups=31943 changed=31943 rows=128 grad_mean=7.276e-02 error=-
[L-EM2] dynamic arm=applied groups=640 passes=1 accepted_steps=16 accepted_groups=32850 changed=32850 rows=128 grad_mean=7.364e-02 error=-
[L-EM2] dynamic arm=applied groups=640 passes=1 accepted_steps=16 accepted_groups=207121 changed=207121 rows=512 grad_mean=3.870e-02 error=-
[L-EM2] dynamic arm=applied groups=640 passes=1 accepted_steps=16 accepted_groups=199939 changed=199939 rows=512 grad_mean=3.778e-02 error=-
[L-EM2] dynamic arm=applied groups=640 passes=1 accepted_steps=16 accepted_groups=38990 changed=38990 rows=128 grad_mean=5.787e-02 error=-
[L-EM2] dynamic arm=applied groups=640 passes=1 accepted_steps=16 accepted_groups=39328 changed=39328 rows=128 grad_mean=5.860e-02 error=-
[L-EM2] dynamic arm=applied groups=1024 passes=1 accepted_steps=16 accepted_groups=384113 changed=384113 rows=512 grad_mean=7.706e-03 error=-
[L-EM2] dynamic arm=applied groups=1024 passes=1 accepted_steps=16 accepted_groups=387095 changed=387095 rows=512 grad_mean=8.663e-03 error=-
[L-EM2] dynamic arm=applied groups=640 passes=1 accepted_steps=16 accepted_groups=15097 changed=15097 rows=128 grad_mean=1.513e-01 error=-
[L-EM2] dynamic arm=applied groups=640 passes=1 accepted_steps=16 accepted_groups=13271 changed=13271 rows=128 grad_mean=1.637e-01 error=-
[L-EM2] dynamic arm=applied groups=640 passes=1 accepted_steps=16 accepted_groups=110260 changed=110260 rows=512 grad_mean=6.097e-02 error=-
[L-EM2] dynamic arm=applied groups=640 passes=1 accepted_steps=16 accepted_groups=108003 changed=108003 rows=512 grad_mean=6.164e-02 error=-
{'protocol': 'eval-v3', 'records': 5, 'reasonableness_issues': 0}
