[L-R2] rank2 reachable=1 vtu_cross_max=2.095e-09
[COMBINED-LINEAR-SAMPLE-ENERGY] reachable=1 blocks=40
[L-EM1] compile arm=compiled in=2560 ridge=6.659646e-02 h_norm=9.7824e+01 ridge_residual_rel=1.878e-06
[L-R2] rank2 reachable=1 vtu_cross_max=7.916e-09
[COMBINED-LINEAR-SAMPLE-ENERGY] reachable=1 blocks=40
[L-EM1] compile arm=compiled in=2560 ridge=1.743934e-02 h_norm=3.5061e+01 ridge_residual_rel=8.720e-06
[L-R2] rank2 reachable=1 vtu_cross_max=3.492e-09
[COMBINED-LINEAR-SAMPLE-ENERGY] reachable=1 blocks=40
[L-EM1] compile arm=compiled in=2560 ridge=1.821795e-02 h_norm=2.7701e+01 ridge_residual_rel=6.811e-06
[L-R2] rank2 reachable=1 vtu_cross_max=4.191e-09
[COMBINED-LINEAR-SAMPLE-ENERGY] reachable=1 blocks=64
[L-EM1] compile arm=compiled in=4096 ridge=5.011848e-02 h_norm=1.2444e+02 ridge_residual_rel=1.792e-05
[L-R2] rank2 reachable=1 vtu_cross_max=3.260e-09
[COMBINED-LINEAR-SAMPLE-ENERGY] reachable=1 blocks=40
[L-EM1] compile arm=compiled in=2560 ridge=8.126290e-02 h_norm=8.6916e+01 ridge_residual_rel=7.501e-07
[L-R2] rank2 reachable=1 vtu_cross_max=1.397e-09
[COMBINED-LINEAR-SAMPLE-ENERGY] reachable=1 blocks=40
[L-EM1] compile arm=compiled in=2560 ridge=6.629413e-02 h_norm=5.5557e+01 ridge_residual_rel=5.812e-07
[L-R2] rank2 reachable=1 vtu_cross_max=4.657e-09
[COMBINED-LINEAR-SAMPLE-ENERGY] reachable=1 blocks=144
[L-EM1] compile arm=out-of-scope in=9216 ridge=0.000000e+00 h_norm=0.0000e+00 ridge_residual_rel=0.000e+00
[L-R2] rank2 reachable=1 vtu_cross_max=1.187e-08
[COMBINED-LINEAR-SAMPLE-ENERGY] reachable=1 blocks=40
[L-EM1] compile arm=compiled in=2560 ridge=3.744045e-02 h_norm=5.1989e+01 ridge_residual_rel=3.634e-06
[L-R2] rank2 reachable=1 vtu_cross_max=9.313e-09
[COMBINED-LINEAR-SAMPLE-ENERGY] reachable=1 blocks=40
[L-EM1] compile arm=compiled in=2560 ridge=4.199717e-02 h_norm=5.9894e+01 ridge_residual_rel=4.261e-06
[L-R2] rank2 reachable=1 vtu_cross_max=5.588e-09
[COMBINED-LINEAR-SAMPLE-ENERGY] reachable=1 blocks=40
[L-EM1] compile arm=compiled in=2560 ridge=7.371400e-02 h_norm=8.2160e+01 ridge_residual_rel=1.466e-06
[L-R2] rank2 reachable=1 vtu_cross_max=3.260e-09
[COMBINED-LINEAR-SAMPLE-ENERGY] reachable=1 blocks=64
[L-EM1] compile arm=compiled in=4096 ridge=5.300098e-02 h_norm=1.0969e+02 ridge_residual_rel=1.037e-05
[L-R2] rank2 reachable=1 vtu_cross_max=6.519e-09
[COMBINED-LINEAR-SAMPLE-ENERGY] reachable=1 blocks=40
[L-EM1] compile arm=compiled in=2560 ridge=8.228538e-02 h_norm=9.4308e+01 ridge_residual_rel=1.091e-06
[L-R2] rank2 reachable=1 vtu_cross_max=2.561e-09
[COMBINED-LINEAR-SAMPLE-ENERGY] reachable=1 blocks=40
[L-EM1] compile arm=compiled in=2560 ridge=6.638062e-02 h_norm=5.5372e+01 ridge_residual_rel=5.642e-07
[L-R2] rank2 reachable=1 vtu_cross_max=7.451e-09
[COMBINED-LINEAR-SAMPLE-ENERGY] reachable=1 blocks=144
[L-EM1] compile arm=out-of-scope in=9216 ridge=0.000000e+00 h_norm=0.0000e+00 ridge_residual_rel=0.000e+00
[L-R2] rank2 reachable=1 vtu_cross_max=6.752e-09
[COMBINED-LINEAR-SAMPLE-ENERGY] reachable=1 blocks=40
[L-EM1] compile arm=compiled in=2560 ridge=4.400246e-02 h_norm=8.0176e+01 ridge_residual_rel=5.654e-06
[L-R2] rank2 reachable=1 vtu_cross_max=5.239e-09
[COMBINED-LINEAR-SAMPLE-ENERGY] reachable=1 blocks=40
[L-EM1] compile arm=compiled in=2560 ridge=4.490671e-02 h_norm=8.6941e+01 ridge_residual_rel=5.205e-06
[L-R2] rank2 reachable=1 vtu_cross_max=3.725e-09
[COMBINED-LINEAR-SAMPLE-ENERGY] reachable=1 blocks=40
[L-EM1] compile arm=compiled in=2560 ridge=7.434313e-02 h_norm=2.8744e+01 ridge_residual_rel=1.658e-06
[L-R2] rank2 reachable=1 vtu_cross_max=3.725e-09
[COMBINED-LINEAR-SAMPLE-ENERGY] reachable=1 blocks=64
[L-EM1] compile arm=compiled in=4096 ridge=5.298056e-02 h_norm=1.0171e+02 ridge_residual_rel=1.079e-05
[L-R2] rank2 reachable=1 vtu_cross_max=6.519e-09
[COMBINED-LINEAR-SAMPLE-ENERGY] reachable=1 blocks=40
[L-EM1] compile arm=compiled in=2560 ridge=8.521643e-02 h_norm=1.1127e+02 ridge_residual_rel=1.532e-06
[L-R2] rank2 reachable=1 vtu_cross_max=3.958e-09
[COMBINED-LINEAR-SAMPLE-ENERGY] reachable=1 blocks=40
[L-EM1] compile arm=compiled in=2560 ridge=7.243830e-02 h_norm=6.6697e+01 ridge_residual_rel=6.974e-07
[L-R2] rank2 reachable=1 vtu_cross_max=5.355e-09
[COMBINED-LINEAR-SAMPLE-ENERGY] reachable=1 blocks=144
[L-EM1] compile arm=out-of-scope in=9216 ridge=0.000000e+00 h_norm=0.0000e+00 ridge_residual_rel=0.000e+00
[L-R2] rank2 reachable=1 vtu_cross_max=1.059e-08
[COMBINED-LINEAR-SAMPLE-ENERGY] reachable=1 blocks=40
[L-EM1] compile arm=compiled in=2560 ridge=6.129371e-02 h_norm=1.0544e+02 ridge_residual_rel=6.696e-06
[L-R2] rank2 reachable=1 vtu_cross_max=3.260e-09
[COMBINED-LINEAR-SAMPLE-ENERGY] reachable=1 blocks=40
[L-EM1] compile arm=compiled in=2560 ridge=6.329725e-02 h_norm=1.3518e+02 ridge_residual_rel=8.414e-06
[L-R2] rank2 reachable=1 vtu_cross_max=4.657e-09
[COMBINED-LINEAR-SAMPLE-ENERGY] reachable=1 blocks=40
[L-EM1] compile arm=compiled in=2560 ridge=8.334149e-02 h_norm=9.1018e+01 ridge_residual_rel=1.695e-06
[L-R2] rank2 reachable=1 vtu_cross_max=5.588e-09
[COMBINED-LINEAR-SAMPLE-ENERGY] reachable=1 blocks=64
[L-EM1] compile arm=compiled in=4096 ridge=4.309694e-02 h_norm=7.1346e+01 ridge_residual_rel=8.353e-06
[L-R2] rank2 reachable=1 vtu_cross_max=4.657e-09
[COMBINED-LINEAR-SAMPLE-ENERGY] reachable=1 blocks=40
[L-EM1] compile arm=compiled in=2560 ridge=1.329678e-01 h_norm=2.3185e+02 ridge_residual_rel=2.014e-06
[L-R2] rank2 reachable=1 vtu_cross_max=4.424e-09
[COMBINED-LINEAR-SAMPLE-ENERGY] reachable=1 blocks=40
[L-EM1] compile arm=compiled in=2560 ridge=7.364868e-02 h_norm=6.3493e+01 ridge_residual_rel=6.558e-07
[L-R2] rank2 reachable=1 vtu_cross_max=6.403e-09
[COMBINED-LINEAR-SAMPLE-ENERGY] reachable=1 blocks=144
[L-EM1] compile arm=out-of-scope in=9216 ridge=0.000000e+00 h_norm=0.0000e+00 ridge_residual_rel=0.000e+00
[L-EM1] dynamic arm=applied groups=640 accepted_groups=640 changed=38295 rows=128 grad_mean=3.466e-02 error=-
[L-EM1] dynamic arm=applied groups=640 accepted_groups=640 changed=38533 rows=128 grad_mean=3.333e-02 error=-
[L-EM1] dynamic arm=applied groups=640 accepted_groups=640 changed=212444 rows=512 grad_mean=9.246e-03 error=-
[L-EM1] dynamic arm=applied groups=640 accepted_groups=640 changed=212503 rows=512 grad_mean=8.803e-03 error=-
[L-EM1] dynamic arm=applied groups=640 accepted_groups=640 changed=50959 rows=128 grad_mean=1.061e-02 error=-
[L-EM1] dynamic arm=applied groups=640 accepted_groups=640 changed=51171 rows=128 grad_mean=1.024e-02 error=-
[L-EM1] dynamic arm=applied groups=1024 accepted_groups=1024 changed=388862 rows=512 grad_mean=7.652e-04 error=-
[L-EM1] dynamic arm=applied groups=1024 accepted_groups=1024 changed=388887 rows=512 grad_mean=8.421e-04 error=-
[L-EM1] dynamic arm=applied groups=640 accepted_groups=640 changed=27992 rows=128 grad_mean=2.546e-02 error=-
[L-EM1] dynamic arm=applied groups=640 accepted_groups=640 changed=27617 rows=128 grad_mean=2.424e-02 error=-
[L-EM1] dynamic arm=applied groups=640 accepted_groups=640 changed=115386 rows=512 grad_mean=2.004e-02 error=-
[L-EM1] dynamic arm=applied groups=640 accepted_groups=640 changed=115015 rows=512 grad_mean=1.932e-02 error=-
[L-EM1] dynamic arm=applied groups=640 accepted_groups=640 changed=185340 rows=512 grad_mean=1.671e-02 error=-
[L-EM1] dynamic arm=applied groups=640 accepted_groups=640 changed=183689 rows=512 grad_mean=1.594e-02 error=-
[L-EM1] dynamic arm=applied groups=640 accepted_groups=640 changed=47110 rows=128 grad_mean=2.023e-02 error=-
[L-EM1] dynamic arm=applied groups=640 accepted_groups=640 changed=46838 rows=128 grad_mean=1.978e-02 error=-
[L-EM1] dynamic arm=applied groups=640 accepted_groups=640 changed=149893 rows=512 grad_mean=3.139e-02 error=-
[L-EM1] dynamic arm=applied groups=640 accepted_groups=640 changed=148511 rows=512 grad_mean=3.004e-02 error=-
[L-EM1] dynamic arm=applied groups=1024 accepted_groups=1024 changed=103155 rows=128 grad_mean=1.063e-03 error=-
[L-EM1] dynamic arm=applied groups=1024 accepted_groups=1024 changed=103383 rows=128 grad_mean=1.028e-03 error=-
[L-EM1] dynamic arm=applied groups=640 accepted_groups=640 changed=111348 rows=512 grad_mean=2.733e-02 error=-
[L-EM1] dynamic arm=applied groups=640 accepted_groups=640 changed=109843 rows=512 grad_mean=2.644e-02 error=-
[L-EM1] dynamic arm=applied groups=640 accepted_groups=640 changed=28376 rows=128 grad_mean=2.498e-02 error=-
[L-EM1] dynamic arm=applied groups=640 accepted_groups=639 changed=28027 rows=128 grad_mean=2.443e-02 error=-
[L-EM1] dynamic arm=applied groups=640 accepted_groups=640 changed=45739 rows=128 grad_mean=2.027e-02 error=-
[L-EM1] dynamic arm=applied groups=640 accepted_groups=639 changed=45549 rows=128 grad_mean=1.986e-02 error=-
[L-EM1] dynamic arm=applied groups=640 accepted_groups=640 changed=192622 rows=512 grad_mean=1.928e-02 error=-
[L-EM1] dynamic arm=applied groups=640 accepted_groups=640 changed=188148 rows=512 grad_mean=1.899e-02 error=-
[L-EM1] dynamic arm=applied groups=640 accepted_groups=640 changed=39889 rows=128 grad_mean=3.373e-02 error=-
[L-EM1] dynamic arm=applied groups=640 accepted_groups=640 changed=39884 rows=128 grad_mean=3.304e-02 error=-
[L-EM1] dynamic arm=applied groups=1024 accepted_groups=1024 changed=368076 rows=512 grad_mean=2.062e-03 error=-
[L-EM1] dynamic arm=applied groups=1024 accepted_groups=1024 changed=359376 rows=512 grad_mean=1.741e-03 error=-
[L-EM1] dynamic arm=applied groups=640 accepted_groups=640 changed=30612 rows=128 grad_mean=3.337e-02 error=-
[L-EM1] dynamic arm=applied groups=640 accepted_groups=640 changed=30918 rows=128 grad_mean=3.259e-02 error=-
[L-EM1] dynamic arm=applied groups=640 accepted_groups=640 changed=118178 rows=512 grad_mean=2.848e-02 error=-
[L-EM1] dynamic arm=applied groups=640 accepted_groups=640 changed=115911 rows=512 grad_mean=2.851e-02 error=-
[L-EM1] dynamic arm=applied groups=640 accepted_groups=640 changed=184878 rows=512 grad_mean=3.542e-02 error=-
[L-EM1] dynamic arm=applied groups=640 accepted_groups=640 changed=182993 rows=512 grad_mean=3.527e-02 error=-
[L-EM1] dynamic arm=applied groups=640 accepted_groups=640 changed=48154 rows=128 grad_mean=3.736e-02 error=-
[L-EM1] dynamic arm=applied groups=640 accepted_groups=640 changed=47871 rows=128 grad_mean=3.656e-02 error=-
[L-EM1] dynamic arm=applied groups=640 accepted_groups=640 changed=167840 rows=512 grad_mean=5.042e-02 error=-
[L-EM1] dynamic arm=applied groups=640 accepted_groups=640 changed=164160 rows=512 grad_mean=4.987e-02 error=-
[L-EM1] dynamic arm=applied groups=1024 accepted_groups=1024 changed=97555 rows=128 grad_mean=2.317e-03 error=-
[L-EM1] dynamic arm=applied groups=1024 accepted_groups=1024 changed=98163 rows=128 grad_mean=2.205e-03 error=-
[L-EM1] dynamic arm=applied groups=640 accepted_groups=640 changed=126308 rows=512 grad_mean=6.351e-02 error=-
[L-EM1] dynamic arm=applied groups=640 accepted_groups=640 changed=123442 rows=512 grad_mean=6.291e-02 error=-
[L-EM1] dynamic arm=applied groups=640 accepted_groups=640 changed=29809 rows=128 grad_mean=3.877e-02 error=-
[L-EM1] dynamic arm=applied groups=640 accepted_groups=640 changed=29797 rows=128 grad_mean=3.809e-02 error=-
{'protocol': 'eval-v3', 'records': 1, 'reasonableness_issues': 0}
