[L-R2] rank2 reachable=1 vtu_cross_max=2.095e-09
[COMBINED-LINEAR-SAMPLE-ENERGY] reachable=1 blocks=40
[L-EM2] compile arm=compiled in=2560 gram_diag_mean=6.659655e-01 h_norm=9.7824e+01
[L-R2] rank2 reachable=1 vtu_cross_max=7.916e-09
[COMBINED-LINEAR-SAMPLE-ENERGY] reachable=1 blocks=40
[L-EM2] compile arm=compiled in=2560 gram_diag_mean=1.743948e-01 h_norm=3.5061e+01
[L-R2] rank2 reachable=1 vtu_cross_max=3.492e-09
[COMBINED-LINEAR-SAMPLE-ENERGY] reachable=1 blocks=40
[L-EM2] compile arm=compiled in=2560 gram_diag_mean=1.821801e-01 h_norm=2.7701e+01
[L-R2] rank2 reachable=1 vtu_cross_max=4.191e-09
[COMBINED-LINEAR-SAMPLE-ENERGY] reachable=1 blocks=64
[L-EM2] compile arm=compiled in=4096 gram_diag_mean=5.011898e-01 h_norm=1.2444e+02
[L-R2] rank2 reachable=1 vtu_cross_max=3.260e-09
[COMBINED-LINEAR-SAMPLE-ENERGY] reachable=1 blocks=40
[L-EM2] compile arm=compiled in=2560 gram_diag_mean=8.126289e-01 h_norm=8.6916e+01
[L-R2] rank2 reachable=1 vtu_cross_max=1.397e-09
[COMBINED-LINEAR-SAMPLE-ENERGY] reachable=1 blocks=40
[L-EM2] compile arm=compiled in=2560 gram_diag_mean=6.629414e-01 h_norm=5.5557e+01
[L-R2] rank2 reachable=1 vtu_cross_max=4.657e-09
[COMBINED-LINEAR-SAMPLE-ENERGY] reachable=1 blocks=144
[L-EM2] compile arm=out-of-scope in=9216 gram_diag_mean=0.000000e+00 h_norm=0.0000e+00
[L-R2] rank2 reachable=1 vtu_cross_max=1.187e-08
[COMBINED-LINEAR-SAMPLE-ENERGY] reachable=1 blocks=40
[L-EM2] compile arm=compiled in=2560 gram_diag_mean=3.744048e-01 h_norm=5.1989e+01
[L-R2] rank2 reachable=1 vtu_cross_max=9.313e-09
[COMBINED-LINEAR-SAMPLE-ENERGY] reachable=1 blocks=40
[L-EM2] compile arm=compiled in=2560 gram_diag_mean=4.199726e-01 h_norm=5.9894e+01
[L-R2] rank2 reachable=1 vtu_cross_max=5.588e-09
[COMBINED-LINEAR-SAMPLE-ENERGY] reachable=1 blocks=40
[L-EM2] compile arm=compiled in=2560 gram_diag_mean=7.371396e-01 h_norm=8.2160e+01
[L-R2] rank2 reachable=1 vtu_cross_max=3.260e-09
[COMBINED-LINEAR-SAMPLE-ENERGY] reachable=1 blocks=64
[L-EM2] compile arm=compiled in=4096 gram_diag_mean=5.300144e-01 h_norm=1.0969e+02
[L-R2] rank2 reachable=1 vtu_cross_max=6.519e-09
[COMBINED-LINEAR-SAMPLE-ENERGY] reachable=1 blocks=40
[L-EM2] compile arm=compiled in=2560 gram_diag_mean=8.228539e-01 h_norm=9.4308e+01
[L-R2] rank2 reachable=1 vtu_cross_max=2.561e-09
[COMBINED-LINEAR-SAMPLE-ENERGY] reachable=1 blocks=40
[L-EM2] compile arm=compiled in=2560 gram_diag_mean=6.638063e-01 h_norm=5.5372e+01
[L-R2] rank2 reachable=1 vtu_cross_max=7.451e-09
[COMBINED-LINEAR-SAMPLE-ENERGY] reachable=1 blocks=144
[L-EM2] compile arm=out-of-scope in=9216 gram_diag_mean=0.000000e+00 h_norm=0.0000e+00
[L-R2] rank2 reachable=1 vtu_cross_max=6.752e-09
[COMBINED-LINEAR-SAMPLE-ENERGY] reachable=1 blocks=40
[L-EM2] compile arm=compiled in=2560 gram_diag_mean=4.400263e-01 h_norm=8.0176e+01
[L-R2] rank2 reachable=1 vtu_cross_max=5.239e-09
[COMBINED-LINEAR-SAMPLE-ENERGY] reachable=1 blocks=40
[L-EM2] compile arm=compiled in=2560 gram_diag_mean=4.490688e-01 h_norm=8.6941e+01
[L-R2] rank2 reachable=1 vtu_cross_max=3.725e-09
[COMBINED-LINEAR-SAMPLE-ENERGY] reachable=1 blocks=40
[L-EM2] compile arm=compiled in=2560 gram_diag_mean=7.434322e-01 h_norm=2.8744e+01
[L-R2] rank2 reachable=1 vtu_cross_max=3.725e-09
[COMBINED-LINEAR-SAMPLE-ENERGY] reachable=1 blocks=64
[L-EM2] compile arm=compiled in=4096 gram_diag_mean=5.298113e-01 h_norm=1.0171e+02
[L-R2] rank2 reachable=1 vtu_cross_max=6.519e-09
[COMBINED-LINEAR-SAMPLE-ENERGY] reachable=1 blocks=40
[L-EM2] compile arm=compiled in=2560 gram_diag_mean=8.521647e-01 h_norm=1.1127e+02
[L-R2] rank2 reachable=1 vtu_cross_max=3.958e-09
[COMBINED-LINEAR-SAMPLE-ENERGY] reachable=1 blocks=40
[L-EM2] compile arm=compiled in=2560 gram_diag_mean=7.243831e-01 h_norm=6.6697e+01
[L-R2] rank2 reachable=1 vtu_cross_max=5.355e-09
[COMBINED-LINEAR-SAMPLE-ENERGY] reachable=1 blocks=144
[L-EM2] compile arm=out-of-scope in=9216 gram_diag_mean=0.000000e+00 h_norm=0.0000e+00
[L-R2] rank2 reachable=1 vtu_cross_max=1.059e-08
[COMBINED-LINEAR-SAMPLE-ENERGY] reachable=1 blocks=40
[L-EM2] compile arm=compiled in=2560 gram_diag_mean=6.129372e-01 h_norm=1.0544e+02
[L-R2] rank2 reachable=1 vtu_cross_max=3.260e-09
[COMBINED-LINEAR-SAMPLE-ENERGY] reachable=1 blocks=40
[L-EM2] compile arm=compiled in=2560 gram_diag_mean=6.329696e-01 h_norm=1.3518e+02
[L-R2] rank2 reachable=1 vtu_cross_max=4.657e-09
[COMBINED-LINEAR-SAMPLE-ENERGY] reachable=1 blocks=40
[L-EM2] compile arm=compiled in=2560 gram_diag_mean=8.334147e-01 h_norm=9.1018e+01
[L-R2] rank2 reachable=1 vtu_cross_max=5.588e-09
[COMBINED-LINEAR-SAMPLE-ENERGY] reachable=1 blocks=64
[L-EM2] compile arm=compiled in=4096 gram_diag_mean=4.309728e-01 h_norm=7.1346e+01
[L-R2] rank2 reachable=1 vtu_cross_max=4.657e-09
[COMBINED-LINEAR-SAMPLE-ENERGY] reachable=1 blocks=40
[L-EM2] compile arm=compiled in=2560 gram_diag_mean=1.329676e+00 h_norm=2.3185e+02
[L-R2] rank2 reachable=1 vtu_cross_max=4.424e-09
[COMBINED-LINEAR-SAMPLE-ENERGY] reachable=1 blocks=40
[L-EM2] compile arm=compiled in=2560 gram_diag_mean=7.364867e-01 h_norm=6.3493e+01
[L-R2] rank2 reachable=1 vtu_cross_max=6.403e-09
[COMBINED-LINEAR-SAMPLE-ENERGY] reachable=1 blocks=144
[L-EM2] compile arm=out-of-scope in=9216 gram_diag_mean=0.000000e+00 h_norm=0.0000e+00
[L-EM2] dynamic arm=applied groups=640 passes=1 accepted_steps=16 accepted_groups=40173 changed=40173 rows=128 grad_mean=3.684e-02 error=-
[L-EM2] dynamic arm=applied groups=640 passes=1 accepted_steps=16 accepted_groups=40251 changed=40251 rows=128 grad_mean=3.534e-02 error=-
[L-EM2] dynamic arm=applied groups=640 passes=1 accepted_steps=16 accepted_groups=221752 changed=221752 rows=512 grad_mean=1.079e-02 error=-
[L-EM2] dynamic arm=applied groups=640 passes=1 accepted_steps=16 accepted_groups=221511 changed=221511 rows=512 grad_mean=1.028e-02 error=-
[L-EM2] dynamic arm=applied groups=640 passes=1 accepted_steps=16 accepted_groups=52752 changed=52752 rows=128 grad_mean=1.151e-02 error=-
[L-EM2] dynamic arm=applied groups=640 passes=1 accepted_steps=16 accepted_groups=52866 changed=52866 rows=128 grad_mean=1.115e-02 error=-
[L-EM2] dynamic arm=applied groups=1024 passes=1 accepted_steps=16 accepted_groups=326379 changed=326379 rows=512 grad_mean=1.206e-03 error=-
[L-EM2] dynamic arm=applied groups=1024 passes=1 accepted_steps=16 accepted_groups=331563 changed=331563 rows=512 grad_mean=1.338e-03 error=-
[L-EM2] dynamic arm=applied groups=640 passes=1 accepted_steps=16 accepted_groups=27771 changed=27771 rows=128 grad_mean=2.667e-02 error=-
[L-EM2] dynamic arm=applied groups=640 passes=1 accepted_steps=16 accepted_groups=27403 changed=27403 rows=128 grad_mean=2.537e-02 error=-
[L-EM2] dynamic arm=applied groups=640 passes=1 accepted_steps=16 accepted_groups=116486 changed=116486 rows=512 grad_mean=2.011e-02 error=-
[L-EM2] dynamic arm=applied groups=640 passes=1 accepted_steps=16 accepted_groups=116085 changed=116085 rows=512 grad_mean=1.940e-02 error=-
[L-EM2] dynamic arm=applied groups=640 passes=1 accepted_steps=16 accepted_groups=192158 changed=192158 rows=512 grad_mean=1.800e-02 error=-
[L-EM2] dynamic arm=applied groups=640 passes=1 accepted_steps=16 accepted_groups=190530 changed=190530 rows=512 grad_mean=1.715e-02 error=-
[L-EM2] dynamic arm=applied groups=640 passes=1 accepted_steps=16 accepted_groups=48508 changed=48508 rows=128 grad_mean=2.158e-02 error=-
[L-EM2] dynamic arm=applied groups=640 passes=1 accepted_steps=16 accepted_groups=48291 changed=48291 rows=128 grad_mean=2.106e-02 error=-
[L-EM2] dynamic arm=applied groups=640 passes=1 accepted_steps=16 accepted_groups=156434 changed=156434 rows=512 grad_mean=3.291e-02 error=-
[L-EM2] dynamic arm=applied groups=640 passes=1 accepted_steps=16 accepted_groups=155551 changed=155551 rows=512 grad_mean=3.154e-02 error=-
[L-EM2] dynamic arm=applied groups=1024 passes=1 accepted_steps=16 accepted_groups=103263 changed=103263 rows=128 grad_mean=1.217e-03 error=-
[L-EM2] dynamic arm=applied groups=1024 passes=1 accepted_steps=16 accepted_groups=103844 changed=103844 rows=128 grad_mean=1.175e-03 error=-
[L-EM2] dynamic arm=applied groups=640 passes=1 accepted_steps=16 accepted_groups=123572 changed=123572 rows=512 grad_mean=2.851e-02 error=-
[L-EM2] dynamic arm=applied groups=640 passes=1 accepted_steps=16 accepted_groups=121282 changed=121282 rows=512 grad_mean=2.757e-02 error=-
[L-EM2] dynamic arm=applied groups=640 passes=1 accepted_steps=16 accepted_groups=29581 changed=29581 rows=128 grad_mean=2.545e-02 error=-
[L-EM2] dynamic arm=applied groups=640 passes=1 accepted_steps=16 accepted_groups=29422 changed=29422 rows=128 grad_mean=2.492e-02 error=-
[L-EM2] dynamic arm=applied groups=640 passes=1 accepted_steps=16 accepted_groups=46366 changed=46366 rows=128 grad_mean=2.395e-02 error=-
[L-EM2] dynamic arm=applied groups=640 passes=1 accepted_steps=16 accepted_groups=46149 changed=46149 rows=128 grad_mean=2.346e-02 error=-
[L-EM2] dynamic arm=applied groups=640 passes=1 accepted_steps=16 accepted_groups=191496 changed=191496 rows=512 grad_mean=2.295e-02 error=-
[L-EM2] dynamic arm=applied groups=640 passes=1 accepted_steps=16 accepted_groups=187205 changed=187205 rows=512 grad_mean=2.270e-02 error=-
[L-EM2] dynamic arm=applied groups=640 passes=1 accepted_steps=16 accepted_groups=39768 changed=39768 rows=128 grad_mean=3.483e-02 error=-
[L-EM2] dynamic arm=applied groups=640 passes=1 accepted_steps=16 accepted_groups=40039 changed=40039 rows=128 grad_mean=3.435e-02 error=-
[L-EM2] dynamic arm=applied groups=1024 passes=1 accepted_steps=16 accepted_groups=379618 changed=379618 rows=512 grad_mean=2.451e-03 error=-
[L-EM2] dynamic arm=applied groups=1024 passes=1 accepted_steps=16 accepted_groups=376266 changed=376266 rows=512 grad_mean=2.056e-03 error=-
[L-EM2] dynamic arm=applied groups=640 passes=1 accepted_steps=16 accepted_groups=30995 changed=30995 rows=128 grad_mean=3.508e-02 error=-
[L-EM2] dynamic arm=applied groups=640 passes=1 accepted_steps=16 accepted_groups=30872 changed=30872 rows=128 grad_mean=3.425e-02 error=-
[L-EM2] dynamic arm=applied groups=640 passes=1 accepted_steps=16 accepted_groups=125110 changed=125110 rows=512 grad_mean=2.923e-02 error=-
[L-EM2] dynamic arm=applied groups=640 passes=1 accepted_steps=16 accepted_groups=122633 changed=122633 rows=512 grad_mean=2.929e-02 error=-
[L-EM2] dynamic arm=applied groups=640 passes=1 accepted_steps=16 accepted_groups=192302 changed=192302 rows=512 grad_mean=4.293e-02 error=-
[L-EM2] dynamic arm=applied groups=640 passes=1 accepted_steps=16 accepted_groups=186649 changed=186649 rows=512 grad_mean=4.299e-02 error=-
[L-EM2] dynamic arm=applied groups=640 passes=1 accepted_steps=16 accepted_groups=45109 changed=45109 rows=128 grad_mean=4.732e-02 error=-
[L-EM2] dynamic arm=applied groups=640 passes=1 accepted_steps=16 accepted_groups=44874 changed=44874 rows=128 grad_mean=4.649e-02 error=-
[L-EM2] dynamic arm=applied groups=640 passes=1 accepted_steps=16 accepted_groups=158355 changed=158355 rows=512 grad_mean=5.338e-02 error=-
[L-EM2] dynamic arm=applied groups=640 passes=1 accepted_steps=16 accepted_groups=154523 changed=154523 rows=512 grad_mean=5.278e-02 error=-
[L-EM2] dynamic arm=applied groups=1024 passes=1 accepted_steps=16 accepted_groups=99462 changed=99462 rows=128 grad_mean=2.600e-03 error=-
[L-EM2] dynamic arm=applied groups=1024 passes=1 accepted_steps=16 accepted_groups=99525 changed=99525 rows=128 grad_mean=2.477e-03 error=-
[L-EM2] dynamic arm=applied groups=640 passes=1 accepted_steps=16 accepted_groups=112910 changed=112910 rows=512 grad_mean=7.191e-02 error=-
[L-EM2] dynamic arm=applied groups=640 passes=1 accepted_steps=16 accepted_groups=111815 changed=111815 rows=512 grad_mean=7.072e-02 error=-
[L-EM2] dynamic arm=applied groups=640 passes=1 accepted_steps=16 accepted_groups=30165 changed=30165 rows=128 grad_mean=3.926e-02 error=-
[L-EM2] dynamic arm=applied groups=640 passes=1 accepted_steps=16 accepted_groups=30112 changed=30112 rows=128 grad_mean=3.850e-02 error=-
{"protocol": "eval-v3", "output": "evaluator/eval_system.py", "records": 1, "reasonableness_issues": 0}
