device=cuda
  [L 0/w3] banded-vs-Toeplitz max|gap| = 1.110e-15
  [L 0/w3] parent-code reconstruction max|gap| = 0.000e+00
  [L 0/w3 T=1024] parent=2.144172e-04  kernel -0.4654% (moved 929)  uniform +11.3717% (moved 1011)
  [L 0/w4] banded-vs-Toeplitz max|gap| = 1.277e-15
  [L 0/w4] parent-code reconstruction max|gap| = 0.000e+00
  [L 0/w4 T=1024] parent=2.323756e-04  kernel -0.4831% (moved 932)  uniform +11.6443% (moved 1017)
  [L 1/w3] banded-vs-Toeplitz max|gap| = 1.166e-15
  [L 1/w3] parent-code reconstruction max|gap| = 0.000e+00
  [L 1/w3 T=1024] parent=5.822244e-04  kernel -0.3330% (moved 918)  uniform +60.0618% (moved 1016)
  [L 1/w4] banded-vs-Toeplitz max|gap| = 6.661e-16
  [L 1/w4] parent-code reconstruction max|gap| = 0.000e+00
  [L 1/w4 T=1024] parent=5.506198e-04  kernel -0.8901% (moved 938)  uniform +55.9681% (moved 1013)
  [L 5/w3] banded-vs-Toeplitz max|gap| = 8.049e-16
  [L 5/w3] parent-code reconstruction max|gap| = 0.000e+00
  [L 5/w3 T=1024] parent=5.063794e-04  kernel +0.8360% (moved 921)  uniform +30.7036% (moved 1010)
  [L 5/w4] banded-vs-Toeplitz max|gap| = 1.665e-15
  [L 5/w4] parent-code reconstruction max|gap| = 0.000e+00
  [L 5/w4 T=1024] parent=4.664517e-04  kernel +0.3284% (moved 944)  uniform +72.9160% (moved 1016)
  [L 8/w3] banded-vs-Toeplitz max|gap| = 8.882e-16
  [L 8/w3] parent-code reconstruction max|gap| = 0.000e+00
  [L 8/w3 T=1024] parent=1.300538e-03  kernel -0.2256% (moved 958)  uniform +128.5082% (moved 1016)
  [L 8/w4] banded-vs-Toeplitz max|gap| = 7.772e-16
  [L 8/w4] parent-code reconstruction max|gap| = 0.000e+00
  [L 8/w4 T=1024] parent=1.313810e-03  kernel -0.0121% (moved 983)  uniform +95.0470% (moved 1013)
  [L15/w3] banded-vs-Toeplitz max|gap| = 1.055e-15
  [L15/w3] parent-code reconstruction max|gap| = 0.000e+00
  [L15/w3 T=1024] parent=8.995487e-04  kernel -0.6457% (moved 1015)  uniform +16.4435% (moved 1011)
  [L15/w4] banded-vs-Toeplitz max|gap| = 1.776e-15
  [L15/w4] parent-code reconstruction max|gap| = 0.000e+00
  [L15/w4 T=1024] parent=9.269751e-04  kernel -0.2334% (moved 1012)  uniform +36.7705% (moved 1017)
  [L22/w3] banded-vs-Toeplitz max|gap| = 9.992e-16
  [L22/w3] parent-code reconstruction max|gap| = 0.000e+00
  [L22/w3 T=1024] parent=1.341539e-02  kernel -0.3032% (moved 265)  uniform +4.4790% (moved 1007)
  [L22/w4] banded-vs-Toeplitz max|gap| = 1.443e-15
  [L22/w4] parent-code reconstruction max|gap| = 0.000e+00
  [L22/w4 T=1024] parent=1.337143e-02  kernel -0.2868% (moved 265)  uniform +4.3875% (moved 1009)

independent check: max banded-vs-Toeplitz gap over windows = 1.776e-15

relative change in TRUE attention output MSE vs the parent codes:
  KERNEL   mean=-0.2262%  range=[-0.8901%, +0.8360%]  n=12
  UNIFORM  mean=+44.0251%  range=[+4.3875%, +128.5082%]  n=12

NO THRESHOLD IS APPLIED (plan section 6.1).
wrote D:\工作内容\AI竞赛\workbench\full_solution\attention-v-kernel\vk3-rule.json
