device=cuda
  [L 0/w3] banded-vs-Toeplitz max|gap| = 1.110e-15
  [L 0/w3] parent-code reconstruction max|gap| = 0.000e+00
  [L 0/w3 T=1024] parent=2.144172e-04  kernel -1.8096% (moved 3144)  uniform +157.6302% (moved 1492)
  [L 0/w4] banded-vs-Toeplitz max|gap| = 1.332e-15
  [L 0/w4] parent-code reconstruction max|gap| = 0.000e+00
  [L 0/w4 T=1024] parent=2.323756e-04  kernel -0.7111% (moved 3300)  uniform +132.1750% (moved 1563)
  [L 1/w3] banded-vs-Toeplitz max|gap| = 7.216e-16
  [L 1/w3] parent-code reconstruction max|gap| = 0.000e+00
  [L 1/w3 T=1024] parent=5.822244e-04  kernel -1.1762% (moved 4414)  uniform +835.8086% (moved 1532)
  [L 1/w4] banded-vs-Toeplitz max|gap| = 9.714e-16
  [L 1/w4] parent-code reconstruction max|gap| = 0.000e+00
  [L 1/w4 T=1024] parent=5.506198e-04  kernel -1.7492% (moved 4429)  uniform +595.0487% (moved 1550)
  [L 5/w3] banded-vs-Toeplitz max|gap| = 1.110e-15
  [L 5/w3] parent-code reconstruction max|gap| = 0.000e+00
  [L 5/w3 T=1024] parent=5.063794e-04  kernel +0.2446% (moved 4288)  uniform +270.0178% (moved 1518)
  [L 5/w4] banded-vs-Toeplitz max|gap| = 1.499e-15
  [L 5/w4] parent-code reconstruction max|gap| = 0.000e+00
  [L 5/w4 T=1024] parent=4.664517e-04  kernel +0.6889% (moved 4406)  uniform +314.2602% (moved 1539)
  [L 8/w3] banded-vs-Toeplitz max|gap| = 1.166e-15
  [L 8/w3] parent-code reconstruction max|gap| = 0.000e+00
  [L 8/w3 T=1024] parent=1.300538e-03  kernel -0.6825% (moved 3966)  uniform +2569.9219% (moved 1586)
  [L 8/w4] banded-vs-Toeplitz max|gap| = 8.327e-16
  [L 8/w4] parent-code reconstruction max|gap| = 0.000e+00
  [L 8/w4 T=1024] parent=1.313810e-03  kernel -0.1979% (moved 4057)  uniform +1370.7205% (moved 1568)
  [L15/w3] banded-vs-Toeplitz max|gap| = 1.554e-15
  [L15/w3] parent-code reconstruction max|gap| = 0.000e+00
  [L15/w3 T=1024] parent=8.995487e-04  kernel -2.1296% (moved 5248)  uniform +161.6031% (moved 1697)
  [L15/w4] banded-vs-Toeplitz max|gap| = 1.443e-15
  [L15/w4] parent-code reconstruction max|gap| = 0.000e+00
  [L15/w4 T=1024] parent=9.269751e-04  kernel -0.9193% (moved 5197)  uniform +610.8107% (moved 1715)
  [L22/w3] banded-vs-Toeplitz max|gap| = 1.665e-15
  [L22/w3] parent-code reconstruction max|gap| = 0.000e+00
  [L22/w3 T=1024] parent=1.341539e-02  kernel -1.5958% (moved 1407)  uniform +56.9464% (moved 1290)
  [L22/w4] banded-vs-Toeplitz max|gap| = 1.332e-15
  [L22/w4] parent-code reconstruction max|gap| = 0.000e+00
  [L22/w4 T=1024] parent=1.337143e-02  kernel -1.7930% (moved 1444)  uniform +68.4965% (moved 1263)

independent check: max banded-vs-Toeplitz gap over windows = 1.665e-15

relative change in TRUE attention output MSE vs the parent codes:
  KERNEL   mean=-0.9859%  range=[-2.1296%, +0.6889%]  n=12
  UNIFORM  mean=+595.2866%  range=[+56.9464%, +2569.9219%]  n=12

NO THRESHOLD IS APPLIED (plan section 6.1).
wrote D:\工作内容\AI竞赛\workbench\full_solution\attention-v-kernel\vk3-rule.json
