

Intel oneMKL ERROR: Parameter 6 was incorrect on entry to SLASWP.Intel oneMKL ERROR: Parameter 6 was incorrect on entry to SLASWP.



Intel oneMKL ERROR: Parameter 6 was incorrect on entry to SLASWP.Intel oneMKL ERROR: Parameter 6 was incorrect on entry to SLASWP.



Intel oneMKL ERROR: Parameter 6 was incorrect on entry to SLASWP.Intel oneMKL ERROR: Parameter 6 was incorrect on entry to SLASWP.



Intel oneMKL ERROR: Parameter 6 was incorrect on entry to SLASWP.Intel oneMKL ERROR: Parameter 6 was incorrect on entry to SLASWP.



Intel oneMKL ERROR: Parameter 6 was incorrect on entry to SLASWP.Intel oneMKL ERROR: Parameter 6 was incorrect on entry to SLASWP.



Intel oneMKL ERROR: Parameter 6 was incorrect on entry to SLASWP.
Intel oneMKL ERROR: Parameter 6 was incorrect on entry to SLASWP.

Intel oneMKL ERROR: Parameter 6 was incorrect on entry to SLASWP.

Intel oneMKL ERROR: Parameter 6 was incorrect on entry to SLASWP.

Intel oneMKL ERROR: Parameter 6 was incorrect on entry to SLASWP.

Intel oneMKL ERROR: Parameter 6 was incorrect on entry to SLASWP.

Intel oneMKL ERROR: Parameter 6 was incorrect on entry to SLASWP.

Intel oneMKL ERROR: Parameter 6 was incorrect on entry to SLASWP.

Intel oneMKL ERROR: Parameter 6 was incorrect on entry to SLASWP.

Intel oneMKL ERROR: Parameter 6 was incorrect on entry to SLASWP.


Intel oneMKL ERROR: Parameter 6 was incorrect on entry to SLASWP.Intel oneMKL ERROR: Parameter 6 was incorrect on entry to SLASWP.



Intel oneMKL ERROR: Parameter 6 was incorrect on entry to SLASWP.Intel oneMKL ERROR: Parameter 6 was incorrect on entry to SLASWP.



Intel oneMKL ERROR: Parameter 6 was incorrect on entry to SLASWP.Intel oneMKL ERROR: Parameter 6 was incorrect on entry to SLASWP.



Intel oneMKL ERROR: Parameter 6 was incorrect on entry to SLASWP.Intel oneMKL ERROR: Parameter 6 was incorrect on entry to SLASWP.



Intel oneMKL ERROR: Parameter 6 was incorrect on entry to SLASWP.Intel oneMKL ERROR: Parameter 6 was incorrect on entry to SLASWP.



Intel oneMKL ERROR: Parameter 6 was incorrect on entry to SLASWP.Intel oneMKL ERROR: Parameter 6 was incorrect on entry to SLASWP.



Intel oneMKL ERROR: Parameter 6 was incorrect on entry to SLASWP.Intel oneMKL ERROR: Parameter 6 was incorrect on entry to SLASWP.



Intel oneMKL ERROR: Parameter 6 was incorrect on entry to SLASWP.Intel oneMKL ERROR: Parameter 6 was incorrect on entry to SLASWP.



Intel oneMKL ERROR: Parameter 6 was incorrect on entry to SLASWP.Intel oneMKL ERROR: Parameter 6 was incorrect on entry to SLASWP.



Intel oneMKL ERROR: Parameter 6 was incorrect on entry to SLASWP.Intel oneMKL ERROR: Parameter 6 was incorrect on entry to SLASWP.

[L 0/w0 n= 10] |g|=3.256e-04 |t|=2.859e-01 cos(g,t)=-0.341 relaxed 1.587e-03->1.555e-03 | hard 0.00158714 best@0.00=0.00158714 (+0.000%) changed=0 zero-change=[0.0, 0.25, 0.5, 0.75, 1.0, 1.5]


Intel oneMKL ERROR: Parameter 6 was incorrect on entry to SLASWP.
Intel oneMKL ERROR: Parameter 6 was incorrect on entry to SLASWP.

Intel oneMKL ERROR: Parameter 6 was incorrect on entry to SLASWP.


Intel oneMKL ERROR: Parameter 6 was incorrect on entry to SLASWP.Intel oneMKL ERROR: Parameter 6 was incorrect on entry to SLASWP.



Intel oneMKL ERROR: Parameter 6 was incorrect on entry to SLASWP.Intel oneMKL ERROR: Parameter 6 was incorrect on entry to SLASWP.


Intel oneMKL ERROR: Parameter 6 was incorrect on entry to SLASWP.

Intel oneMKL ERROR: Parameter 6 was incorrect on entry to SLASWP.

Intel oneMKL ERROR: Parameter 6 was incorrect on entry to SLASWP.

Intel oneMKL ERROR: Parameter 6 was incorrect on entry to SLASWP.

Intel oneMKL ERROR: Parameter 6 was incorrect on entry to SLASWP.


Intel oneMKL ERROR: Parameter 6 was incorrect on entry to SLASWP.Intel oneMKL ERROR: Parameter 6 was incorrect on entry to SLASWP.



Intel oneMKL ERROR: Parameter 6 was incorrect on entry to SLASWP.Intel oneMKL ERROR: Parameter 6 was incorrect on entry to SLASWP.


Intel oneMKL ERROR: Parameter 6 was incorrect on entry to SLASWP.

Intel oneMKL ERROR: Parameter 6 was incorrect on entry to SLASWP.

Intel oneMKL ERROR: Parameter 6 was incorrect on entry to SLASWP.

Intel oneMKL ERROR: Parameter 6 was incorrect on entry to SLASWP.

Intel oneMKL ERROR: Parameter 6 was incorrect on entry to SLASWP.

Intel oneMKL ERROR: Parameter 6 was incorrect on entry to SLASWP.

Intel oneMKL ERROR: Parameter 6 was incorrect on entry to SLASWP.

Intel oneMKL ERROR: Parameter 6 was incorrect on entry to SLASWP.

Intel oneMKL ERROR: Parameter 6 was incorrect on entry to SLASWP.

Intel oneMKL ERROR: Parameter 6 was incorrect on entry to SLASWP.

Intel oneMKL ERROR: Parameter 6 was incorrect on entry to SLASWP.

Intel oneMKL ERROR: Parameter 6 was incorrect on entry to SLASWP.

Intel oneMKL ERROR: Parameter 6 was incorrect on entry to SLASWP.

Intel oneMKL ERROR: Parameter 6 was incorrect on entry to SLASWP.

Intel oneMKL ERROR: Parameter 6 was incorrect on entry to SLASWP.

Intel oneMKL ERROR: Parameter 6 was incorrect on entry to SLASWP.

Intel oneMKL ERROR: Parameter 6 was incorrect on entry to SLASWP.

Intel oneMKL ERROR: Parameter 6 was incorrect on entry to SLASWP.

Intel oneMKL ERROR: Parameter 6 was incorrect on entry to SLASWP.

Intel oneMKL ERROR: Parameter 6 was incorrect on entry to SLASWP.

Intel oneMKL ERROR: Parameter 6 was incorrect on entry to SLASWP.

Intel oneMKL ERROR: Parameter 6 was incorrect on entry to SLASWP.

Intel oneMKL ERROR: Parameter 6 was incorrect on entry to SLASWP.

Intel oneMKL ERROR: Parameter 6 was incorrect on entry to SLASWP.
[L 1/w0 n= 10] |g|=2.382e-03 |t|=1.685e-01 cos(g,t)=-0.367 relaxed 5.247e-03->5.099e-03 | hard 0.00524685 best@0.00=0.00524685 (+0.000%) changed=0 zero-change=[0.0, 0.25, 0.5, 0.75, 1.0, 1.5, 2.0]


Intel oneMKL ERROR: Parameter 6 was incorrect on entry to SLASWP.
Intel oneMKL ERROR: Parameter 6 was incorrect on entry to SLASWP.

Intel oneMKL ERROR: Parameter 6 was incorrect on entry to SLASWP.


Intel oneMKL ERROR: Parameter 6 was incorrect on entry to SLASWP.Intel oneMKL ERROR: Parameter 6 was incorrect on entry to SLASWP.



Intel oneMKL ERROR: Parameter 6 was incorrect on entry to SLASWP.Intel oneMKL ERROR: Parameter 6 was incorrect on entry to SLASWP.



Intel oneMKL ERROR: Parameter 6 was incorrect on entry to SLASWP.Intel oneMKL ERROR: Parameter 6 was incorrect on entry to SLASWP.


Intel oneMKL ERROR: Parameter 6 was incorrect on entry to SLASWP.

Intel oneMKL ERROR: Parameter 6 was incorrect on entry to SLASWP.

Intel oneMKL ERROR: Parameter 6 was incorrect on entry to SLASWP.


Intel oneMKL ERROR: Parameter 6 was incorrect on entry to SLASWP.Intel oneMKL ERROR: Parameter 6 was incorrect on entry to SLASWP.



Intel oneMKL ERROR: Parameter 6 was incorrect on entry to SLASWP.Intel oneMKL ERROR: Parameter 6 was incorrect on entry to SLASWP.


Intel oneMKL ERROR: Parameter 6 was incorrect on entry to SLASWP.

Intel oneMKL ERROR: Parameter 6 was incorrect on entry to SLASWP.

Intel oneMKL ERROR: Parameter 6 was incorrect on entry to SLASWP.

Intel oneMKL ERROR: Parameter 6 was incorrect on entry to SLASWP.

Intel oneMKL ERROR: Parameter 6 was incorrect on entry to SLASWP.

Intel oneMKL ERROR: Parameter 6 was incorrect on entry to SLASWP.


Intel oneMKL ERROR: Parameter 6 was incorrect on entry to SLASWP.Intel oneMKL ERROR: Parameter 6 was incorrect on entry to SLASWP.


Intel oneMKL ERROR: Parameter 6 was incorrect on entry to SLASWP.

Intel oneMKL ERROR: Parameter 6 was incorrect on entry to SLASWP.

Intel oneMKL ERROR: Parameter 6 was incorrect on entry to SLASWP.

Intel oneMKL ERROR: Parameter 6 was incorrect on entry to SLASWP.

Intel oneMKL ERROR: Parameter 6 was incorrect on entry to SLASWP.

Intel oneMKL ERROR: Parameter 6 was incorrect on entry to SLASWP.

Intel oneMKL ERROR: Parameter 6 was incorrect on entry to SLASWP.

Intel oneMKL ERROR: Parameter 6 was incorrect on entry to SLASWP.

Intel oneMKL ERROR: Parameter 6 was incorrect on entry to SLASWP.

Intel oneMKL ERROR: Parameter 6 was incorrect on entry to SLASWP.

Intel oneMKL ERROR: Parameter 6 was incorrect on entry to SLASWP.

Intel oneMKL ERROR: Parameter 6 was incorrect on entry to SLASWP.

Intel oneMKL ERROR: Parameter 6 was incorrect on entry to SLASWP.

Intel oneMKL ERROR: Parameter 6 was incorrect on entry to SLASWP.

Intel oneMKL ERROR: Parameter 6 was incorrect on entry to SLASWP.

Intel oneMKL ERROR: Parameter 6 was incorrect on entry to SLASWP.
[L 5/w0 n= 10] |g|=1.000e-03 |t|=1.706e-01 cos(g,t)=-0.506 relaxed 5.188e-03->5.100e-03 | hard 0.00518794 best@0.00=0.00518794 (+0.000%) changed=0 zero-change=[0.0, 0.25, 0.5, 0.75, 1.0, 1.5, 2.0]


Intel oneMKL ERROR: Parameter 6 was incorrect on entry to SLASWP.
Intel oneMKL ERROR: Parameter 6 was incorrect on entry to SLASWP.


Intel oneMKL ERROR: Parameter 6 was incorrect on entry to SLASWP.Intel oneMKL ERROR: Parameter 6 was incorrect on entry to SLASWP.



Intel oneMKL ERROR: Parameter 6 was incorrect on entry to SLASWP.Intel oneMKL ERROR: Parameter 6 was incorrect on entry to SLASWP.



Intel oneMKL ERROR: Parameter 6 was incorrect on entry to SLASWP.Intel oneMKL ERROR: Parameter 6 was incorrect on entry to SLASWP.



Intel oneMKL ERROR: Parameter 6 was incorrect on entry to SLASWP.Intel oneMKL ERROR: Parameter 6 was incorrect on entry to SLASWP.



Intel oneMKL ERROR: Parameter 6 was incorrect on entry to SLASWP.Intel oneMKL ERROR: Parameter 6 was incorrect on entry to SLASWP.



Intel oneMKL ERROR: Parameter 6 was incorrect on entry to SLASWP.Intel oneMKL ERROR: Parameter 6 was incorrect on entry to SLASWP.



Intel oneMKL ERROR: Parameter 6 was incorrect on entry to SLASWP.Intel oneMKL ERROR: Parameter 6 was incorrect on entry to SLASWP.



Intel oneMKL ERROR: Parameter 6 was incorrect on entry to SLASWP.Intel oneMKL ERROR: Parameter 6 was incorrect on entry to SLASWP.



Intel oneMKL ERROR: Parameter 6 was incorrect on entry to SLASWP.Intel oneMKL ERROR: Parameter 6 was incorrect on entry to SLASWP.



Intel oneMKL ERROR: Parameter 6 was incorrect on entry to SLASWP.Intel oneMKL ERROR: Parameter 6 was incorrect on entry to SLASWP.



Intel oneMKL ERROR: Parameter 6 was incorrect on entry to SLASWP.Intel oneMKL ERROR: Parameter 6 was incorrect on entry to SLASWP.



Intel oneMKL ERROR: Parameter 6 was incorrect on entry to SLASWP.Intel oneMKL ERROR: Parameter 6 was incorrect on entry to SLASWP.



Intel oneMKL ERROR: Parameter 6 was incorrect on entry to SLASWP.Intel oneMKL ERROR: Parameter 6 was incorrect on entry to SLASWP.



Intel oneMKL ERROR: Parameter 6 was incorrect on entry to SLASWP.Intel oneMKL ERROR: Parameter 6 was incorrect on entry to SLASWP.



Intel oneMKL ERROR: Parameter 6 was incorrect on entry to SLASWP.Intel oneMKL ERROR: Parameter 6 was incorrect on entry to SLASWP.



Intel oneMKL ERROR: Parameter 6 was incorrect on entry to SLASWP.Intel oneMKL ERROR: Parameter 6 was incorrect on entry to SLASWP.



Intel oneMKL ERROR: Parameter 6 was incorrect on entry to SLASWP.Intel oneMKL ERROR: Parameter 6 was incorrect on entry to SLASWP.



Intel oneMKL ERROR: Parameter 6 was incorrect on entry to SLASWP.Intel oneMKL ERROR: Parameter 6 was incorrect on entry to SLASWP.



Intel oneMKL ERROR: Parameter 6 was incorrect on entry to SLASWP.Intel oneMKL ERROR: Parameter 6 was incorrect on entry to SLASWP.

[L 8/w0 n= 10] |g|=1.144e-02 |t|=3.348e-01 cos(g,t)=-0.594 relaxed 1.224e-02->9.968e-03 | hard 0.01223852 best@0.00=0.01223852 (+0.000%) changed=0 zero-change=[0.0, 0.25, 0.5, 0.75, 1.0]


Intel oneMKL ERROR: Parameter 6 was incorrect on entry to SLASWP.
Intel oneMKL ERROR: Parameter 6 was incorrect on entry to SLASWP.


Intel oneMKL ERROR: Parameter 6 was incorrect on entry to SLASWP.Intel oneMKL ERROR: Parameter 6 was incorrect on entry to SLASWP.


Intel oneMKL ERROR: Parameter 6 was incorrect on entry to SLASWP.

Intel oneMKL ERROR: Parameter 6 was incorrect on entry to SLASWP.

Intel oneMKL ERROR: Parameter 6 was incorrect on entry to SLASWP.


Intel oneMKL ERROR: Parameter 6 was incorrect on entry to SLASWP.Intel oneMKL ERROR: Parameter 6 was incorrect on entry to SLASWP.



Intel oneMKL ERROR: Parameter 6 was incorrect on entry to SLASWP.Intel oneMKL ERROR: Parameter 6 was incorrect on entry to SLASWP.



Intel oneMKL ERROR: Parameter 6 was incorrect on entry to SLASWP.Intel oneMKL ERROR: Parameter 6 was incorrect on entry to SLASWP.



Intel oneMKL ERROR: Parameter 6 was incorrect on entry to SLASWP.Intel oneMKL ERROR: Parameter 6 was incorrect on entry to SLASWP.


Intel oneMKL ERROR: Parameter 6 was incorrect on entry to SLASWP.

Intel oneMKL ERROR: Parameter 6 was incorrect on entry to SLASWP.

Intel oneMKL ERROR: Parameter 6 was incorrect on entry to SLASWP.

Intel oneMKL ERROR: Parameter 6 was incorrect on entry to SLASWP.

Intel oneMKL ERROR: Parameter 6 was incorrect on entry to SLASWP.

Intel oneMKL ERROR: Parameter 6 was incorrect on entry to SLASWP.

Intel oneMKL ERROR: Parameter 6 was incorrect on entry to SLASWP.

Intel oneMKL ERROR: Parameter 6 was incorrect on entry to SLASWP.

Intel oneMKL ERROR: Parameter 6 was incorrect on entry to SLASWP.

Intel oneMKL ERROR: Parameter 6 was incorrect on entry to SLASWP.

Intel oneMKL ERROR: Parameter 6 was incorrect on entry to SLASWP.

Intel oneMKL ERROR: Parameter 6 was incorrect on entry to SLASWP.

Intel oneMKL ERROR: Parameter 6 was incorrect on entry to SLASWP.

Intel oneMKL ERROR: Parameter 6 was incorrect on entry to SLASWP.

Intel oneMKL ERROR: Parameter 6 was incorrect on entry to SLASWP.

Intel oneMKL ERROR: Parameter 6 was incorrect on entry to SLASWP.

Intel oneMKL ERROR: Parameter 6 was incorrect on entry to SLASWP.

Intel oneMKL ERROR: Parameter 6 was incorrect on entry to SLASWP.

Intel oneMKL ERROR: Parameter 6 was incorrect on entry to SLASWP.

Intel oneMKL ERROR: Parameter 6 was incorrect on entry to SLASWP.

Intel oneMKL ERROR: Parameter 6 was incorrect on entry to SLASWP.

Intel oneMKL ERROR: Parameter 6 was incorrect on entry to SLASWP.

Intel oneMKL ERROR: Parameter 6 was incorrect on entry to SLASWP.

Intel oneMKL ERROR: Parameter 6 was incorrect on entry to SLASWP.

Intel oneMKL ERROR: Parameter 6 was incorrect on entry to SLASWP.
[L15/w0 n= 10] |g|=4.310e-04 |t|=1.446e-01 cos(g,t)=-0.537 relaxed 4.257e-03->4.223e-03 | hard 0.00425689 best@0.00=0.00425689 (+0.000%) changed=0 zero-change=[0.0, 0.25, 0.5, 0.75, 1.0, 1.5, 2.0]


Intel oneMKL ERROR: Parameter 6 was incorrect on entry to SLASWP.
Intel oneMKL ERROR: Parameter 6 was incorrect on entry to SLASWP.

Intel oneMKL ERROR: Parameter 6 was incorrect on entry to SLASWP.

Intel oneMKL ERROR: Parameter 6 was incorrect on entry to SLASWP.

Intel oneMKL ERROR: Parameter 6 was incorrect on entry to SLASWP.

Intel oneMKL ERROR: Parameter 6 was incorrect on entry to SLASWP.

Intel oneMKL ERROR: Parameter 6 was incorrect on entry to SLASWP.

Intel oneMKL ERROR: Parameter 6 was incorrect on entry to SLASWP.

Intel oneMKL ERROR: Parameter 6 was incorrect on entry to SLASWP.

Intel oneMKL ERROR: Parameter 6 was incorrect on entry to SLASWP.

Intel oneMKL ERROR: Parameter 6 was incorrect on entry to SLASWP.

Intel oneMKL ERROR: Parameter 6 was incorrect on entry to SLASWP.

Intel oneMKL ERROR: Parameter 6 was incorrect on entry to SLASWP.

Intel oneMKL ERROR: Parameter 6 was incorrect on entry to SLASWP.

Intel oneMKL ERROR: Parameter 6 was incorrect on entry to SLASWP.


Intel oneMKL ERROR: Parameter 6 was incorrect on entry to SLASWP.Intel oneMKL ERROR: Parameter 6 was incorrect on entry to SLASWP.


Intel oneMKL ERROR: Parameter 6 was incorrect on entry to SLASWP.

Intel oneMKL ERROR: Parameter 6 was incorrect on entry to SLASWP.

Intel oneMKL ERROR: Parameter 6 was incorrect on entry to SLASWP.

Intel oneMKL ERROR: Parameter 6 was incorrect on entry to SLASWP.

Intel oneMKL ERROR: Parameter 6 was incorrect on entry to SLASWP.

Intel oneMKL ERROR: Parameter 6 was incorrect on entry to SLASWP.

Intel oneMKL ERROR: Parameter 6 was incorrect on entry to SLASWP.

Intel oneMKL ERROR: Parameter 6 was incorrect on entry to SLASWP.

Intel oneMKL ERROR: Parameter 6 was incorrect on entry to SLASWP.

Intel oneMKL ERROR: Parameter 6 was incorrect on entry to SLASWP.


Intel oneMKL ERROR: Parameter 6 was incorrect on entry to SLASWP.
Intel oneMKL ERROR: Parameter 6 was incorrect on entry to SLASWP.

Intel oneMKL ERROR: Parameter 6 was incorrect on entry to SLASWP.


Intel oneMKL ERROR: Parameter 6 was incorrect on entry to SLASWP.Intel oneMKL ERROR: Parameter 6 was incorrect on entry to SLASWP.


Intel oneMKL ERROR: Parameter 6 was incorrect on entry to SLASWP.

Intel oneMKL ERROR: Parameter 6 was incorrect on entry to SLASWP.

Intel oneMKL ERROR: Parameter 6 was incorrect on entry to SLASWP.

Intel oneMKL ERROR: Parameter 6 was incorrect on entry to SLASWP.

Intel oneMKL ERROR: Parameter 6 was incorrect on entry to SLASWP.

Intel oneMKL ERROR: Parameter 6 was incorrect on entry to SLASWP.

Intel oneMKL ERROR: Parameter 6 was incorrect on entry to SLASWP.

Intel oneMKL ERROR: Parameter 6 was incorrect on entry to SLASWP.
[L22/w0 n= 10] |g|=4.790e-03 |t|=3.745e-01 cos(g,t)=-0.603 relaxed 3.146e-02->3.034e-02 | hard 0.03145669 best@1.50=0.03088722 (-1.810%) changed=2263 zero-change=[0.0, 0.25, 0.5, 0.75]

cases=6
  layer  0: cases=1  hard-improved=0  codes-moved=0  mean-cos=-0.341
  layer  1: cases=1  hard-improved=0  codes-moved=0  mean-cos=-0.367
  layer  5: cases=1  hard-improved=0  codes-moved=0  mean-cos=-0.506
  layer  8: cases=1  hard-improved=0  codes-moved=0  mean-cos=-0.594
  layer 15: cases=1  hard-improved=0  codes-moved=0  mean-cos=-0.537
  layer 22: cases=1  hard-improved=1  codes-moved=1  mean-cos=-0.603
TOTAL hard-improved=1/6  codes-moved=1/6
wrote D:\工作内容\AI竞赛\workbench\full_solution\attention-output080\ajc1-six-layer.json
