[timing]     helper (6, 128, 8, 2, 4)  parent    0.9134 ms  effect   +0.0391 ms (+4.280%)  null   -0.0017 ms  |effect|/|null| 22.74x  candidate faster in 31/31  null faster in 15/31
[timing]     helper (6, 509, 8, 2, 4)  parent    3.4023 ms  effect   +0.2246 ms (+6.601%)  null   -0.0055 ms  |effect|/|null| 40.69x  candidate faster in 31/31  null faster in 11/31
[timing]     helper (1, 128, 8, 2, 4)  parent    0.4663 ms  effect   +0.0632 ms (+13.564%)  null   +0.0053 ms  |effect|/|null| 11.94x  candidate faster in 29/31  null faster in 17/31
[L-EM2] dynamic arm=applied groups=640 passes=2 accepted_steps=32 accepted_groups=67405 changed=55717 rows=128 grad_mean=3.277e-02 error=-
[L-EM2] dynamic arm=applied groups=640 passes=2 accepted_steps=32 accepted_groups=67405 changed=55717 rows=128 grad_mean=3.277e-02 error=-
[L-EM2] dynamic arm=applied groups=640 passes=2 accepted_steps=32 accepted_groups=67405 changed=55717 rows=128 grad_mean=3.277e-02 error=-
[L-EM2] dynamic arm=applied groups=640 passes=2 accepted_steps=32 accepted_groups=67405 changed=55717 rows=128 grad_mean=3.277e-02 error=-
[L-EM2] dynamic arm=applied groups=640 passes=2 accepted_steps=32 accepted_groups=67405 changed=55717 rows=128 grad_mean=3.277e-02 error=-
[L-EM2] dynamic arm=applied groups=640 passes=2 accepted_steps=32 accepted_groups=67405 changed=55717 rows=128 grad_mean=3.277e-02 error=-
[L-EM2] dynamic arm=applied groups=640 passes=2 accepted_steps=32 accepted_groups=67405 changed=55717 rows=128 grad_mean=3.277e-02 error=-
[L-EM2] dynamic arm=applied groups=640 passes=2 accepted_steps=32 accepted_groups=67405 changed=55717 rows=128 grad_mean=3.277e-02 error=-
[L-EM2] dynamic arm=applied groups=640 passes=2 accepted_steps=32 accepted_groups=67405 changed=55717 rows=128 grad_mean=3.277e-02 error=-
[L-EM2] dynamic arm=applied groups=640 passes=2 accepted_steps=32 accepted_groups=67405 changed=55717 rows=128 grad_mean=3.277e-02 error=-
[L-EM2] dynamic arm=applied groups=640 passes=2 accepted_steps=32 accepted_groups=67405 changed=55717 rows=128 grad_mean=3.277e-02 error=-
[L-EM2] dynamic arm=applied groups=640 passes=2 accepted_steps=32 accepted_groups=67405 changed=55717 rows=128 grad_mean=3.277e-02 error=-
[L-EM2] dynamic arm=applied groups=640 passes=2 accepted_steps=32 accepted_groups=67405 changed=55717 rows=128 grad_mean=3.277e-02 error=-
[L-EM2] dynamic arm=applied groups=640 passes=2 accepted_steps=32 accepted_groups=67405 changed=55717 rows=128 grad_mean=3.277e-02 error=-
[L-EM2] dynamic arm=applied groups=640 passes=2 accepted_steps=32 accepted_groups=67405 changed=55717 rows=128 grad_mean=3.277e-02 error=-
[L-EM2] dynamic arm=applied groups=640 passes=2 accepted_steps=32 accepted_groups=67405 changed=55717 rows=128 grad_mean=3.277e-02 error=-
[L-EM2] dynamic arm=applied groups=640 passes=2 accepted_steps=32 accepted_groups=67405 changed=55717 rows=128 grad_mean=3.277e-02 error=-
[L-EM2] dynamic arm=applied groups=640 passes=2 accepted_steps=32 accepted_groups=67405 changed=55717 rows=128 grad_mean=3.277e-02 error=-
[L-EM2] dynamic arm=applied groups=640 passes=2 accepted_steps=32 accepted_groups=67405 changed=55717 rows=128 grad_mean=3.277e-02 error=-
[L-EM2] dynamic arm=applied groups=640 passes=2 accepted_steps=32 accepted_groups=67405 changed=55717 rows=128 grad_mean=3.277e-02 error=-
[L-EM2] dynamic arm=applied groups=640 passes=2 accepted_steps=32 accepted_groups=67405 changed=55717 rows=128 grad_mean=3.277e-02 error=-
[L-EM2] dynamic arm=applied groups=640 passes=2 accepted_steps=32 accepted_groups=67405 changed=55717 rows=128 grad_mean=3.277e-02 error=-
[L-EM2] dynamic arm=applied groups=640 passes=2 accepted_steps=32 accepted_groups=67405 changed=55717 rows=128 grad_mean=3.277e-02 error=-
[L-EM2] dynamic arm=applied groups=640 passes=2 accepted_steps=32 accepted_groups=67405 changed=55717 rows=128 grad_mean=3.277e-02 error=-
[L-EM2] dynamic arm=applied groups=640 passes=2 accepted_steps=32 accepted_groups=67405 changed=55717 rows=128 grad_mean=3.277e-02 error=-
[L-EM2] dynamic arm=applied groups=640 passes=2 accepted_steps=32 accepted_groups=67405 changed=55717 rows=128 grad_mean=3.277e-02 error=-
[L-EM2] dynamic arm=applied groups=640 passes=2 accepted_steps=32 accepted_groups=67405 changed=55717 rows=128 grad_mean=3.277e-02 error=-
[L-EM2] dynamic arm=applied groups=640 passes=2 accepted_steps=32 accepted_groups=67405 changed=55717 rows=128 grad_mean=3.277e-02 error=-
[L-EM2] dynamic arm=applied groups=640 passes=2 accepted_steps=32 accepted_groups=67405 changed=55717 rows=128 grad_mean=3.277e-02 error=-
[L-EM2] dynamic arm=applied groups=640 passes=2 accepted_steps=32 accepted_groups=67405 changed=55717 rows=128 grad_mean=3.277e-02 error=-
[L-EM2] dynamic arm=applied groups=640 passes=2 accepted_steps=32 accepted_groups=67405 changed=55717 rows=128 grad_mean=3.277e-02 error=-
[L-EM2] dynamic arm=applied groups=640 passes=2 accepted_steps=32 accepted_groups=67405 changed=55717 rows=128 grad_mean=3.277e-02 error=-
[L-EM2] dynamic arm=applied groups=640 passes=2 accepted_steps=32 accepted_groups=67405 changed=55717 rows=128 grad_mean=3.277e-02 error=-
[L-EM2] dynamic arm=applied groups=640 passes=2 accepted_steps=32 accepted_groups=67405 changed=55717 rows=128 grad_mean=3.277e-02 error=-
[L-EM2] dynamic arm=applied groups=640 passes=2 accepted_steps=32 accepted_groups=67405 changed=55717 rows=128 grad_mean=3.277e-02 error=-
[L-EM2] dynamic arm=applied groups=640 passes=2 accepted_steps=32 accepted_groups=67405 changed=55717 rows=128 grad_mean=3.277e-02 error=-
[L-EM2] dynamic arm=applied groups=640 passes=2 accepted_steps=32 accepted_groups=67405 changed=55717 rows=128 grad_mean=3.277e-02 error=-
[L-EM2] dynamic arm=applied groups=640 passes=2 accepted_steps=32 accepted_groups=67405 changed=55717 rows=128 grad_mean=3.277e-02 error=-
[L-EM2] dynamic arm=applied groups=640 passes=2 accepted_steps=32 accepted_groups=67405 changed=55717 rows=128 grad_mean=3.277e-02 error=-
[L-EM2] dynamic arm=applied groups=640 passes=2 accepted_steps=32 accepted_groups=67405 changed=55717 rows=128 grad_mean=3.277e-02 error=-
[L-EM2] dynamic arm=applied groups=640 passes=2 accepted_steps=32 accepted_groups=67405 changed=55717 rows=128 grad_mean=3.277e-02 error=-
[L-EM2] dynamic arm=applied groups=640 passes=2 accepted_steps=32 accepted_groups=67405 changed=55717 rows=128 grad_mean=3.277e-02 error=-
[L-EM2] dynamic arm=applied groups=640 passes=2 accepted_steps=32 accepted_groups=67405 changed=55717 rows=128 grad_mean=3.277e-02 error=-
[L-EM2] dynamic arm=applied groups=640 passes=2 accepted_steps=32 accepted_groups=67405 changed=55717 rows=128 grad_mean=3.277e-02 error=-
[L-EM2] dynamic arm=applied groups=640 passes=2 accepted_steps=32 accepted_groups=67405 changed=55717 rows=128 grad_mean=3.277e-02 error=-
[L-EM2] dynamic arm=applied groups=640 passes=2 accepted_steps=32 accepted_groups=67405 changed=55717 rows=128 grad_mean=3.277e-02 error=-
[L-EM2] dynamic arm=applied groups=640 passes=2 accepted_steps=32 accepted_groups=67405 changed=55717 rows=128 grad_mean=3.277e-02 error=-
[L-EM2] dynamic arm=applied groups=640 passes=2 accepted_steps=32 accepted_groups=67405 changed=55717 rows=128 grad_mean=3.277e-02 error=-
[L-EM2] dynamic arm=applied groups=640 passes=2 accepted_steps=32 accepted_groups=67405 changed=55717 rows=128 grad_mean=3.277e-02 error=-
[L-EM2] dynamic arm=applied groups=640 passes=2 accepted_steps=32 accepted_groups=67405 changed=55717 rows=128 grad_mean=3.277e-02 error=-
[L-EM2] dynamic arm=applied groups=640 passes=2 accepted_steps=32 accepted_groups=67405 changed=55717 rows=128 grad_mean=3.277e-02 error=-
[L-EM2] dynamic arm=applied groups=640 passes=2 accepted_steps=32 accepted_groups=67405 changed=55717 rows=128 grad_mean=3.277e-02 error=-
[L-EM2] dynamic arm=applied groups=640 passes=2 accepted_steps=32 accepted_groups=67405 changed=55717 rows=128 grad_mean=3.277e-02 error=-
[L-EM2] dynamic arm=applied groups=640 passes=2 accepted_steps=32 accepted_groups=67405 changed=55717 rows=128 grad_mean=3.277e-02 error=-
[L-EM2] dynamic arm=applied groups=640 passes=2 accepted_steps=32 accepted_groups=67405 changed=55717 rows=128 grad_mean=3.277e-02 error=-
[L-EM2] dynamic arm=applied groups=640 passes=2 accepted_steps=32 accepted_groups=67405 changed=55717 rows=128 grad_mean=3.277e-02 error=-
[L-EM2] dynamic arm=applied groups=640 passes=2 accepted_steps=32 accepted_groups=67405 changed=55717 rows=128 grad_mean=3.277e-02 error=-
[L-EM2] dynamic arm=applied groups=640 passes=2 accepted_steps=32 accepted_groups=67405 changed=55717 rows=128 grad_mean=3.277e-02 error=-
[L-EM2] dynamic arm=applied groups=640 passes=2 accepted_steps=32 accepted_groups=67405 changed=55717 rows=128 grad_mean=3.277e-02 error=-
[L-EM2] dynamic arm=applied groups=640 passes=2 accepted_steps=32 accepted_groups=67405 changed=55717 rows=128 grad_mean=3.277e-02 error=-
[L-EM2] dynamic arm=applied groups=640 passes=2 accepted_steps=32 accepted_groups=67405 changed=55717 rows=128 grad_mean=3.277e-02 error=-
[L-EM2] dynamic arm=applied groups=640 passes=2 accepted_steps=32 accepted_groups=67405 changed=55717 rows=128 grad_mean=3.277e-02 error=-
[L-EM2] dynamic arm=applied groups=640 passes=2 accepted_steps=32 accepted_groups=67405 changed=55717 rows=128 grad_mean=3.277e-02 error=-
[L-EM2] dynamic arm=applied groups=640 passes=2 accepted_steps=32 accepted_groups=67405 changed=55717 rows=128 grad_mean=3.277e-02 error=-
[L-EM2] dynamic arm=applied groups=640 passes=2 accepted_steps=32 accepted_groups=67405 changed=55717 rows=128 grad_mean=3.277e-02 error=-
[L-EM2] dynamic arm=applied groups=640 passes=2 accepted_steps=32 accepted_groups=67405 changed=55717 rows=128 grad_mean=3.277e-02 error=-
[L-EM2] dynamic arm=applied groups=640 passes=2 accepted_steps=32 accepted_groups=67405 changed=55717 rows=128 grad_mean=3.277e-02 error=-
[L-EM2] dynamic arm=applied groups=640 passes=2 accepted_steps=32 accepted_groups=67405 changed=55717 rows=128 grad_mean=3.277e-02 error=-
[L-EM2] dynamic arm=applied groups=640 passes=2 accepted_steps=32 accepted_groups=67405 changed=55717 rows=128 grad_mean=3.277e-02 error=-
[L-EM2] dynamic arm=applied groups=640 passes=2 accepted_steps=32 accepted_groups=67405 changed=55717 rows=128 grad_mean=3.277e-02 error=-
[L-EM2] dynamic arm=applied groups=640 passes=2 accepted_steps=32 accepted_groups=67405 changed=55717 rows=128 grad_mean=3.277e-02 error=-
[L-EM2] dynamic arm=applied groups=640 passes=2 accepted_steps=32 accepted_groups=67405 changed=55717 rows=128 grad_mean=3.277e-02 error=-
[L-EM2] dynamic arm=applied groups=640 passes=2 accepted_steps=32 accepted_groups=67405 changed=55717 rows=128 grad_mean=3.277e-02 error=-
[L-EM2] dynamic arm=applied groups=640 passes=2 accepted_steps=32 accepted_groups=67405 changed=55717 rows=128 grad_mean=3.277e-02 error=-
[L-EM2] dynamic arm=applied groups=640 passes=2 accepted_steps=32 accepted_groups=67405 changed=55717 rows=128 grad_mean=3.277e-02 error=-
[L-EM2] dynamic arm=applied groups=640 passes=2 accepted_steps=32 accepted_groups=67405 changed=55717 rows=128 grad_mean=3.277e-02 error=-
[L-EM2] dynamic arm=applied groups=640 passes=2 accepted_steps=32 accepted_groups=67405 changed=55717 rows=128 grad_mean=3.277e-02 error=-
[L-EM2] dynamic arm=applied groups=640 passes=2 accepted_steps=32 accepted_groups=67405 changed=55717 rows=128 grad_mean=3.277e-02 error=-
[L-EM2] dynamic arm=applied groups=640 passes=2 accepted_steps=32 accepted_groups=67405 changed=55717 rows=128 grad_mean=3.277e-02 error=-
[L-EM2] dynamic arm=applied groups=640 passes=2 accepted_steps=32 accepted_groups=67405 changed=55717 rows=128 grad_mean=3.277e-02 error=-
[L-EM2] dynamic arm=applied groups=640 passes=2 accepted_steps=32 accepted_groups=67405 changed=55717 rows=128 grad_mean=3.277e-02 error=-
[L-EM2] dynamic arm=applied groups=640 passes=2 accepted_steps=32 accepted_groups=67405 changed=55717 rows=128 grad_mean=3.277e-02 error=-
[L-EM2] dynamic arm=applied groups=640 passes=2 accepted_steps=32 accepted_groups=67405 changed=55717 rows=128 grad_mean=3.277e-02 error=-
[L-EM2] dynamic arm=applied groups=640 passes=2 accepted_steps=32 accepted_groups=67405 changed=55717 rows=128 grad_mean=3.277e-02 error=-
[L-EM2] dynamic arm=applied groups=640 passes=2 accepted_steps=32 accepted_groups=67405 changed=55717 rows=128 grad_mean=3.277e-02 error=-
[L-EM2] dynamic arm=applied groups=640 passes=2 accepted_steps=32 accepted_groups=67405 changed=55717 rows=128 grad_mean=3.277e-02 error=-
[L-EM2] dynamic arm=applied groups=640 passes=2 accepted_steps=32 accepted_groups=67405 changed=55717 rows=128 grad_mean=3.277e-02 error=-
[L-EM2] dynamic arm=applied groups=640 passes=2 accepted_steps=32 accepted_groups=67405 changed=55717 rows=128 grad_mean=3.277e-02 error=-
[L-EM2] dynamic arm=applied groups=640 passes=2 accepted_steps=32 accepted_groups=67405 changed=55717 rows=128 grad_mean=3.277e-02 error=-
[L-EM2] dynamic arm=applied groups=640 passes=2 accepted_steps=32 accepted_groups=67405 changed=55717 rows=128 grad_mean=3.277e-02 error=-
[L-EM2] dynamic arm=applied groups=640 passes=2 accepted_steps=32 accepted_groups=67405 changed=55717 rows=128 grad_mean=3.277e-02 error=-
[L-EM2] dynamic arm=applied groups=640 passes=2 accepted_steps=32 accepted_groups=67405 changed=55717 rows=128 grad_mean=3.277e-02 error=-
[L-EM2] dynamic arm=applied groups=640 passes=2 accepted_steps=32 accepted_groups=67405 changed=55717 rows=128 grad_mean=3.277e-02 error=-
[L-EM2] dynamic arm=applied groups=640 passes=2 accepted_steps=32 accepted_groups=67405 changed=55717 rows=128 grad_mean=3.277e-02 error=-
[L-EM2] dynamic arm=applied groups=640 passes=2 accepted_steps=32 accepted_groups=67405 changed=55717 rows=128 grad_mean=3.277e-02 error=-
[L-EM2] dynamic arm=applied groups=640 passes=2 accepted_steps=32 accepted_groups=67405 changed=55717 rows=128 grad_mean=3.277e-02 error=-
[L-EM2] dynamic arm=applied groups=640 passes=2 accepted_steps=32 accepted_groups=67405 changed=55717 rows=128 grad_mean=3.277e-02 error=-
[L-EM2] dynamic arm=applied groups=640 passes=2 accepted_steps=32 accepted_groups=67405 changed=55717 rows=128 grad_mean=3.277e-02 error=-
[L-EM2] dynamic arm=applied groups=640 passes=2 accepted_steps=32 accepted_groups=67405 changed=55717 rows=128 grad_mean=3.277e-02 error=-
[L-EM2] dynamic arm=applied groups=640 passes=2 accepted_steps=32 accepted_groups=67405 changed=55717 rows=128 grad_mean=3.277e-02 error=-
[L-EM2] dynamic arm=applied groups=640 passes=2 accepted_steps=32 accepted_groups=67405 changed=55717 rows=128 grad_mean=3.277e-02 error=-
[L-EM2] dynamic arm=applied groups=640 passes=2 accepted_steps=32 accepted_groups=67405 changed=55717 rows=128 grad_mean=3.277e-02 error=-
[timing]       call layer0/q rows=128  parent  548.0027 ms  effect  +23.3458 ms (+4.260%)  null   +0.6888 ms  |effect|/|null| 33.89x  candidate faster in 24/31  null faster in 17/31
[L-EM2] dynamic arm=applied groups=640 passes=2 accepted_steps=32 accepted_groups=269836 changed=222862 rows=512 grad_mean=3.278e-02 error=-
[L-EM2] dynamic arm=applied groups=640 passes=2 accepted_steps=32 accepted_groups=269836 changed=222862 rows=512 grad_mean=3.278e-02 error=-
[L-EM2] dynamic arm=applied groups=640 passes=2 accepted_steps=32 accepted_groups=269836 changed=222862 rows=512 grad_mean=3.278e-02 error=-
[L-EM2] dynamic arm=applied groups=640 passes=2 accepted_steps=32 accepted_groups=269836 changed=222862 rows=512 grad_mean=3.278e-02 error=-
[L-EM2] dynamic arm=applied groups=640 passes=2 accepted_steps=32 accepted_groups=269836 changed=222862 rows=512 grad_mean=3.278e-02 error=-
[L-EM2] dynamic arm=applied groups=640 passes=2 accepted_steps=32 accepted_groups=269836 changed=222862 rows=512 grad_mean=3.278e-02 error=-
[L-EM2] dynamic arm=applied groups=640 passes=2 accepted_steps=32 accepted_groups=269836 changed=222862 rows=512 grad_mean=3.278e-02 error=-
[L-EM2] dynamic arm=applied groups=640 passes=2 accepted_steps=32 accepted_groups=269836 changed=222862 rows=512 grad_mean=3.278e-02 error=-
[L-EM2] dynamic arm=applied groups=640 passes=2 accepted_steps=32 accepted_groups=269836 changed=222862 rows=512 grad_mean=3.278e-02 error=-
[L-EM2] dynamic arm=applied groups=640 passes=2 accepted_steps=32 accepted_groups=269836 changed=222862 rows=512 grad_mean=3.278e-02 error=-
[L-EM2] dynamic arm=applied groups=640 passes=2 accepted_steps=32 accepted_groups=269836 changed=222862 rows=512 grad_mean=3.278e-02 error=-
[L-EM2] dynamic arm=applied groups=640 passes=2 accepted_steps=32 accepted_groups=269836 changed=222862 rows=512 grad_mean=3.278e-02 error=-
[L-EM2] dynamic arm=applied groups=640 passes=2 accepted_steps=32 accepted_groups=269836 changed=222862 rows=512 grad_mean=3.278e-02 error=-
[L-EM2] dynamic arm=applied groups=640 passes=2 accepted_steps=32 accepted_groups=269836 changed=222862 rows=512 grad_mean=3.278e-02 error=-
[L-EM2] dynamic arm=applied groups=640 passes=2 accepted_steps=32 accepted_groups=269836 changed=222862 rows=512 grad_mean=3.278e-02 error=-
[L-EM2] dynamic arm=applied groups=640 passes=2 accepted_steps=32 accepted_groups=269836 changed=222862 rows=512 grad_mean=3.278e-02 error=-
[L-EM2] dynamic arm=applied groups=640 passes=2 accepted_steps=32 accepted_groups=269836 changed=222862 rows=512 grad_mean=3.278e-02 error=-
[L-EM2] dynamic arm=applied groups=640 passes=2 accepted_steps=32 accepted_groups=269836 changed=222862 rows=512 grad_mean=3.278e-02 error=-
[L-EM2] dynamic arm=applied groups=640 passes=2 accepted_steps=32 accepted_groups=269836 changed=222862 rows=512 grad_mean=3.278e-02 error=-
[L-EM2] dynamic arm=applied groups=640 passes=2 accepted_steps=32 accepted_groups=269836 changed=222862 rows=512 grad_mean=3.278e-02 error=-
[L-EM2] dynamic arm=applied groups=640 passes=2 accepted_steps=32 accepted_groups=269836 changed=222862 rows=512 grad_mean=3.278e-02 error=-
[L-EM2] dynamic arm=applied groups=640 passes=2 accepted_steps=32 accepted_groups=269836 changed=222862 rows=512 grad_mean=3.278e-02 error=-
[L-EM2] dynamic arm=applied groups=640 passes=2 accepted_steps=32 accepted_groups=269836 changed=222862 rows=512 grad_mean=3.278e-02 error=-
[L-EM2] dynamic arm=applied groups=640 passes=2 accepted_steps=32 accepted_groups=269836 changed=222862 rows=512 grad_mean=3.278e-02 error=-
[L-EM2] dynamic arm=applied groups=640 passes=2 accepted_steps=32 accepted_groups=269836 changed=222862 rows=512 grad_mean=3.278e-02 error=-
[L-EM2] dynamic arm=applied groups=640 passes=2 accepted_steps=32 accepted_groups=269836 changed=222862 rows=512 grad_mean=3.278e-02 error=-
[L-EM2] dynamic arm=applied groups=640 passes=2 accepted_steps=32 accepted_groups=269836 changed=222862 rows=512 grad_mean=3.278e-02 error=-
[L-EM2] dynamic arm=applied groups=640 passes=2 accepted_steps=32 accepted_groups=269836 changed=222862 rows=512 grad_mean=3.278e-02 error=-
[L-EM2] dynamic arm=applied groups=640 passes=2 accepted_steps=32 accepted_groups=269836 changed=222862 rows=512 grad_mean=3.278e-02 error=-
[L-EM2] dynamic arm=applied groups=640 passes=2 accepted_steps=32 accepted_groups=269836 changed=222862 rows=512 grad_mean=3.278e-02 error=-
[L-EM2] dynamic arm=applied groups=640 passes=2 accepted_steps=32 accepted_groups=269836 changed=222862 rows=512 grad_mean=3.278e-02 error=-
[L-EM2] dynamic arm=applied groups=640 passes=2 accepted_steps=32 accepted_groups=269836 changed=222862 rows=512 grad_mean=3.278e-02 error=-
[L-EM2] dynamic arm=applied groups=640 passes=2 accepted_steps=32 accepted_groups=269836 changed=222862 rows=512 grad_mean=3.278e-02 error=-
[L-EM2] dynamic arm=applied groups=640 passes=2 accepted_steps=32 accepted_groups=269836 changed=222862 rows=512 grad_mean=3.278e-02 error=-
[L-EM2] dynamic arm=applied groups=640 passes=2 accepted_steps=32 accepted_groups=269836 changed=222862 rows=512 grad_mean=3.278e-02 error=-
[L-EM2] dynamic arm=applied groups=640 passes=2 accepted_steps=32 accepted_groups=269836 changed=222862 rows=512 grad_mean=3.278e-02 error=-
[L-EM2] dynamic arm=applied groups=640 passes=2 accepted_steps=32 accepted_groups=269836 changed=222862 rows=512 grad_mean=3.278e-02 error=-
[L-EM2] dynamic arm=applied groups=640 passes=2 accepted_steps=32 accepted_groups=269836 changed=222862 rows=512 grad_mean=3.278e-02 error=-
[L-EM2] dynamic arm=applied groups=640 passes=2 accepted_steps=32 accepted_groups=269836 changed=222862 rows=512 grad_mean=3.278e-02 error=-
[L-EM2] dynamic arm=applied groups=640 passes=2 accepted_steps=32 accepted_groups=269836 changed=222862 rows=512 grad_mean=3.278e-02 error=-
[L-EM2] dynamic arm=applied groups=640 passes=2 accepted_steps=32 accepted_groups=269836 changed=222862 rows=512 grad_mean=3.278e-02 error=-
[L-EM2] dynamic arm=applied groups=640 passes=2 accepted_steps=32 accepted_groups=269836 changed=222862 rows=512 grad_mean=3.278e-02 error=-
[L-EM2] dynamic arm=applied groups=640 passes=2 accepted_steps=32 accepted_groups=269836 changed=222862 rows=512 grad_mean=3.278e-02 error=-
[L-EM2] dynamic arm=applied groups=640 passes=2 accepted_steps=32 accepted_groups=269836 changed=222862 rows=512 grad_mean=3.278e-02 error=-
[L-EM2] dynamic arm=applied groups=640 passes=2 accepted_steps=32 accepted_groups=269836 changed=222862 rows=512 grad_mean=3.278e-02 error=-
[L-EM2] dynamic arm=applied groups=640 passes=2 accepted_steps=32 accepted_groups=269836 changed=222862 rows=512 grad_mean=3.278e-02 error=-
[L-EM2] dynamic arm=applied groups=640 passes=2 accepted_steps=32 accepted_groups=269836 changed=222862 rows=512 grad_mean=3.278e-02 error=-
[L-EM2] dynamic arm=applied groups=640 passes=2 accepted_steps=32 accepted_groups=269836 changed=222862 rows=512 grad_mean=3.278e-02 error=-
[L-EM2] dynamic arm=applied groups=640 passes=2 accepted_steps=32 accepted_groups=269836 changed=222862 rows=512 grad_mean=3.278e-02 error=-
[L-EM2] dynamic arm=applied groups=640 passes=2 accepted_steps=32 accepted_groups=269836 changed=222862 rows=512 grad_mean=3.278e-02 error=-
[L-EM2] dynamic arm=applied groups=640 passes=2 accepted_steps=32 accepted_groups=269836 changed=222862 rows=512 grad_mean=3.278e-02 error=-
[L-EM2] dynamic arm=applied groups=640 passes=2 accepted_steps=32 accepted_groups=269836 changed=222862 rows=512 grad_mean=3.278e-02 error=-
[L-EM2] dynamic arm=applied groups=640 passes=2 accepted_steps=32 accepted_groups=269836 changed=222862 rows=512 grad_mean=3.278e-02 error=-
[L-EM2] dynamic arm=applied groups=640 passes=2 accepted_steps=32 accepted_groups=269836 changed=222862 rows=512 grad_mean=3.278e-02 error=-
[L-EM2] dynamic arm=applied groups=640 passes=2 accepted_steps=32 accepted_groups=269836 changed=222862 rows=512 grad_mean=3.278e-02 error=-
[L-EM2] dynamic arm=applied groups=640 passes=2 accepted_steps=32 accepted_groups=269836 changed=222862 rows=512 grad_mean=3.278e-02 error=-
[L-EM2] dynamic arm=applied groups=640 passes=2 accepted_steps=32 accepted_groups=269836 changed=222862 rows=512 grad_mean=3.278e-02 error=-
[L-EM2] dynamic arm=applied groups=640 passes=2 accepted_steps=32 accepted_groups=269836 changed=222862 rows=512 grad_mean=3.278e-02 error=-
[L-EM2] dynamic arm=applied groups=640 passes=2 accepted_steps=32 accepted_groups=269836 changed=222862 rows=512 grad_mean=3.278e-02 error=-
[L-EM2] dynamic arm=applied groups=640 passes=2 accepted_steps=32 accepted_groups=269836 changed=222862 rows=512 grad_mean=3.278e-02 error=-
[L-EM2] dynamic arm=applied groups=640 passes=2 accepted_steps=32 accepted_groups=269836 changed=222862 rows=512 grad_mean=3.278e-02 error=-
[L-EM2] dynamic arm=applied groups=640 passes=2 accepted_steps=32 accepted_groups=269836 changed=222862 rows=512 grad_mean=3.278e-02 error=-
[L-EM2] dynamic arm=applied groups=640 passes=2 accepted_steps=32 accepted_groups=269836 changed=222862 rows=512 grad_mean=3.278e-02 error=-
[L-EM2] dynamic arm=applied groups=640 passes=2 accepted_steps=32 accepted_groups=269836 changed=222862 rows=512 grad_mean=3.278e-02 error=-
[L-EM2] dynamic arm=applied groups=640 passes=2 accepted_steps=32 accepted_groups=269836 changed=222862 rows=512 grad_mean=3.278e-02 error=-
[L-EM2] dynamic arm=applied groups=640 passes=2 accepted_steps=32 accepted_groups=269836 changed=222862 rows=512 grad_mean=3.278e-02 error=-
[L-EM2] dynamic arm=applied groups=640 passes=2 accepted_steps=32 accepted_groups=269836 changed=222862 rows=512 grad_mean=3.278e-02 error=-
[L-EM2] dynamic arm=applied groups=640 passes=2 accepted_steps=32 accepted_groups=269836 changed=222862 rows=512 grad_mean=3.278e-02 error=-
[L-EM2] dynamic arm=applied groups=640 passes=2 accepted_steps=32 accepted_groups=269836 changed=222862 rows=512 grad_mean=3.278e-02 error=-
[L-EM2] dynamic arm=applied groups=640 passes=2 accepted_steps=32 accepted_groups=269836 changed=222862 rows=512 grad_mean=3.278e-02 error=-
[L-EM2] dynamic arm=applied groups=640 passes=2 accepted_steps=32 accepted_groups=269836 changed=222862 rows=512 grad_mean=3.278e-02 error=-
[L-EM2] dynamic arm=applied groups=640 passes=2 accepted_steps=32 accepted_groups=269836 changed=222862 rows=512 grad_mean=3.278e-02 error=-
[L-EM2] dynamic arm=applied groups=640 passes=2 accepted_steps=32 accepted_groups=269836 changed=222862 rows=512 grad_mean=3.278e-02 error=-
[L-EM2] dynamic arm=applied groups=640 passes=2 accepted_steps=32 accepted_groups=269836 changed=222862 rows=512 grad_mean=3.278e-02 error=-
[L-EM2] dynamic arm=applied groups=640 passes=2 accepted_steps=32 accepted_groups=269836 changed=222862 rows=512 grad_mean=3.278e-02 error=-
[L-EM2] dynamic arm=applied groups=640 passes=2 accepted_steps=32 accepted_groups=269836 changed=222862 rows=512 grad_mean=3.278e-02 error=-
[L-EM2] dynamic arm=applied groups=640 passes=2 accepted_steps=32 accepted_groups=269836 changed=222862 rows=512 grad_mean=3.278e-02 error=-
[L-EM2] dynamic arm=applied groups=640 passes=2 accepted_steps=32 accepted_groups=269836 changed=222862 rows=512 grad_mean=3.278e-02 error=-
[L-EM2] dynamic arm=applied groups=640 passes=2 accepted_steps=32 accepted_groups=269836 changed=222862 rows=512 grad_mean=3.278e-02 error=-
[L-EM2] dynamic arm=applied groups=640 passes=2 accepted_steps=32 accepted_groups=269836 changed=222862 rows=512 grad_mean=3.278e-02 error=-
[L-EM2] dynamic arm=applied groups=640 passes=2 accepted_steps=32 accepted_groups=269836 changed=222862 rows=512 grad_mean=3.278e-02 error=-
[L-EM2] dynamic arm=applied groups=640 passes=2 accepted_steps=32 accepted_groups=269836 changed=222862 rows=512 grad_mean=3.278e-02 error=-
[L-EM2] dynamic arm=applied groups=640 passes=2 accepted_steps=32 accepted_groups=269836 changed=222862 rows=512 grad_mean=3.278e-02 error=-
[L-EM2] dynamic arm=applied groups=640 passes=2 accepted_steps=32 accepted_groups=269836 changed=222862 rows=512 grad_mean=3.278e-02 error=-
[L-EM2] dynamic arm=applied groups=640 passes=2 accepted_steps=32 accepted_groups=269836 changed=222862 rows=512 grad_mean=3.278e-02 error=-
[L-EM2] dynamic arm=applied groups=640 passes=2 accepted_steps=32 accepted_groups=269836 changed=222862 rows=512 grad_mean=3.278e-02 error=-
[L-EM2] dynamic arm=applied groups=640 passes=2 accepted_steps=32 accepted_groups=269836 changed=222862 rows=512 grad_mean=3.278e-02 error=-
[L-EM2] dynamic arm=applied groups=640 passes=2 accepted_steps=32 accepted_groups=269836 changed=222862 rows=512 grad_mean=3.278e-02 error=-
[L-EM2] dynamic arm=applied groups=640 passes=2 accepted_steps=32 accepted_groups=269836 changed=222862 rows=512 grad_mean=3.278e-02 error=-
[L-EM2] dynamic arm=applied groups=640 passes=2 accepted_steps=32 accepted_groups=269836 changed=222862 rows=512 grad_mean=3.278e-02 error=-
[L-EM2] dynamic arm=applied groups=640 passes=2 accepted_steps=32 accepted_groups=269836 changed=222862 rows=512 grad_mean=3.278e-02 error=-
[L-EM2] dynamic arm=applied groups=640 passes=2 accepted_steps=32 accepted_groups=269836 changed=222862 rows=512 grad_mean=3.278e-02 error=-
[L-EM2] dynamic arm=applied groups=640 passes=2 accepted_steps=32 accepted_groups=269836 changed=222862 rows=512 grad_mean=3.278e-02 error=-
[L-EM2] dynamic arm=applied groups=640 passes=2 accepted_steps=32 accepted_groups=269836 changed=222862 rows=512 grad_mean=3.278e-02 error=-
[L-EM2] dynamic arm=applied groups=640 passes=2 accepted_steps=32 accepted_groups=269836 changed=222862 rows=512 grad_mean=3.278e-02 error=-
[L-EM2] dynamic arm=applied groups=640 passes=2 accepted_steps=32 accepted_groups=269836 changed=222862 rows=512 grad_mean=3.278e-02 error=-
[L-EM2] dynamic arm=applied groups=640 passes=2 accepted_steps=32 accepted_groups=269836 changed=222862 rows=512 grad_mean=3.278e-02 error=-
[L-EM2] dynamic arm=applied groups=640 passes=2 accepted_steps=32 accepted_groups=269836 changed=222862 rows=512 grad_mean=3.278e-02 error=-
[L-EM2] dynamic arm=applied groups=640 passes=2 accepted_steps=32 accepted_groups=269836 changed=222862 rows=512 grad_mean=3.278e-02 error=-
[L-EM2] dynamic arm=applied groups=640 passes=2 accepted_steps=32 accepted_groups=269836 changed=222862 rows=512 grad_mean=3.278e-02 error=-
[L-EM2] dynamic arm=applied groups=640 passes=2 accepted_steps=32 accepted_groups=269836 changed=222862 rows=512 grad_mean=3.278e-02 error=-
[L-EM2] dynamic arm=applied groups=640 passes=2 accepted_steps=32 accepted_groups=269836 changed=222862 rows=512 grad_mean=3.278e-02 error=-
[timing]       call layer0/q rows=512  parent  894.4600 ms  effect  +41.4082 ms (+4.629%)  null   +0.7910 ms  |effect|/|null| 52.35x  candidate faster in 30/31  null faster in 16/31
[L-EM2] dynamic arm=applied groups=1024 passes=2 accepted_steps=32 accepted_groups=152258 changed=129007 rows=128 grad_mean=1.087e-03 error=-
[L-EM2] dynamic arm=applied groups=1024 passes=2 accepted_steps=32 accepted_groups=152258 changed=129007 rows=128 grad_mean=1.087e-03 error=-
[L-EM2] dynamic arm=applied groups=1024 passes=2 accepted_steps=32 accepted_groups=152258 changed=129007 rows=128 grad_mean=1.087e-03 error=-
[L-EM2] dynamic arm=applied groups=1024 passes=2 accepted_steps=32 accepted_groups=152258 changed=129007 rows=128 grad_mean=1.087e-03 error=-
[L-EM2] dynamic arm=applied groups=1024 passes=2 accepted_steps=32 accepted_groups=152258 changed=129007 rows=128 grad_mean=1.087e-03 error=-
[L-EM2] dynamic arm=applied groups=1024 passes=2 accepted_steps=32 accepted_groups=152258 changed=129007 rows=128 grad_mean=1.087e-03 error=-
[L-EM2] dynamic arm=applied groups=1024 passes=2 accepted_steps=32 accepted_groups=152258 changed=129007 rows=128 grad_mean=1.087e-03 error=-
[L-EM2] dynamic arm=applied groups=1024 passes=2 accepted_steps=32 accepted_groups=152258 changed=129007 rows=128 grad_mean=1.087e-03 error=-
[L-EM2] dynamic arm=applied groups=1024 passes=2 accepted_steps=32 accepted_groups=152258 changed=129007 rows=128 grad_mean=1.087e-03 error=-
[L-EM2] dynamic arm=applied groups=1024 passes=2 accepted_steps=32 accepted_groups=152258 changed=129007 rows=128 grad_mean=1.087e-03 error=-
[L-EM2] dynamic arm=applied groups=1024 passes=2 accepted_steps=32 accepted_groups=152258 changed=129007 rows=128 grad_mean=1.087e-03 error=-
[L-EM2] dynamic arm=applied groups=1024 passes=2 accepted_steps=32 accepted_groups=152258 changed=129007 rows=128 grad_mean=1.087e-03 error=-
[L-EM2] dynamic arm=applied groups=1024 passes=2 accepted_steps=32 accepted_groups=152258 changed=129007 rows=128 grad_mean=1.087e-03 error=-
[L-EM2] dynamic arm=applied groups=1024 passes=2 accepted_steps=32 accepted_groups=152258 changed=129007 rows=128 grad_mean=1.087e-03 error=-
[L-EM2] dynamic arm=applied groups=1024 passes=2 accepted_steps=32 accepted_groups=152258 changed=129007 rows=128 grad_mean=1.087e-03 error=-
[L-EM2] dynamic arm=applied groups=1024 passes=2 accepted_steps=32 accepted_groups=152258 changed=129007 rows=128 grad_mean=1.087e-03 error=-
[L-EM2] dynamic arm=applied groups=1024 passes=2 accepted_steps=32 accepted_groups=152258 changed=129007 rows=128 grad_mean=1.087e-03 error=-
[L-EM2] dynamic arm=applied groups=1024 passes=2 accepted_steps=32 accepted_groups=152258 changed=129007 rows=128 grad_mean=1.087e-03 error=-
[L-EM2] dynamic arm=applied groups=1024 passes=2 accepted_steps=32 accepted_groups=152258 changed=129007 rows=128 grad_mean=1.087e-03 error=-
[L-EM2] dynamic arm=applied groups=1024 passes=2 accepted_steps=32 accepted_groups=152258 changed=129007 rows=128 grad_mean=1.087e-03 error=-
[L-EM2] dynamic arm=applied groups=1024 passes=2 accepted_steps=32 accepted_groups=152258 changed=129007 rows=128 grad_mean=1.087e-03 error=-
[L-EM2] dynamic arm=applied groups=1024 passes=2 accepted_steps=32 accepted_groups=152258 changed=129007 rows=128 grad_mean=1.087e-03 error=-
[L-EM2] dynamic arm=applied groups=1024 passes=2 accepted_steps=32 accepted_groups=152258 changed=129007 rows=128 grad_mean=1.087e-03 error=-
[L-EM2] dynamic arm=applied groups=1024 passes=2 accepted_steps=32 accepted_groups=152258 changed=129007 rows=128 grad_mean=1.087e-03 error=-
[L-EM2] dynamic arm=applied groups=1024 passes=2 accepted_steps=32 accepted_groups=152258 changed=129007 rows=128 grad_mean=1.087e-03 error=-
[L-EM2] dynamic arm=applied groups=1024 passes=2 accepted_steps=32 accepted_groups=152258 changed=129007 rows=128 grad_mean=1.087e-03 error=-
[L-EM2] dynamic arm=applied groups=1024 passes=2 accepted_steps=32 accepted_groups=152258 changed=129007 rows=128 grad_mean=1.087e-03 error=-
[L-EM2] dynamic arm=applied groups=1024 passes=2 accepted_steps=32 accepted_groups=152258 changed=129007 rows=128 grad_mean=1.087e-03 error=-
[L-EM2] dynamic arm=applied groups=1024 passes=2 accepted_steps=32 accepted_groups=152258 changed=129007 rows=128 grad_mean=1.087e-03 error=-
[L-EM2] dynamic arm=applied groups=1024 passes=2 accepted_steps=32 accepted_groups=152258 changed=129007 rows=128 grad_mean=1.087e-03 error=-
[L-EM2] dynamic arm=applied groups=1024 passes=2 accepted_steps=32 accepted_groups=152258 changed=129007 rows=128 grad_mean=1.087e-03 error=-
[L-EM2] dynamic arm=applied groups=1024 passes=2 accepted_steps=32 accepted_groups=152258 changed=129007 rows=128 grad_mean=1.087e-03 error=-
[L-EM2] dynamic arm=applied groups=1024 passes=2 accepted_steps=32 accepted_groups=152258 changed=129007 rows=128 grad_mean=1.087e-03 error=-
[L-EM2] dynamic arm=applied groups=1024 passes=2 accepted_steps=32 accepted_groups=152258 changed=129007 rows=128 grad_mean=1.087e-03 error=-
[L-EM2] dynamic arm=applied groups=1024 passes=2 accepted_steps=32 accepted_groups=152258 changed=129007 rows=128 grad_mean=1.087e-03 error=-
[L-EM2] dynamic arm=applied groups=1024 passes=2 accepted_steps=32 accepted_groups=152258 changed=129007 rows=128 grad_mean=1.087e-03 error=-
[L-EM2] dynamic arm=applied groups=1024 passes=2 accepted_steps=32 accepted_groups=152258 changed=129007 rows=128 grad_mean=1.087e-03 error=-
[L-EM2] dynamic arm=applied groups=1024 passes=2 accepted_steps=32 accepted_groups=152258 changed=129007 rows=128 grad_mean=1.087e-03 error=-
[L-EM2] dynamic arm=applied groups=1024 passes=2 accepted_steps=32 accepted_groups=152258 changed=129007 rows=128 grad_mean=1.087e-03 error=-
[L-EM2] dynamic arm=applied groups=1024 passes=2 accepted_steps=32 accepted_groups=152258 changed=129007 rows=128 grad_mean=1.087e-03 error=-
[L-EM2] dynamic arm=applied groups=1024 passes=2 accepted_steps=32 accepted_groups=152258 changed=129007 rows=128 grad_mean=1.087e-03 error=-
[L-EM2] dynamic arm=applied groups=1024 passes=2 accepted_steps=32 accepted_groups=152258 changed=129007 rows=128 grad_mean=1.087e-03 error=-
[L-EM2] dynamic arm=applied groups=1024 passes=2 accepted_steps=32 accepted_groups=152258 changed=129007 rows=128 grad_mean=1.087e-03 error=-
[L-EM2] dynamic arm=applied groups=1024 passes=2 accepted_steps=32 accepted_groups=152258 changed=129007 rows=128 grad_mean=1.087e-03 error=-
[L-EM2] dynamic arm=applied groups=1024 passes=2 accepted_steps=32 accepted_groups=152258 changed=129007 rows=128 grad_mean=1.087e-03 error=-
[L-EM2] dynamic arm=applied groups=1024 passes=2 accepted_steps=32 accepted_groups=152258 changed=129007 rows=128 grad_mean=1.087e-03 error=-
[L-EM2] dynamic arm=applied groups=1024 passes=2 accepted_steps=32 accepted_groups=152258 changed=129007 rows=128 grad_mean=1.087e-03 error=-
[L-EM2] dynamic arm=applied groups=1024 passes=2 accepted_steps=32 accepted_groups=152258 changed=129007 rows=128 grad_mean=1.087e-03 error=-
[L-EM2] dynamic arm=applied groups=1024 passes=2 accepted_steps=32 accepted_groups=152258 changed=129007 rows=128 grad_mean=1.087e-03 error=-
[L-EM2] dynamic arm=applied groups=1024 passes=2 accepted_steps=32 accepted_groups=152258 changed=129007 rows=128 grad_mean=1.087e-03 error=-
[L-EM2] dynamic arm=applied groups=1024 passes=2 accepted_steps=32 accepted_groups=152258 changed=129007 rows=128 grad_mean=1.087e-03 error=-
[L-EM2] dynamic arm=applied groups=1024 passes=2 accepted_steps=32 accepted_groups=152258 changed=129007 rows=128 grad_mean=1.087e-03 error=-
[L-EM2] dynamic arm=applied groups=1024 passes=2 accepted_steps=32 accepted_groups=152258 changed=129007 rows=128 grad_mean=1.087e-03 error=-
[L-EM2] dynamic arm=applied groups=1024 passes=2 accepted_steps=32 accepted_groups=152258 changed=129007 rows=128 grad_mean=1.087e-03 error=-
[L-EM2] dynamic arm=applied groups=1024 passes=2 accepted_steps=32 accepted_groups=152258 changed=129007 rows=128 grad_mean=1.087e-03 error=-
[L-EM2] dynamic arm=applied groups=1024 passes=2 accepted_steps=32 accepted_groups=152258 changed=129007 rows=128 grad_mean=1.087e-03 error=-
[L-EM2] dynamic arm=applied groups=1024 passes=2 accepted_steps=32 accepted_groups=152258 changed=129007 rows=128 grad_mean=1.087e-03 error=-
[L-EM2] dynamic arm=applied groups=1024 passes=2 accepted_steps=32 accepted_groups=152258 changed=129007 rows=128 grad_mean=1.087e-03 error=-
[L-EM2] dynamic arm=applied groups=1024 passes=2 accepted_steps=32 accepted_groups=152258 changed=129007 rows=128 grad_mean=1.087e-03 error=-
[L-EM2] dynamic arm=applied groups=1024 passes=2 accepted_steps=32 accepted_groups=152258 changed=129007 rows=128 grad_mean=1.087e-03 error=-
[L-EM2] dynamic arm=applied groups=1024 passes=2 accepted_steps=32 accepted_groups=152258 changed=129007 rows=128 grad_mean=1.087e-03 error=-
[L-EM2] dynamic arm=applied groups=1024 passes=2 accepted_steps=32 accepted_groups=152258 changed=129007 rows=128 grad_mean=1.087e-03 error=-
[L-EM2] dynamic arm=applied groups=1024 passes=2 accepted_steps=32 accepted_groups=152258 changed=129007 rows=128 grad_mean=1.087e-03 error=-
[L-EM2] dynamic arm=applied groups=1024 passes=2 accepted_steps=32 accepted_groups=152258 changed=129007 rows=128 grad_mean=1.087e-03 error=-
[L-EM2] dynamic arm=applied groups=1024 passes=2 accepted_steps=32 accepted_groups=152258 changed=129007 rows=128 grad_mean=1.087e-03 error=-
[L-EM2] dynamic arm=applied groups=1024 passes=2 accepted_steps=32 accepted_groups=152258 changed=129007 rows=128 grad_mean=1.087e-03 error=-
[L-EM2] dynamic arm=applied groups=1024 passes=2 accepted_steps=32 accepted_groups=152258 changed=129007 rows=128 grad_mean=1.087e-03 error=-
[L-EM2] dynamic arm=applied groups=1024 passes=2 accepted_steps=32 accepted_groups=152258 changed=129007 rows=128 grad_mean=1.087e-03 error=-
[L-EM2] dynamic arm=applied groups=1024 passes=2 accepted_steps=32 accepted_groups=152258 changed=129007 rows=128 grad_mean=1.087e-03 error=-
[L-EM2] dynamic arm=applied groups=1024 passes=2 accepted_steps=32 accepted_groups=152258 changed=129007 rows=128 grad_mean=1.087e-03 error=-
[L-EM2] dynamic arm=applied groups=1024 passes=2 accepted_steps=32 accepted_groups=152258 changed=129007 rows=128 grad_mean=1.087e-03 error=-
[L-EM2] dynamic arm=applied groups=1024 passes=2 accepted_steps=32 accepted_groups=152258 changed=129007 rows=128 grad_mean=1.087e-03 error=-
[L-EM2] dynamic arm=applied groups=1024 passes=2 accepted_steps=32 accepted_groups=152258 changed=129007 rows=128 grad_mean=1.087e-03 error=-
[L-EM2] dynamic arm=applied groups=1024 passes=2 accepted_steps=32 accepted_groups=152258 changed=129007 rows=128 grad_mean=1.087e-03 error=-
[L-EM2] dynamic arm=applied groups=1024 passes=2 accepted_steps=32 accepted_groups=152258 changed=129007 rows=128 grad_mean=1.087e-03 error=-
[L-EM2] dynamic arm=applied groups=1024 passes=2 accepted_steps=32 accepted_groups=152258 changed=129007 rows=128 grad_mean=1.087e-03 error=-
[L-EM2] dynamic arm=applied groups=1024 passes=2 accepted_steps=32 accepted_groups=152258 changed=129007 rows=128 grad_mean=1.087e-03 error=-
[L-EM2] dynamic arm=applied groups=1024 passes=2 accepted_steps=32 accepted_groups=152258 changed=129007 rows=128 grad_mean=1.087e-03 error=-
[L-EM2] dynamic arm=applied groups=1024 passes=2 accepted_steps=32 accepted_groups=152258 changed=129007 rows=128 grad_mean=1.087e-03 error=-
[L-EM2] dynamic arm=applied groups=1024 passes=2 accepted_steps=32 accepted_groups=152258 changed=129007 rows=128 grad_mean=1.087e-03 error=-
[L-EM2] dynamic arm=applied groups=1024 passes=2 accepted_steps=32 accepted_groups=152258 changed=129007 rows=128 grad_mean=1.087e-03 error=-
[L-EM2] dynamic arm=applied groups=1024 passes=2 accepted_steps=32 accepted_groups=152258 changed=129007 rows=128 grad_mean=1.087e-03 error=-
[L-EM2] dynamic arm=applied groups=1024 passes=2 accepted_steps=32 accepted_groups=152258 changed=129007 rows=128 grad_mean=1.087e-03 error=-
[L-EM2] dynamic arm=applied groups=1024 passes=2 accepted_steps=32 accepted_groups=152258 changed=129007 rows=128 grad_mean=1.087e-03 error=-
[L-EM2] dynamic arm=applied groups=1024 passes=2 accepted_steps=32 accepted_groups=152258 changed=129007 rows=128 grad_mean=1.087e-03 error=-
[L-EM2] dynamic arm=applied groups=1024 passes=2 accepted_steps=32 accepted_groups=152258 changed=129007 rows=128 grad_mean=1.087e-03 error=-
[L-EM2] dynamic arm=applied groups=1024 passes=2 accepted_steps=32 accepted_groups=152258 changed=129007 rows=128 grad_mean=1.087e-03 error=-
[L-EM2] dynamic arm=applied groups=1024 passes=2 accepted_steps=32 accepted_groups=152258 changed=129007 rows=128 grad_mean=1.087e-03 error=-
[L-EM2] dynamic arm=applied groups=1024 passes=2 accepted_steps=32 accepted_groups=152258 changed=129007 rows=128 grad_mean=1.087e-03 error=-
[L-EM2] dynamic arm=applied groups=1024 passes=2 accepted_steps=32 accepted_groups=152258 changed=129007 rows=128 grad_mean=1.087e-03 error=-
[L-EM2] dynamic arm=applied groups=1024 passes=2 accepted_steps=32 accepted_groups=152258 changed=129007 rows=128 grad_mean=1.087e-03 error=-
[L-EM2] dynamic arm=applied groups=1024 passes=2 accepted_steps=32 accepted_groups=152258 changed=129007 rows=128 grad_mean=1.087e-03 error=-
[L-EM2] dynamic arm=applied groups=1024 passes=2 accepted_steps=32 accepted_groups=152258 changed=129007 rows=128 grad_mean=1.087e-03 error=-
[L-EM2] dynamic arm=applied groups=1024 passes=2 accepted_steps=32 accepted_groups=152258 changed=129007 rows=128 grad_mean=1.087e-03 error=-
[L-EM2] dynamic arm=applied groups=1024 passes=2 accepted_steps=32 accepted_groups=152258 changed=129007 rows=128 grad_mean=1.087e-03 error=-
[L-EM2] dynamic arm=applied groups=1024 passes=2 accepted_steps=32 accepted_groups=152258 changed=129007 rows=128 grad_mean=1.087e-03 error=-
[L-EM2] dynamic arm=applied groups=1024 passes=2 accepted_steps=32 accepted_groups=152258 changed=129007 rows=128 grad_mean=1.087e-03 error=-
[L-EM2] dynamic arm=applied groups=1024 passes=2 accepted_steps=32 accepted_groups=152258 changed=129007 rows=128 grad_mean=1.087e-03 error=-
[L-EM2] dynamic arm=applied groups=1024 passes=2 accepted_steps=32 accepted_groups=152258 changed=129007 rows=128 grad_mean=1.087e-03 error=-
[L-EM2] dynamic arm=applied groups=1024 passes=2 accepted_steps=32 accepted_groups=152258 changed=129007 rows=128 grad_mean=1.087e-03 error=-
[L-EM2] dynamic arm=applied groups=1024 passes=2 accepted_steps=32 accepted_groups=152258 changed=129007 rows=128 grad_mean=1.087e-03 error=-
[L-EM2] dynamic arm=applied groups=1024 passes=2 accepted_steps=32 accepted_groups=152258 changed=129007 rows=128 grad_mean=1.087e-03 error=-
[timing]       call layer0/o rows=128  parent  495.5641 ms  effect   +0.5869 ms (+0.118%)  null   +3.0933 ms  |effect|/|null|  0.19x  candidate faster in 16/31  null faster in 17/31
[L-EM2] dynamic arm=applied groups=1024 passes=2 accepted_steps=32 accepted_groups=611604 changed=518526 rows=512 grad_mean=1.093e-03 error=-
[L-EM2] dynamic arm=applied groups=1024 passes=2 accepted_steps=32 accepted_groups=611604 changed=518526 rows=512 grad_mean=1.093e-03 error=-
[L-EM2] dynamic arm=applied groups=1024 passes=2 accepted_steps=32 accepted_groups=611604 changed=518526 rows=512 grad_mean=1.093e-03 error=-
[L-EM2] dynamic arm=applied groups=1024 passes=2 accepted_steps=32 accepted_groups=611604 changed=518526 rows=512 grad_mean=1.093e-03 error=-
[L-EM2] dynamic arm=applied groups=1024 passes=2 accepted_steps=32 accepted_groups=611604 changed=518526 rows=512 grad_mean=1.093e-03 error=-
[L-EM2] dynamic arm=applied groups=1024 passes=2 accepted_steps=32 accepted_groups=611604 changed=518526 rows=512 grad_mean=1.093e-03 error=-
[L-EM2] dynamic arm=applied groups=1024 passes=2 accepted_steps=32 accepted_groups=611604 changed=518526 rows=512 grad_mean=1.093e-03 error=-
[L-EM2] dynamic arm=applied groups=1024 passes=2 accepted_steps=32 accepted_groups=611604 changed=518526 rows=512 grad_mean=1.093e-03 error=-
[L-EM2] dynamic arm=applied groups=1024 passes=2 accepted_steps=32 accepted_groups=611604 changed=518526 rows=512 grad_mean=1.093e-03 error=-
[L-EM2] dynamic arm=applied groups=1024 passes=2 accepted_steps=32 accepted_groups=611604 changed=518526 rows=512 grad_mean=1.093e-03 error=-
[L-EM2] dynamic arm=applied groups=1024 passes=2 accepted_steps=32 accepted_groups=611604 changed=518526 rows=512 grad_mean=1.093e-03 error=-
[L-EM2] dynamic arm=applied groups=1024 passes=2 accepted_steps=32 accepted_groups=611604 changed=518526 rows=512 grad_mean=1.093e-03 error=-
[L-EM2] dynamic arm=applied groups=1024 passes=2 accepted_steps=32 accepted_groups=611604 changed=518526 rows=512 grad_mean=1.093e-03 error=-
[L-EM2] dynamic arm=applied groups=1024 passes=2 accepted_steps=32 accepted_groups=611604 changed=518526 rows=512 grad_mean=1.093e-03 error=-
[L-EM2] dynamic arm=applied groups=1024 passes=2 accepted_steps=32 accepted_groups=611604 changed=518526 rows=512 grad_mean=1.093e-03 error=-
[L-EM2] dynamic arm=applied groups=1024 passes=2 accepted_steps=32 accepted_groups=611604 changed=518526 rows=512 grad_mean=1.093e-03 error=-
[L-EM2] dynamic arm=applied groups=1024 passes=2 accepted_steps=32 accepted_groups=611604 changed=518526 rows=512 grad_mean=1.093e-03 error=-
[L-EM2] dynamic arm=applied groups=1024 passes=2 accepted_steps=32 accepted_groups=611604 changed=518526 rows=512 grad_mean=1.093e-03 error=-
[L-EM2] dynamic arm=applied groups=1024 passes=2 accepted_steps=32 accepted_groups=611604 changed=518526 rows=512 grad_mean=1.093e-03 error=-
[L-EM2] dynamic arm=applied groups=1024 passes=2 accepted_steps=32 accepted_groups=611604 changed=518526 rows=512 grad_mean=1.093e-03 error=-
[L-EM2] dynamic arm=applied groups=1024 passes=2 accepted_steps=32 accepted_groups=611604 changed=518526 rows=512 grad_mean=1.093e-03 error=-
[L-EM2] dynamic arm=applied groups=1024 passes=2 accepted_steps=32 accepted_groups=611604 changed=518526 rows=512 grad_mean=1.093e-03 error=-
[L-EM2] dynamic arm=applied groups=1024 passes=2 accepted_steps=32 accepted_groups=611604 changed=518526 rows=512 grad_mean=1.093e-03 error=-
[L-EM2] dynamic arm=applied groups=1024 passes=2 accepted_steps=32 accepted_groups=611604 changed=518526 rows=512 grad_mean=1.093e-03 error=-
[L-EM2] dynamic arm=applied groups=1024 passes=2 accepted_steps=32 accepted_groups=611604 changed=518526 rows=512 grad_mean=1.093e-03 error=-
[L-EM2] dynamic arm=applied groups=1024 passes=2 accepted_steps=32 accepted_groups=611604 changed=518526 rows=512 grad_mean=1.093e-03 error=-
[L-EM2] dynamic arm=applied groups=1024 passes=2 accepted_steps=32 accepted_groups=611604 changed=518526 rows=512 grad_mean=1.093e-03 error=-
[L-EM2] dynamic arm=applied groups=1024 passes=2 accepted_steps=32 accepted_groups=611604 changed=518526 rows=512 grad_mean=1.093e-03 error=-
[L-EM2] dynamic arm=applied groups=1024 passes=2 accepted_steps=32 accepted_groups=611604 changed=518526 rows=512 grad_mean=1.093e-03 error=-
[L-EM2] dynamic arm=applied groups=1024 passes=2 accepted_steps=32 accepted_groups=611604 changed=518526 rows=512 grad_mean=1.093e-03 error=-
[L-EM2] dynamic arm=applied groups=1024 passes=2 accepted_steps=32 accepted_groups=611604 changed=518526 rows=512 grad_mean=1.093e-03 error=-
[L-EM2] dynamic arm=applied groups=1024 passes=2 accepted_steps=32 accepted_groups=611604 changed=518526 rows=512 grad_mean=1.093e-03 error=-
[L-EM2] dynamic arm=applied groups=1024 passes=2 accepted_steps=32 accepted_groups=611604 changed=518526 rows=512 grad_mean=1.093e-03 error=-
[L-EM2] dynamic arm=applied groups=1024 passes=2 accepted_steps=32 accepted_groups=611604 changed=518526 rows=512 grad_mean=1.093e-03 error=-
[L-EM2] dynamic arm=applied groups=1024 passes=2 accepted_steps=32 accepted_groups=611604 changed=518526 rows=512 grad_mean=1.093e-03 error=-
[L-EM2] dynamic arm=applied groups=1024 passes=2 accepted_steps=32 accepted_groups=611604 changed=518526 rows=512 grad_mean=1.093e-03 error=-
[L-EM2] dynamic arm=applied groups=1024 passes=2 accepted_steps=32 accepted_groups=611604 changed=518526 rows=512 grad_mean=1.093e-03 error=-
[L-EM2] dynamic arm=applied groups=1024 passes=2 accepted_steps=32 accepted_groups=611604 changed=518526 rows=512 grad_mean=1.093e-03 error=-
[L-EM2] dynamic arm=applied groups=1024 passes=2 accepted_steps=32 accepted_groups=611604 changed=518526 rows=512 grad_mean=1.093e-03 error=-
[L-EM2] dynamic arm=applied groups=1024 passes=2 accepted_steps=32 accepted_groups=611604 changed=518526 rows=512 grad_mean=1.093e-03 error=-
[L-EM2] dynamic arm=applied groups=1024 passes=2 accepted_steps=32 accepted_groups=611604 changed=518526 rows=512 grad_mean=1.093e-03 error=-
[L-EM2] dynamic arm=applied groups=1024 passes=2 accepted_steps=32 accepted_groups=611604 changed=518526 rows=512 grad_mean=1.093e-03 error=-
[L-EM2] dynamic arm=applied groups=1024 passes=2 accepted_steps=32 accepted_groups=611604 changed=518526 rows=512 grad_mean=1.093e-03 error=-
[L-EM2] dynamic arm=applied groups=1024 passes=2 accepted_steps=32 accepted_groups=611604 changed=518526 rows=512 grad_mean=1.093e-03 error=-
[L-EM2] dynamic arm=applied groups=1024 passes=2 accepted_steps=32 accepted_groups=611604 changed=518526 rows=512 grad_mean=1.093e-03 error=-
[L-EM2] dynamic arm=applied groups=1024 passes=2 accepted_steps=32 accepted_groups=611604 changed=518526 rows=512 grad_mean=1.093e-03 error=-
[L-EM2] dynamic arm=applied groups=1024 passes=2 accepted_steps=32 accepted_groups=611604 changed=518526 rows=512 grad_mean=1.093e-03 error=-
[L-EM2] dynamic arm=applied groups=1024 passes=2 accepted_steps=32 accepted_groups=611604 changed=518526 rows=512 grad_mean=1.093e-03 error=-
[L-EM2] dynamic arm=applied groups=1024 passes=2 accepted_steps=32 accepted_groups=611604 changed=518526 rows=512 grad_mean=1.093e-03 error=-
[L-EM2] dynamic arm=applied groups=1024 passes=2 accepted_steps=32 accepted_groups=611604 changed=518526 rows=512 grad_mean=1.093e-03 error=-
[L-EM2] dynamic arm=applied groups=1024 passes=2 accepted_steps=32 accepted_groups=611604 changed=518526 rows=512 grad_mean=1.093e-03 error=-
[L-EM2] dynamic arm=applied groups=1024 passes=2 accepted_steps=32 accepted_groups=611604 changed=518526 rows=512 grad_mean=1.093e-03 error=-
[L-EM2] dynamic arm=applied groups=1024 passes=2 accepted_steps=32 accepted_groups=611604 changed=518526 rows=512 grad_mean=1.093e-03 error=-
[L-EM2] dynamic arm=applied groups=1024 passes=2 accepted_steps=32 accepted_groups=611604 changed=518526 rows=512 grad_mean=1.093e-03 error=-
[L-EM2] dynamic arm=applied groups=1024 passes=2 accepted_steps=32 accepted_groups=611604 changed=518526 rows=512 grad_mean=1.093e-03 error=-
[L-EM2] dynamic arm=applied groups=1024 passes=2 accepted_steps=32 accepted_groups=611604 changed=518526 rows=512 grad_mean=1.093e-03 error=-
[L-EM2] dynamic arm=applied groups=1024 passes=2 accepted_steps=32 accepted_groups=611604 changed=518526 rows=512 grad_mean=1.093e-03 error=-
[L-EM2] dynamic arm=applied groups=1024 passes=2 accepted_steps=32 accepted_groups=611604 changed=518526 rows=512 grad_mean=1.093e-03 error=-
[L-EM2] dynamic arm=applied groups=1024 passes=2 accepted_steps=32 accepted_groups=611604 changed=518526 rows=512 grad_mean=1.093e-03 error=-
[L-EM2] dynamic arm=applied groups=1024 passes=2 accepted_steps=32 accepted_groups=611604 changed=518526 rows=512 grad_mean=1.093e-03 error=-
[L-EM2] dynamic arm=applied groups=1024 passes=2 accepted_steps=32 accepted_groups=611604 changed=518526 rows=512 grad_mean=1.093e-03 error=-
[L-EM2] dynamic arm=applied groups=1024 passes=2 accepted_steps=32 accepted_groups=611604 changed=518526 rows=512 grad_mean=1.093e-03 error=-
[L-EM2] dynamic arm=applied groups=1024 passes=2 accepted_steps=32 accepted_groups=611604 changed=518526 rows=512 grad_mean=1.093e-03 error=-
[L-EM2] dynamic arm=applied groups=1024 passes=2 accepted_steps=32 accepted_groups=611604 changed=518526 rows=512 grad_mean=1.093e-03 error=-
[L-EM2] dynamic arm=applied groups=1024 passes=2 accepted_steps=32 accepted_groups=611604 changed=518526 rows=512 grad_mean=1.093e-03 error=-
[L-EM2] dynamic arm=applied groups=1024 passes=2 accepted_steps=32 accepted_groups=611604 changed=518526 rows=512 grad_mean=1.093e-03 error=-
[L-EM2] dynamic arm=applied groups=1024 passes=2 accepted_steps=32 accepted_groups=611604 changed=518526 rows=512 grad_mean=1.093e-03 error=-
[L-EM2] dynamic arm=applied groups=1024 passes=2 accepted_steps=32 accepted_groups=611604 changed=518526 rows=512 grad_mean=1.093e-03 error=-
[L-EM2] dynamic arm=applied groups=1024 passes=2 accepted_steps=32 accepted_groups=611604 changed=518526 rows=512 grad_mean=1.093e-03 error=-
[L-EM2] dynamic arm=applied groups=1024 passes=2 accepted_steps=32 accepted_groups=611604 changed=518526 rows=512 grad_mean=1.093e-03 error=-
[L-EM2] dynamic arm=applied groups=1024 passes=2 accepted_steps=32 accepted_groups=611604 changed=518526 rows=512 grad_mean=1.093e-03 error=-
[L-EM2] dynamic arm=applied groups=1024 passes=2 accepted_steps=32 accepted_groups=611604 changed=518526 rows=512 grad_mean=1.093e-03 error=-
[L-EM2] dynamic arm=applied groups=1024 passes=2 accepted_steps=32 accepted_groups=611604 changed=518526 rows=512 grad_mean=1.093e-03 error=-
[L-EM2] dynamic arm=applied groups=1024 passes=2 accepted_steps=32 accepted_groups=611604 changed=518526 rows=512 grad_mean=1.093e-03 error=-
[L-EM2] dynamic arm=applied groups=1024 passes=2 accepted_steps=32 accepted_groups=611604 changed=518526 rows=512 grad_mean=1.093e-03 error=-
[L-EM2] dynamic arm=applied groups=1024 passes=2 accepted_steps=32 accepted_groups=611604 changed=518526 rows=512 grad_mean=1.093e-03 error=-
[L-EM2] dynamic arm=applied groups=1024 passes=2 accepted_steps=32 accepted_groups=611604 changed=518526 rows=512 grad_mean=1.093e-03 error=-
[L-EM2] dynamic arm=applied groups=1024 passes=2 accepted_steps=32 accepted_groups=611604 changed=518526 rows=512 grad_mean=1.093e-03 error=-
[L-EM2] dynamic arm=applied groups=1024 passes=2 accepted_steps=32 accepted_groups=611604 changed=518526 rows=512 grad_mean=1.093e-03 error=-
[L-EM2] dynamic arm=applied groups=1024 passes=2 accepted_steps=32 accepted_groups=611604 changed=518526 rows=512 grad_mean=1.093e-03 error=-
[L-EM2] dynamic arm=applied groups=1024 passes=2 accepted_steps=32 accepted_groups=611604 changed=518526 rows=512 grad_mean=1.093e-03 error=-
[L-EM2] dynamic arm=applied groups=1024 passes=2 accepted_steps=32 accepted_groups=611604 changed=518526 rows=512 grad_mean=1.093e-03 error=-
[L-EM2] dynamic arm=applied groups=1024 passes=2 accepted_steps=32 accepted_groups=611604 changed=518526 rows=512 grad_mean=1.093e-03 error=-
[L-EM2] dynamic arm=applied groups=1024 passes=2 accepted_steps=32 accepted_groups=611604 changed=518526 rows=512 grad_mean=1.093e-03 error=-
[L-EM2] dynamic arm=applied groups=1024 passes=2 accepted_steps=32 accepted_groups=611604 changed=518526 rows=512 grad_mean=1.093e-03 error=-
[L-EM2] dynamic arm=applied groups=1024 passes=2 accepted_steps=32 accepted_groups=611604 changed=518526 rows=512 grad_mean=1.093e-03 error=-
[L-EM2] dynamic arm=applied groups=1024 passes=2 accepted_steps=32 accepted_groups=611604 changed=518526 rows=512 grad_mean=1.093e-03 error=-
[L-EM2] dynamic arm=applied groups=1024 passes=2 accepted_steps=32 accepted_groups=611604 changed=518526 rows=512 grad_mean=1.093e-03 error=-
[L-EM2] dynamic arm=applied groups=1024 passes=2 accepted_steps=32 accepted_groups=611604 changed=518526 rows=512 grad_mean=1.093e-03 error=-
[L-EM2] dynamic arm=applied groups=1024 passes=2 accepted_steps=32 accepted_groups=611604 changed=518526 rows=512 grad_mean=1.093e-03 error=-
[L-EM2] dynamic arm=applied groups=1024 passes=2 accepted_steps=32 accepted_groups=611604 changed=518526 rows=512 grad_mean=1.093e-03 error=-
[L-EM2] dynamic arm=applied groups=1024 passes=2 accepted_steps=32 accepted_groups=611604 changed=518526 rows=512 grad_mean=1.093e-03 error=-
[L-EM2] dynamic arm=applied groups=1024 passes=2 accepted_steps=32 accepted_groups=611604 changed=518526 rows=512 grad_mean=1.093e-03 error=-
[L-EM2] dynamic arm=applied groups=1024 passes=2 accepted_steps=32 accepted_groups=611604 changed=518526 rows=512 grad_mean=1.093e-03 error=-
[L-EM2] dynamic arm=applied groups=1024 passes=2 accepted_steps=32 accepted_groups=611604 changed=518526 rows=512 grad_mean=1.093e-03 error=-
[L-EM2] dynamic arm=applied groups=1024 passes=2 accepted_steps=32 accepted_groups=611604 changed=518526 rows=512 grad_mean=1.093e-03 error=-
[L-EM2] dynamic arm=applied groups=1024 passes=2 accepted_steps=32 accepted_groups=611604 changed=518526 rows=512 grad_mean=1.093e-03 error=-
[L-EM2] dynamic arm=applied groups=1024 passes=2 accepted_steps=32 accepted_groups=611604 changed=518526 rows=512 grad_mean=1.093e-03 error=-
[L-EM2] dynamic arm=applied groups=1024 passes=2 accepted_steps=32 accepted_groups=611604 changed=518526 rows=512 grad_mean=1.093e-03 error=-
[L-EM2] dynamic arm=applied groups=1024 passes=2 accepted_steps=32 accepted_groups=611604 changed=518526 rows=512 grad_mean=1.093e-03 error=-
[L-EM2] dynamic arm=applied groups=1024 passes=2 accepted_steps=32 accepted_groups=611604 changed=518526 rows=512 grad_mean=1.093e-03 error=-
[L-EM2] dynamic arm=applied groups=1024 passes=2 accepted_steps=32 accepted_groups=611604 changed=518526 rows=512 grad_mean=1.093e-03 error=-
[timing]       call layer0/o rows=512  parent  557.1334 ms  effect   -0.7777 ms (-0.140%)  null   -0.8999 ms  |effect|/|null|  0.86x  candidate faster in 15/31  null faster in 15/31

wrote D:\工作内容\AI竞赛\workbench\full_solution\linear-ad1-adaround-materialization\timing.json
