[L-EM2] dynamic arm=applied groups=640 passes=1 accepted_steps=16 accepted_groups=40173 changed=40173 rows=128 grad_mean=3.684e-02 error=-
[L-EM2] dynamic arm=applied groups=640 passes=1 accepted_steps=16 accepted_groups=40173 changed=40173 rows=128 grad_mean=3.684e-02 error=-
[L-EM2] dynamic arm=applied groups=640 passes=1 accepted_steps=16 accepted_groups=40173 changed=40173 rows=128 grad_mean=3.684e-02 error=-
[L-EM2] dynamic arm=applied groups=640 passes=1 accepted_steps=16 accepted_groups=40173 changed=40173 rows=128 grad_mean=3.684e-02 error=-
[L-EM2] dynamic arm=applied groups=640 passes=1 accepted_steps=16 accepted_groups=40173 changed=40173 rows=128 grad_mean=3.684e-02 error=-
[L-EM2] dynamic arm=applied groups=640 passes=1 accepted_steps=16 accepted_groups=40173 changed=40173 rows=128 grad_mean=3.684e-02 error=-
[L-EM2] dynamic arm=applied groups=640 passes=1 accepted_steps=16 accepted_groups=40173 changed=40173 rows=128 grad_mean=3.684e-02 error=-
[L-EM2] dynamic arm=applied groups=640 passes=1 accepted_steps=16 accepted_groups=40173 changed=40173 rows=128 grad_mean=3.684e-02 error=-
[L-EM2] dynamic arm=applied groups=640 passes=1 accepted_steps=16 accepted_groups=40173 changed=40173 rows=128 grad_mean=3.684e-02 error=-
[L-EM2] dynamic arm=applied groups=640 passes=1 accepted_steps=16 accepted_groups=40173 changed=40173 rows=128 grad_mean=3.684e-02 error=-
[L-EM2] dynamic arm=applied groups=640 passes=1 accepted_steps=16 accepted_groups=40173 changed=40173 rows=128 grad_mean=3.684e-02 error=-
[L-EM2] dynamic arm=applied groups=640 passes=1 accepted_steps=16 accepted_groups=40173 changed=40173 rows=128 grad_mean=3.684e-02 error=-
[L-EM2] dynamic arm=applied groups=640 passes=1 accepted_steps=16 accepted_groups=40173 changed=40173 rows=128 grad_mean=3.684e-02 error=-
[L-EM2] dynamic arm=applied groups=640 passes=1 accepted_steps=16 accepted_groups=40173 changed=40173 rows=128 grad_mean=3.684e-02 error=-
[L-EM2] dynamic arm=applied groups=640 passes=1 accepted_steps=16 accepted_groups=40173 changed=40173 rows=128 grad_mean=3.684e-02 error=-
[L-EM2] dynamic arm=applied groups=640 passes=1 accepted_steps=16 accepted_groups=40173 changed=40173 rows=128 grad_mean=3.684e-02 error=-
[L-EM2] dynamic arm=applied groups=640 passes=1 accepted_steps=16 accepted_groups=40173 changed=40173 rows=128 grad_mean=3.684e-02 error=-
[L-EM2] dynamic arm=applied groups=640 passes=1 accepted_steps=16 accepted_groups=40173 changed=40173 rows=128 grad_mean=3.684e-02 error=-

=== layer0/q  rows=128  channels=2560  gram=True ===
  encoder  40 calls/round,  510.006 ms/round =  12.750 ms/call
    wall  511.454 ms   thread  484.375 ms (95% of wall)
    solve batched (ndim 5)      40 calls/round    3.360 ms/call  ( 26.4% of encoder)
    solve edge   (ndim 4)       69 calls/round    4.602 ms/call  ( 36.1% of encoder)
    adaround_mantissa          367 calls/round    6.525 ms/call  ( 51.2% of encoder)
    rest                     -1.736 ms/call  (-13.6% of encoder)
    torch-module calls/round: 4052 (101 per encoder call; method-form excluded)
[L-EM2] dynamic arm=applied groups=640 passes=1 accepted_steps=16 accepted_groups=160815 changed=160815 rows=512 grad_mean=3.683e-02 error=-
[L-EM2] dynamic arm=applied groups=640 passes=1 accepted_steps=16 accepted_groups=160815 changed=160815 rows=512 grad_mean=3.683e-02 error=-
[L-EM2] dynamic arm=applied groups=640 passes=1 accepted_steps=16 accepted_groups=160815 changed=160815 rows=512 grad_mean=3.683e-02 error=-
[L-EM2] dynamic arm=applied groups=640 passes=1 accepted_steps=16 accepted_groups=160815 changed=160815 rows=512 grad_mean=3.683e-02 error=-
[L-EM2] dynamic arm=applied groups=640 passes=1 accepted_steps=16 accepted_groups=160815 changed=160815 rows=512 grad_mean=3.683e-02 error=-
[L-EM2] dynamic arm=applied groups=640 passes=1 accepted_steps=16 accepted_groups=160815 changed=160815 rows=512 grad_mean=3.683e-02 error=-
[L-EM2] dynamic arm=applied groups=640 passes=1 accepted_steps=16 accepted_groups=160815 changed=160815 rows=512 grad_mean=3.683e-02 error=-
[L-EM2] dynamic arm=applied groups=640 passes=1 accepted_steps=16 accepted_groups=160815 changed=160815 rows=512 grad_mean=3.683e-02 error=-
[L-EM2] dynamic arm=applied groups=640 passes=1 accepted_steps=16 accepted_groups=160815 changed=160815 rows=512 grad_mean=3.683e-02 error=-
[L-EM2] dynamic arm=applied groups=640 passes=1 accepted_steps=16 accepted_groups=160815 changed=160815 rows=512 grad_mean=3.683e-02 error=-
[L-EM2] dynamic arm=applied groups=640 passes=1 accepted_steps=16 accepted_groups=160815 changed=160815 rows=512 grad_mean=3.683e-02 error=-
[L-EM2] dynamic arm=applied groups=640 passes=1 accepted_steps=16 accepted_groups=160815 changed=160815 rows=512 grad_mean=3.683e-02 error=-
[L-EM2] dynamic arm=applied groups=640 passes=1 accepted_steps=16 accepted_groups=160815 changed=160815 rows=512 grad_mean=3.683e-02 error=-
[L-EM2] dynamic arm=applied groups=640 passes=1 accepted_steps=16 accepted_groups=160815 changed=160815 rows=512 grad_mean=3.683e-02 error=-
[L-EM2] dynamic arm=applied groups=640 passes=1 accepted_steps=16 accepted_groups=160815 changed=160815 rows=512 grad_mean=3.683e-02 error=-
[L-EM2] dynamic arm=applied groups=640 passes=1 accepted_steps=16 accepted_groups=160815 changed=160815 rows=512 grad_mean=3.683e-02 error=-
[L-EM2] dynamic arm=applied groups=640 passes=1 accepted_steps=16 accepted_groups=160815 changed=160815 rows=512 grad_mean=3.683e-02 error=-
[L-EM2] dynamic arm=applied groups=640 passes=1 accepted_steps=16 accepted_groups=160815 changed=160815 rows=512 grad_mean=3.683e-02 error=-

=== layer0/q  rows=512  channels=2560  gram=True ===
  encoder  40 calls/round,  836.421 ms/round =  20.911 ms/call
    wall  837.650 ms   thread  812.500 ms (97% of wall)
    solve batched (ndim 5)      40 calls/round   11.124 ms/call  ( 53.2% of encoder)
    solve edge   (ndim 4)       70 calls/round    4.636 ms/call  ( 22.2% of encoder)
    adaround_mantissa          370 calls/round   14.315 ms/call  ( 68.5% of encoder)
    rest                     -9.164 ms/call  (-43.8% of encoder)
    torch-module calls/round: 4120 (103 per encoder call; method-form excluded)
[L-EM2] dynamic arm=applied groups=1024 passes=1 accepted_steps=16 accepted_groups=87301 changed=87301 rows=128 grad_mean=1.273e-03 error=-
[L-EM2] dynamic arm=applied groups=1024 passes=1 accepted_steps=16 accepted_groups=87301 changed=87301 rows=128 grad_mean=1.273e-03 error=-
[L-EM2] dynamic arm=applied groups=1024 passes=1 accepted_steps=16 accepted_groups=87301 changed=87301 rows=128 grad_mean=1.273e-03 error=-
[L-EM2] dynamic arm=applied groups=1024 passes=1 accepted_steps=16 accepted_groups=87301 changed=87301 rows=128 grad_mean=1.273e-03 error=-
[L-EM2] dynamic arm=applied groups=1024 passes=1 accepted_steps=16 accepted_groups=87301 changed=87301 rows=128 grad_mean=1.273e-03 error=-
[L-EM2] dynamic arm=applied groups=1024 passes=1 accepted_steps=16 accepted_groups=87301 changed=87301 rows=128 grad_mean=1.273e-03 error=-
[L-EM2] dynamic arm=applied groups=1024 passes=1 accepted_steps=16 accepted_groups=87301 changed=87301 rows=128 grad_mean=1.273e-03 error=-
[L-EM2] dynamic arm=applied groups=1024 passes=1 accepted_steps=16 accepted_groups=87301 changed=87301 rows=128 grad_mean=1.273e-03 error=-
[L-EM2] dynamic arm=applied groups=1024 passes=1 accepted_steps=16 accepted_groups=87301 changed=87301 rows=128 grad_mean=1.273e-03 error=-
[L-EM2] dynamic arm=applied groups=1024 passes=1 accepted_steps=16 accepted_groups=87301 changed=87301 rows=128 grad_mean=1.273e-03 error=-
[L-EM2] dynamic arm=applied groups=1024 passes=1 accepted_steps=16 accepted_groups=87301 changed=87301 rows=128 grad_mean=1.273e-03 error=-
[L-EM2] dynamic arm=applied groups=1024 passes=1 accepted_steps=16 accepted_groups=87301 changed=87301 rows=128 grad_mean=1.273e-03 error=-
[L-EM2] dynamic arm=applied groups=1024 passes=1 accepted_steps=16 accepted_groups=87301 changed=87301 rows=128 grad_mean=1.273e-03 error=-
[L-EM2] dynamic arm=applied groups=1024 passes=1 accepted_steps=16 accepted_groups=87301 changed=87301 rows=128 grad_mean=1.273e-03 error=-
[L-EM2] dynamic arm=applied groups=1024 passes=1 accepted_steps=16 accepted_groups=87301 changed=87301 rows=128 grad_mean=1.273e-03 error=-
[L-EM2] dynamic arm=applied groups=1024 passes=1 accepted_steps=16 accepted_groups=87301 changed=87301 rows=128 grad_mean=1.273e-03 error=-
[L-EM2] dynamic arm=applied groups=1024 passes=1 accepted_steps=16 accepted_groups=87301 changed=87301 rows=128 grad_mean=1.273e-03 error=-
[L-EM2] dynamic arm=applied groups=1024 passes=1 accepted_steps=16 accepted_groups=87301 changed=87301 rows=128 grad_mean=1.273e-03 error=-

=== layer0/o  rows=128  channels=4096  gram=False ===
  encoder  64 calls/round,  381.208 ms/round =   5.956 ms/call
    wall  383.301 ms   thread  375.000 ms (98% of wall)
    solve batched (ndim 5)      64 calls/round    0.869 ms/call  ( 14.6% of encoder)
    solve edge   (ndim 4)       98 calls/round    1.253 ms/call  ( 21.0% of encoder)
    adaround_mantissa            0 calls/round    0.000 ms/call  (  0.0% of encoder)
    rest                      3.834 ms/call  ( 64.4% of encoder)
    torch-module calls/round: 2900 (45 per encoder call; method-form excluded)
[L-EM2] dynamic arm=applied groups=1024 passes=1 accepted_steps=16 accepted_groups=350474 changed=350474 rows=512 grad_mean=1.273e-03 error=-
[L-EM2] dynamic arm=applied groups=1024 passes=1 accepted_steps=16 accepted_groups=350474 changed=350474 rows=512 grad_mean=1.273e-03 error=-
[L-EM2] dynamic arm=applied groups=1024 passes=1 accepted_steps=16 accepted_groups=350474 changed=350474 rows=512 grad_mean=1.273e-03 error=-
[L-EM2] dynamic arm=applied groups=1024 passes=1 accepted_steps=16 accepted_groups=350474 changed=350474 rows=512 grad_mean=1.273e-03 error=-
[L-EM2] dynamic arm=applied groups=1024 passes=1 accepted_steps=16 accepted_groups=350474 changed=350474 rows=512 grad_mean=1.273e-03 error=-
[L-EM2] dynamic arm=applied groups=1024 passes=1 accepted_steps=16 accepted_groups=350474 changed=350474 rows=512 grad_mean=1.273e-03 error=-
[L-EM2] dynamic arm=applied groups=1024 passes=1 accepted_steps=16 accepted_groups=350474 changed=350474 rows=512 grad_mean=1.273e-03 error=-
[L-EM2] dynamic arm=applied groups=1024 passes=1 accepted_steps=16 accepted_groups=350474 changed=350474 rows=512 grad_mean=1.273e-03 error=-
[L-EM2] dynamic arm=applied groups=1024 passes=1 accepted_steps=16 accepted_groups=350474 changed=350474 rows=512 grad_mean=1.273e-03 error=-
[L-EM2] dynamic arm=applied groups=1024 passes=1 accepted_steps=16 accepted_groups=350474 changed=350474 rows=512 grad_mean=1.273e-03 error=-
[L-EM2] dynamic arm=applied groups=1024 passes=1 accepted_steps=16 accepted_groups=350474 changed=350474 rows=512 grad_mean=1.273e-03 error=-
[L-EM2] dynamic arm=applied groups=1024 passes=1 accepted_steps=16 accepted_groups=350474 changed=350474 rows=512 grad_mean=1.273e-03 error=-
[L-EM2] dynamic arm=applied groups=1024 passes=1 accepted_steps=16 accepted_groups=350474 changed=350474 rows=512 grad_mean=1.273e-03 error=-
[L-EM2] dynamic arm=applied groups=1024 passes=1 accepted_steps=16 accepted_groups=350474 changed=350474 rows=512 grad_mean=1.273e-03 error=-
[L-EM2] dynamic arm=applied groups=1024 passes=1 accepted_steps=16 accepted_groups=350474 changed=350474 rows=512 grad_mean=1.273e-03 error=-
[L-EM2] dynamic arm=applied groups=1024 passes=1 accepted_steps=16 accepted_groups=350474 changed=350474 rows=512 grad_mean=1.273e-03 error=-
[L-EM2] dynamic arm=applied groups=1024 passes=1 accepted_steps=16 accepted_groups=350474 changed=350474 rows=512 grad_mean=1.273e-03 error=-
[L-EM2] dynamic arm=applied groups=1024 passes=1 accepted_steps=16 accepted_groups=350474 changed=350474 rows=512 grad_mean=1.273e-03 error=-

=== layer0/o  rows=512  channels=4096  gram=False ===
  encoder  64 calls/round,  389.574 ms/round =   6.087 ms/call
    wall  391.642 ms   thread  390.625 ms (100% of wall)
    solve batched (ndim 5)      64 calls/round    0.886 ms/call  ( 14.6% of encoder)
    solve edge   (ndim 4)       98 calls/round    1.290 ms/call  ( 21.2% of encoder)
    adaround_mantissa            0 calls/round    0.000 ms/call  (  0.0% of encoder)
    rest                      3.911 ms/call  ( 64.2% of encoder)
    torch-module calls/round: 2900 (45 per encoder call; method-form excluded)

wrote D:\工作内容\AI竞赛\workbench\full_solution\linear-parent-path-split\encoder_probe.json
